Archive member included to satisfy reference by file (symbol)

app/libapp.a(main.c.obj)      (--whole-archive)
app/libapp.a(bq.c.obj)        (--whole-archive)
app/libapp.a(i2c_nrf.c.obj)   (--whole-archive)
app/libapp.a(wallnet_rfid.c.obj)
                              (--whole-archive)
zephyr/libzephyr.a(validate_libc.c.obj)
                              (--whole-archive)
zephyr/libzephyr.a(heap.c.obj)
                              (--whole-archive)
zephyr/libzephyr.a(cbprintf_packaged.c.obj)
                              (--whole-archive)
zephyr/libzephyr.a(clock.c.obj)
                              (--whole-archive)
zephyr/libzephyr.a(printk.c.obj)
                              (--whole-archive)
zephyr/libzephyr.a(sem.c.obj)
                              (--whole-archive)
zephyr/libzephyr.a(thread_entry.c.obj)
                              (--whole-archive)
zephyr/libzephyr.a(cbprintf_complete.c.obj)
                              (--whole-archive)
zephyr/libzephyr.a(assert.c.obj)
                              (--whole-archive)
zephyr/libzephyr.a(mpsc_pbuf.c.obj)
                              (--whole-archive)
zephyr/libzephyr.a(dec.c.obj)
                              (--whole-archive)
zephyr/libzephyr.a(hex.c.obj)
                              (--whole-archive)
zephyr/libzephyr.a(rb.c.obj)  (--whole-archive)
zephyr/libzephyr.a(timeutil.c.obj)
                              (--whole-archive)
zephyr/libzephyr.a(bitarray.c.obj)
                              (--whole-archive)
zephyr/libzephyr.a(bitmask.c.obj)
                              (--whole-archive)
zephyr/libzephyr.a(getopt.c.obj)
                              (--whole-archive)
zephyr/libzephyr.a(getopt_common.c.obj)
                              (--whole-archive)
zephyr/libzephyr.a(onoff.c.obj)
                              (--whole-archive)
zephyr/libzephyr.a(notify.c.obj)
                              (--whole-archive)
zephyr/libzephyr.a(ring_buffer.c.obj)
                              (--whole-archive)
zephyr/libzephyr.a(last_section_id.c.obj)
                              (--whole-archive)
zephyr/libzephyr.a(configs.c.obj)
                              (--whole-archive)
zephyr/libzephyr.a(thread_info.c.obj)
                              (--whole-archive)
zephyr/libzephyr.a(log_core.c.obj)
                              (--whole-archive)
zephyr/libzephyr.a(log_mgmt.c.obj)
                              (--whole-archive)
zephyr/libzephyr.a(log_cache.c.obj)
                              (--whole-archive)
zephyr/libzephyr.a(log_msg.c.obj)
                              (--whole-archive)
zephyr/libzephyr.a(log_output.c.obj)
                              (--whole-archive)
zephyr/libzephyr.a(log_backend_rtt.c.obj)
                              (--whole-archive)
zephyr/libzephyr.a(log_backend_uart.c.obj)
                              (--whole-archive)
zephyr/libzephyr.a(mem_attr.c.obj)
                              (--whole-archive)
zephyr/libzephyr.a(tracing_none.c.obj)
                              (--whole-archive)
zephyr/libzephyr.a(banner.c.obj)
                              (--whole-archive)
zephyr/libzephyr.a(flash_map_partition_manager.c.obj)
                              (--whole-archive)
zephyr/arch/common/libarch__common.a(sw_isr_common.c.obj)
                              (--whole-archive)
zephyr/arch/common/libarch__common.a(init.c.obj)
                              (--whole-archive)
zephyr/arch/common/libarch__common.a(xip.c.obj)
                              (--whole-archive)
zephyr/arch/arch/arm/core/libarch__arm__core.a(fatal.c.obj)
                              (--whole-archive)
zephyr/arch/arch/arm/core/libarch__arm__core.a(nmi.c.obj)
                              (--whole-archive)
zephyr/arch/arch/arm/core/libarch__arm__core.a(nmi_on_reset.S.obj)
                              (--whole-archive)
zephyr/arch/arch/arm/core/libarch__arm__core.a(tls.c.obj)
                              (--whole-archive)
zephyr/arch/arch/arm/core/cortex_m/libarch__arm__core__cortex_m.a(exc_exit.c.obj)
                              (--whole-archive)
zephyr/arch/arch/arm/core/cortex_m/libarch__arm__core__cortex_m.a(fault.c.obj)
                              (--whole-archive)
zephyr/arch/arch/arm/core/cortex_m/libarch__arm__core__cortex_m.a(fault_s.S.obj)
                              (--whole-archive)
zephyr/arch/arch/arm/core/cortex_m/libarch__arm__core__cortex_m.a(fpu.c.obj)
                              (--whole-archive)
zephyr/arch/arch/arm/core/cortex_m/libarch__arm__core__cortex_m.a(reset.S.obj)
                              (--whole-archive)
zephyr/arch/arch/arm/core/cortex_m/libarch__arm__core__cortex_m.a(scb.c.obj)
                              (--whole-archive)
zephyr/arch/arch/arm/core/cortex_m/libarch__arm__core__cortex_m.a(thread_abort.c.obj)
                              (--whole-archive)
zephyr/arch/arch/arm/core/cortex_m/libarch__arm__core__cortex_m.a(vector_table.S.obj)
                              (--whole-archive)
[...]
Memory Configuration

Name             Origin             Length             Attributes
FLASH            0x0000000000000000 0x0000000000080000 xr
RAM              0x0000000020000000 0x0000000000010000 xw
IDT_LIST         0x00000000ffff7fff 0x0000000000008000 xw
*default*        0x0000000000000000 0xffffffffffffffff

Linker script and memory map

                0x0000000000009138                vfprintf = __d_vfprintf
                0x0000000000000000                vfscanf = __d_vfscanf
LOAD zephyr/CMakeFiles/zephyr_pre0.dir/misc/empty_file.c.obj
LOAD zephyr/CMakeFiles/offsets.dir/./arch/arm/core/offsets/offsets.c.obj
LOAD app/libapp.a
LOAD zephyr/libzephyr.a
LOAD zephyr/arch/common/libarch__common.a
LOAD zephyr/arch/arch/arm/core/libarch__arm__core.a
LOAD zephyr/arch/arch/arm/core/cortex_m/libarch__arm__core__cortex_m.a
LOAD zephyr/arch/arch/arm/core/mpu/libarch__arm__core__mpu.a
LOAD zephyr/lib/libc/picolibc/liblib__libc__picolibc.a
LOAD zephyr/lib/libc/common/liblib__libc__common.a
LOAD zephyr/lib/posix/c_lib_ext/liblib__posix__c_lib_ext.a
LOAD zephyr/soc/soc/nrf52832/libsoc__nordic.a
LOAD zephyr/drivers/clock_control/libdrivers__clock_control.a
LOAD zephyr/drivers/console/libdrivers__console.a
LOAD zephyr/drivers/gpio/libdrivers__gpio.a
LOAD zephyr/drivers/i2c/libdrivers__i2c.a
LOAD zephyr/drivers/pinctrl/libdrivers__pinctrl.a
LOAD zephyr/drivers/serial/libdrivers__serial.a
LOAD zephyr/drivers/timer/libdrivers__timer.a
LOAD modules/hal_nordic/modules/hal_nordic/nrfx/libnrfx.a
LOAD modules/segger/libmodules__segger.a
LOAD zephyr/kernel/libkernel.a
LOAD zephyr/arch/common/libisr_tables.a
LOAD /opt/nordic/ncs/toolchains/0c0f19d91c/opt/zephyr-sdk/arm-zephyr-eabi/bin/../lib/gcc/../../picolibc/arm-zephyr-eabi/lib/thumb/v7e-m/nofp/libc.a
LOAD /opt/nordic/ncs/toolchains/0c0f19d91c/opt/zephyr-sdk/arm-zephyr-eabi/bin/../lib/gcc/arm-zephyr-eabi/12.2.0/thumb/v7e-m/nofp/libgcc.a
                0x0000000000000020                _region_min_align = 0x20

.rel.plt        0x0000000000000000        0x0
 *(SORT_BY_ALIGNMENT(.rel.plt))
                [!provide]                        PROVIDE (__rel_iplt_start = .)
 *(SORT_BY_ALIGNMENT(.rel.iplt))
 .rel.iplt      0x0000000000000000        0x0 app/libapp.a(main.c.obj)
                [!provide]                        PROVIDE (__rel_iplt_end = .)

.rela.plt       0x0000000000000000        0x0
 *(SORT_BY_ALIGNMENT(.rela.plt))
                [!provide]                        PROVIDE (__rela_iplt_start = .)
 *(SORT_BY_ALIGNMENT(.rela.iplt))
                [!provide]                        PROVIDE (__rela_iplt_end = .)

.rel.dyn
 *(SORT_BY_ALIGNMENT(.rel.*))

.rela.dyn
 *(SORT_BY_ALIGNMENT(.rela.*))

/DISCARD/
 *(SORT_BY_ALIGNMENT(.plt))

/DISCARD/
 *(SORT_BY_ALIGNMENT(.iplt))
                0x0000000000000000                __rom_region_start = 0x0

rom_start       0x0000000000000000       0xdc
                0x0000000000000000                __rom_start_address = .
 FILL mask 0x00
                0x0000000000000000                . = (. + (0x0 - (. - __rom_start_address)))
                0x0000000000000000                . = ALIGN (0x4)
                0x0000000000000000                . = ALIGN (0x80)
                0x0000000000000000                . = ALIGN (0x100)
                0x0000000000000000                _vector_start = .
 *(SORT_BY_ALIGNMENT(.exc_vector_table))
 *(SORT_BY_ALIGNMENT(.exc_vector_table.*))
 .exc_vector_table._vector_table_section
                0x0000000000000000       0x40 zephyr/arch/arch/arm/core/cortex_m/libarch__arm__core__cortex_m.a(vector_table.S.obj)
                0x0000000000000000                _vector_table
 *(SORT_BY_ALIGNMENT(.vectors))
                0x00000000000000dc                _vector_end = .
                0x0000000000000040                . = ALIGN (0x4)
 *(SORT_BY_ALIGNMENT(.gnu.linkonce.irq_vector_table*))
 .gnu.linkonce.irq_vector_table
                0x0000000000000040       0x9c zephyr/arch/common/libisr_tables.a(isr_tables.c.obj)
                0x0000000000000040                _irq_vector_table
                0x00000000000000dc                _vector_end = .

text            0x00000000000000dc     0xb9a8
                0x00000000000000dc                __text_region_start = .
 *(SORT_BY_ALIGNMENT(.text))
 .text          0x00000000000000dc       0x30 /opt/nordic/ncs/toolchains/0c0f19d91c/opt/zephyr-sdk/arm-zephyr-eabi/bin/../lib/gcc/arm-zephyr-eabi/12.2.0/thumb/v7e-m/nofp/libgcc.a(_aeabi_uldivmod.o)
                0x00000000000000dc                __aeabi_uldivmod
 .text          0x000000000000010c        0x4 /opt/nordic/ncs/toolchains/0c0f19d91c/opt/zephyr-sdk/arm-zephyr-eabi/bin/../lib/gcc/arm-zephyr-eabi/12.2.0/thumb/v7e-m/nofp/libgcc.a(_dvmd_tls.o)
                0x000000000000010c                __aeabi_ldiv0
                0x000000000000010c                __aeabi_idiv0
 .text          0x0000000000000110       0x10 /opt/nordic/ncs/toolchains/0c0f19d91c/opt/zephyr-sdk/arm-zephyr-eabi/bin/../lib/gcc/../../picolibc/arm-zephyr-eabi/lib/thumb/v7e-m/nofp/libc.a(strlen.S.o)
                0x0000000000000110                strlen
 .text          0x0000000000000120      0x2a0 /opt/nordic/ncs/toolchains/0c0f19d91c/opt/zephyr-sdk/arm-zephyr-eabi/bin/../lib/gcc/arm-zephyr-eabi/12.2.0/thumb/v7e-m/nofp/libgcc.a(_udivmoddi4.o)
                0x0000000000000120                __udivmoddi4
 *(SORT_BY_ALIGNMENT(.text.*))
 .text.main     0x00000000000003c0       0x5c app/libapp.a(main.c.obj)
                0x00000000000003c0                main
 .text.BQ_status
                0x000000000000041c       0x3c app/libapp.a(bq.c.obj)
                0x000000000000041c                BQ_status
 .text.sys_heap_init
                0x0000000000000458      0x13c zephyr/libzephyr.a(heap.c.obj)
                0x0000000000000458                sys_heap_init
 .text.cbvprintf_package
                0x0000000000000594      0x438 zephyr/libzephyr.a(cbprintf_packaged.c.obj)
                0x0000000000000594                cbvprintf_package
 .text.cbprintf_package_convert
                0x00000000000009cc      0x474 zephyr/libzephyr.a(cbprintf_packaged.c.obj)
                0x00000000000009cc                cbprintf_package_convert
 .text.__printk_hook_install
                0x0000000000000e40        0xc zephyr/libzephyr.a(printk.c.obj)
                0x0000000000000e40                __printk_hook_install
 .text.z_thread_entry
                0x0000000000000e4c       0x6c zephyr/libzephyr.a(thread_entry.c.obj)
                0x0000000000000e4c                z_thread_entry
 .text.mpsc_pbuf_init
                0x0000000000000eb8       0x64 zephyr/libzephyr.a(mpsc_pbuf.c.obj)
                0x0000000000000eb8                mpsc_pbuf_init
 .text.mpsc_pbuf_alloc
                0x0000000000000f1c      0x188 zephyr/libzephyr.a(mpsc_pbuf.c.obj)
                0x0000000000000f1c                mpsc_pbuf_alloc
 .text.mpsc_pbuf_commit
                0x00000000000010a4       0xb0 zephyr/libzephyr.a(mpsc_pbuf.c.obj)
                0x00000000000010a4                mpsc_pbuf_commit
 .text.mpsc_pbuf_claim
                0x0000000000001154      0x128 zephyr/libzephyr.a(mpsc_pbuf.c.obj)
                0x0000000000001154                mpsc_pbuf_claim
 .text.mpsc_pbuf_free
                0x000000000000127c       0xe4 zephyr/libzephyr.a(mpsc_pbuf.c.obj)
                0x000000000000127c                mpsc_pbuf_free
 .text.mpsc_pbuf_is_pending
                0x0000000000001360       0xa4 zephyr/libzephyr.a(mpsc_pbuf.c.obj)
                0x0000000000001360                mpsc_pbuf_is_pending
 .text.process_event
                0x0000000000001404      0x3ac zephyr/libzephyr.a(onoff.c.obj)
 .text.transition_complete
                0x00000000000017b0       0x64 zephyr/libzephyr.a(onoff.c.obj)
 .text.onoff_request
                0x0000000000001814      0x130 zephyr/libzephyr.a(onoff.c.obj)
                0x0000000000001814                onoff_request
 .text.sys_notify_finalize
                0x0000000000001944       0x40 zephyr/libzephyr.a(notify.c.obj)
                0x0000000000001944                sys_notify_finalize
 .text.enable_logger
                0x0000000000001984       0x5c zephyr/libzephyr.a(log_core.c.obj)
 .text.activate_foreach_backend
                0x00000000000019e0       0x64 zephyr/libzephyr.a(log_core.c.obj)
 .text.z_log_init
                0x0000000000001a44       0xe4 zephyr/libzephyr.a(log_core.c.obj)
 .text.log_process_thread_timer_expiry_fn
                0x0000000000001b28        0xc zephyr/libzephyr.a(log_core.c.obj)
 .text.log_format_func_t_get
                0x0000000000001b34        0xc zephyr/libzephyr.a(log_core.c.obj)
                0x0000000000001b34                log_format_func_t_get
 .text.log_set_timestamp_func
                0x0000000000001b40       0x20 zephyr/libzephyr.a(log_core.c.obj)
                0x0000000000001b40                log_set_timestamp_func
 .text.z_log_notify_backend_enabled
                0x0000000000001b60       0x1c zephyr/libzephyr.a(log_core.c.obj)
                0x0000000000001b60                z_log_notify_backend_enabled
 .text.z_log_dropped
                0x0000000000001b7c       0x44 zephyr/libzephyr.a(log_core.c.obj)
                0x0000000000001b7c                z_log_dropped
 .text.z_log_dropped_read_and_clear
                0x0000000000001bc0       0x20 zephyr/libzephyr.a(log_core.c.obj)
                0x0000000000001bc0                z_log_dropped_read_and_clear
 .text.dropped_notify
                0x0000000000001be0       0x60 zephyr/libzephyr.a(log_core.c.obj)
                0x0000000000001be0                dropped_notify
 .text.z_log_msg_init
                0x0000000000001c40       0x20 zephyr/libzephyr.a(log_core.c.obj)
                0x0000000000001c40                z_log_msg_init
 .text.log_core_init
                0x0000000000001c60       0x80 zephyr/libzephyr.a(log_core.c.obj)
                0x0000000000001c60                log_core_init
 .text.z_log_msg_alloc
                0x0000000000001ce0       0x10 zephyr/libzephyr.a(log_core.c.obj)
                0x0000000000001ce0                z_log_msg_alloc
 .text.z_log_msg_local_claim
                0x0000000000001cf0        0xc zephyr/libzephyr.a(log_core.c.obj)
                0x0000000000001cf0                z_log_msg_local_claim
 .text.z_log_msg_free
                0x0000000000001cfc       0x10 zephyr/libzephyr.a(log_core.c.obj)
                0x0000000000001cfc                z_log_msg_free
 .text.z_log_msg_pending
                0x0000000000001d0c        0xc zephyr/libzephyr.a(log_core.c.obj)
                0x0000000000001d0c                z_log_msg_pending
 .text.z_impl_log_process
                0x0000000000001d18       0xf0 zephyr/libzephyr.a(log_core.c.obj)
                0x0000000000001d18                z_impl_log_process
 .text.z_impl_log_panic
                0x0000000000001e08       0x74 zephyr/libzephyr.a(log_core.c.obj)
                0x0000000000001e08                z_impl_log_panic
 .text.log_process_thread_func
                0x0000000000001e7c      0x124 zephyr/libzephyr.a(log_core.c.obj)
 .text.z_log_msg_post_finalize
                0x0000000000001fa0       0xe4 zephyr/libzephyr.a(log_core.c.obj)
 .text.z_log_msg_commit
                0x0000000000002084       0x24 zephyr/libzephyr.a(log_core.c.obj)
                0x0000000000002084                z_log_msg_commit
 .text.log_source_name_get
                0x00000000000020a8       0x1c zephyr/libzephyr.a(log_mgmt.c.obj)
                0x00000000000020a8                log_source_name_get
 .text.z_impl_z_log_msg_static_create
                0x00000000000020c4      0x12c zephyr/libzephyr.a(log_msg.c.obj)
                0x00000000000020c4                z_impl_z_log_msg_static_create
 .text.z_log_msg_runtime_vcreate
                0x00000000000021f0       0xe0 zephyr/libzephyr.a(log_msg.c.obj)
                0x00000000000021f0                z_log_msg_runtime_vcreate
 .text.log_msg_get_source_id
                0x00000000000022d0       0x18 zephyr/libzephyr.a(log_msg.c.obj)
                0x00000000000022d0                log_msg_get_source_id
 .text.print_formatted
                0x00000000000022e8       0x24 zephyr/libzephyr.a(log_output.c.obj)
 .text.newline_print
                0x000000000000230c       0x1c zephyr/libzephyr.a(log_output.c.obj)
 .text.out_func
                0x0000000000002328       0x60 zephyr/libzephyr.a(log_output.c.obj)
 .text.log_output_process
                0x0000000000002388      0x31c zephyr/libzephyr.a(log_output.c.obj)
                0x0000000000002388                log_output_process
 .text.log_output_dropped_process
                0x00000000000026a4       0x58 zephyr/libzephyr.a(log_output.c.obj)
                0x00000000000026a4                log_output_dropped_process
 .text.log_output_timestamp_freq_set
                0x00000000000026fc       0x2c zephyr/libzephyr.a(log_output.c.obj)
                0x00000000000026fc                log_output_timestamp_freq_set
 .text.log_backend_rtt_init
                0x0000000000002728        0xc zephyr/libzephyr.a(log_backend_rtt.c.obj)
 .text.format_set
                0x0000000000002734        0xc zephyr/libzephyr.a(log_backend_rtt.c.obj)
 .text.dropped  0x0000000000002740        0xc zephyr/libzephyr.a(log_backend_rtt.c.obj)
 .text.process  0x000000000000274c       0x24 zephyr/libzephyr.a(log_backend_rtt.c.obj)
 .text.panic    0x0000000000002770       0x34 zephyr/libzephyr.a(log_backend_rtt.c.obj)
 .text.on_failed_write
                0x00000000000027a4       0x28 zephyr/libzephyr.a(log_backend_rtt.c.obj)
 .text.data_out
                0x00000000000027cc       0x88 zephyr/libzephyr.a(log_backend_rtt.c.obj)
 .text.char_out
                0x0000000000002854       0x24 zephyr/libzephyr.a(log_backend_uart.c.obj)
 .text.log_backend_uart_init
                0x0000000000002878       0x3c zephyr/libzephyr.a(log_backend_uart.c.obj)
 .text.mem_attr_get_regions
                0x00000000000028b4        0xc zephyr/libzephyr.a(mem_attr.c.obj)
                0x00000000000028b4                mem_attr_get_regions
 .text.ncs_boot_banner
                0x00000000000028c0       0x1c zephyr/libzephyr.a(banner.c.obj)
 .text.arch_bss_zero
                0x00000000000028dc       0x18 zephyr/arch/common/libarch__common.a(init.c.obj)
                0x00000000000028dc                arch_bss_zero
 .text.arch_data_copy
                0x00000000000028f4       0x38 zephyr/arch/common/libarch__common.a(xip.c.obj)
                0x00000000000028f4                arch_data_copy
 .text.z_arm_fatal_error
                0x000000000000292c       0xb8 zephyr/arch/arch/arm/core/libarch__arm__core.a(fatal.c.obj)
                0x000000000000292c                z_arm_fatal_error
 .text.z_SysNmiOnReset
                0x00000000000029e4        0x8 zephyr/arch/arch/arm/core/libarch__arm__core.a(nmi_on_reset.S.obj)
                0x00000000000029e4                z_SysNmiOnReset
 .text.arch_tls_stack_setup
                0x00000000000029ec       0x40 zephyr/arch/arch/arm/core/libarch__arm__core.a(tls.c.obj)
                0x00000000000029ec                arch_tls_stack_setup
 .text._HandlerModeExit
                0x0000000000002a2c       0x20 zephyr/arch/arch/arm/core/cortex_m/libarch__arm__core__cortex_m.a(exc_exit.c.obj)
                0x0000000000002a2c                z_arm_exc_exit
                0x0000000000002a2c                z_arm_int_exit
 .text.bus_fault.constprop.0
                0x0000000000002a4c       0xd0 zephyr/arch/arch/arm/core/cortex_m/libarch__arm__core__cortex_m.a(fault.c.obj)
 .text.usage_fault.constprop.0
                0x0000000000002b1c       0xa8 zephyr/arch/arch/arm/core/cortex_m/libarch__arm__core__cortex_m.a(fault.c.obj)
 .text.mem_manage_fault
                0x0000000000002bc4      0x138 zephyr/arch/arch/arm/core/cortex_m/libarch__arm__core__cortex_m.a(fault.c.obj)
 .text.z_arm_fault
                0x0000000000002cfc      0x238 zephyr/arch/arch/arm/core/cortex_m/libarch__arm__core__cortex_m.a(fault.c.obj)
                0x0000000000002cfc                z_arm_fault
 .text.z_arm_fault_init
                0x0000000000002f34       0x18 zephyr/arch/arch/arm/core/cortex_m/libarch__arm__core__cortex_m.a(fault.c.obj)
                0x0000000000002f34                z_arm_fault_init
 .text.__fault  0x0000000000002f4c       0x14 zephyr/arch/arch/arm/core/cortex_m/libarch__arm__core__cortex_m.a(fault_s.S.obj)
                0x0000000000002f4c                z_arm_bus_fault
                0x0000000000002f4c                z_arm_usage_fault
                0x0000000000002f4c                z_arm_mpu_fault
                0x0000000000002f4c                z_arm_exc_spurious
                0x0000000000002f4c                z_arm_debug_monitor
                0x0000000000002f4c                z_arm_hard_fault
 .text._reset_section
                0x0000000000002f60       0x60 zephyr/arch/arch/arm/core/cortex_m/libarch__arm__core__cortex_m.a(reset.S.obj)
                0x0000000000002f60                z_arm_reset
                0x0000000000002f60                __start
 .text.z_arm_clear_arm_mpu_config
                0x0000000000002fc0       0x24 zephyr/arch/arch/arm/core/cortex_m/libarch__arm__core__cortex_m.a(scb.c.obj)
                0x0000000000002fc0                z_arm_clear_arm_mpu_config
 .text.z_arm_init_arch_hw_at_boot
                0x0000000000002fe4       0x64 zephyr/arch/arch/arm/core/cortex_m/libarch__arm__core__cortex_m.a(scb.c.obj)
                0x0000000000002fe4                z_arm_init_arch_hw_at_boot
 .text.z_impl_k_thread_abort
                0x0000000000003048       0x2c zephyr/arch/arch/arm/core/cortex_m/libarch__arm__core__cortex_m.a(thread_abort.c.obj)
                0x0000000000003048                z_impl_k_thread_abort
 .text.z_arm_pendsv
                0x0000000000003074       0x64 zephyr/arch/arch/arm/core/cortex_m/libarch__arm__core__cortex_m.a(swap_helper.S.obj)
                0x0000000000003074                z_arm_pendsv
 .text.z_arm_svc
                0x00000000000030d8       0x24 zephyr/arch/arch/arm/core/cortex_m/libarch__arm__core__cortex_m.a(swap_helper.S.obj)
                0x00000000000030d8                z_arm_svc
 .text.arm_irq_enable
                0x00000000000030fc       0x1c zephyr/arch/arch/arm/core/cortex_m/libarch__arm__core__cortex_m.a(irq_manage.c.obj)
                0x00000000000030fc                arm_irq_enable
 .text.arm_irq_is_enabled
                0x0000000000003118       0x1c zephyr/arch/arch/arm/core/cortex_m/libarch__arm__core__cortex_m.a(irq_manage.c.obj)
                0x0000000000003118                arm_irq_is_enabled
 .text.arm_irq_priority_set
                0x0000000000003134       0x68 zephyr/arch/arch/arm/core/cortex_m/libarch__arm__core__cortex_m.a(irq_manage.c.obj)
                0x0000000000003134                arm_irq_priority_set
 .text.relocate_vector_table
                0x000000000000319c       0x1c zephyr/arch/arch/arm/core/cortex_m/libarch__arm__core__cortex_m.a(prep_c.c.obj)
                0x000000000000319c                relocate_vector_table
 .text.z_prep_c
                0x00000000000031b8       0x28 zephyr/arch/arch/arm/core/cortex_m/libarch__arm__core__cortex_m.a(prep_c.c.obj)
                0x00000000000031b8                z_prep_c
 .text.arch_new_thread
                0x00000000000031e0       0x38 zephyr/arch/arch/arm/core/cortex_m/libarch__arm__core__cortex_m.a(thread.c.obj)
                0x00000000000031e0                arch_new_thread
 .text.z_check_thread_stack_fail
                0x0000000000003218       0x30 zephyr/arch/arch/arm/core/cortex_m/libarch__arm__core__cortex_m.a(thread.c.obj)
                0x0000000000003218                z_check_thread_stack_fail
 .text.arch_switch_to_main_thread
                0x0000000000003248       0x40 zephyr/arch/arch/arm/core/cortex_m/libarch__arm__core__cortex_m.a(thread.c.obj)
                0x0000000000003248                arch_switch_to_main_thread
 .text.z_arm_cpu_idle_init
                0x0000000000003288        0xc zephyr/arch/arch/arm/core/cortex_m/libarch__arm__core__cortex_m.a(cpu_idle.c.obj)
                0x0000000000003288                z_arm_cpu_idle_init
 .text.z_arm_interrupt_init
                0x0000000000003294       0x18 zephyr/arch/arch/arm/core/cortex_m/libarch__arm__core__cortex_m.a(irq_init.c.obj)
                0x0000000000003294                z_arm_interrupt_init
 .text._isr_wrapper
                0x00000000000032ac       0x24 zephyr/arch/arch/arm/core/cortex_m/libarch__arm__core__cortex_m.a(isr_wrapper.c.obj)
                0x00000000000032ac                _isr_wrapper
 .text.z_arm_configure_static_mpu_regions
                0x00000000000032d0       0x18 zephyr/arch/arch/arm/core/mpu/libarch__arm__core__mpu.a(arm_core_mpu.c.obj)
                0x00000000000032d0                z_arm_configure_static_mpu_regions
 .text.z_arm_configure_dynamic_mpu_regions
                0x00000000000032e8       0x24 zephyr/arch/arch/arm/core/mpu/libarch__arm__core__mpu.a(arm_core_mpu.c.obj)
                0x00000000000032e8                z_arm_configure_dynamic_mpu_regions
 .text.region_allocate_and_init
                0x000000000000330c       0x54 zephyr/arch/arch/arm/core/mpu/libarch__arm__core__mpu.a(arm_mpu.c.obj)
 .text.mpu_configure_regions
                0x0000000000003360       0x68 zephyr/arch/arch/arm/core/mpu/libarch__arm__core__mpu.a(arm_mpu.c.obj)
 .text.arm_core_mpu_enable
                0x00000000000033c8       0x18 zephyr/arch/arch/arm/core/mpu/libarch__arm__core__mpu.a(arm_mpu.c.obj)
                0x00000000000033c8                arm_core_mpu_enable
 .text.arm_core_mpu_disable
                0x00000000000033e0       0x14 zephyr/arch/arch/arm/core/mpu/libarch__arm__core__mpu.a(arm_mpu.c.obj)
                0x00000000000033e0                arm_core_mpu_disable
 .text.arm_core_mpu_configure_static_mpu_regions
                0x00000000000033f4       0x4c zephyr/arch/arch/arm/core/mpu/libarch__arm__core__mpu.a(arm_mpu.c.obj)
                0x00000000000033f4                arm_core_mpu_configure_static_mpu_regions
 .text.arm_core_mpu_configure_dynamic_mpu_regions
                0x0000000000003440       0x6c zephyr/arch/arch/arm/core/mpu/libarch__arm__core__mpu.a(arm_mpu.c.obj)
                0x0000000000003440                arm_core_mpu_configure_dynamic_mpu_regions
 .text.z_arm_mpu_init
                0x00000000000034ac      0x250 zephyr/arch/arch/arm/core/mpu/libarch__arm__core__mpu.a(arm_mpu.c.obj)
                0x00000000000034ac                z_arm_mpu_init
 .text.cbvprintf
                0x00000000000036fc       0x38 zephyr/lib/libc/picolibc/liblib__libc__picolibc.a(cbprintf.c.obj)
                0x00000000000036fc                cbvprintf
 .text.z_impl_zephyr_fputc
                0x0000000000003734       0x10 zephyr/lib/libc/picolibc/liblib__libc__picolibc.a(stdio.c.obj)
                0x0000000000003734                z_impl_zephyr_fputc
 .text.__stdout_hook_install
                0x0000000000003744       0x18 zephyr/lib/libc/picolibc/liblib__libc__picolibc.a(stdio.c.obj)
                0x0000000000003744                __stdout_hook_install
 .text.malloc_prepare
                0x000000000000375c       0x24 zephyr/lib/libc/common/liblib__libc__common.a(malloc.c.obj)
 .text.nordicsemi_nrf52_init
                0x0000000000003780       0x18 zephyr/soc/soc/nrf52832/libsoc__nordic.a(soc.c.obj)
 .text.arch_busy_wait
                0x0000000000003798       0x24 zephyr/soc/soc/nrf52832/libsoc__nordic.a(soc.c.obj)
                0x0000000000003798                arch_busy_wait
 .text.gppi_init
                0x00000000000037bc       0x1c zephyr/soc/soc/nrf52832/libsoc__nordic.a(gppi_init.c.obj)
 .text.onoff_start
                0x00000000000037d8       0x3c zephyr/drivers/clock_control/libdrivers__clock_control.a(clock_control_nrf.c.obj)
 .text.generic_hfclk_stop
                0x0000000000003814       0x34 zephyr/drivers/clock_control/libdrivers__clock_control.a(clock_control_nrf.c.obj)
 .text.get_status
                0x0000000000003848       0x38 zephyr/drivers/clock_control/libdrivers__clock_control.a(clock_control_nrf.c.obj)
 .text.stop     0x0000000000003880       0x78 zephyr/drivers/clock_control/libdrivers__clock_control.a(clock_control_nrf.c.obj)
 .text.onoff_stop
                0x00000000000038f8       0x28 zephyr/drivers/clock_control/libdrivers__clock_control.a(clock_control_nrf.c.obj)
 .text.clk_init
                0x0000000000003920       0x58 zephyr/drivers/clock_control/libdrivers__clock_control.a(clock_control_nrf.c.obj)
 .text.api_blocking_start
                0x0000000000003978       0x34 zephyr/drivers/clock_control/libdrivers__clock_control.a(clock_control_nrf.c.obj)
 .text.lfclk_start
                0x00000000000039ac       0x20 zephyr/drivers/clock_control/libdrivers__clock_control.a(clock_control_nrf.c.obj)
 .text.clkstarted_handle.constprop.0
                0x00000000000039cc       0x4c zephyr/drivers/clock_control/libdrivers__clock_control.a(clock_control_nrf.c.obj)
 .text.clock_event_handler
                0x0000000000003a18       0x5c zephyr/drivers/clock_control/libdrivers__clock_control.a(clock_control_nrf.c.obj)
 .text.generic_hfclk_start
                0x0000000000003a74       0x78 zephyr/drivers/clock_control/libdrivers__clock_control.a(clock_control_nrf.c.obj)
 .text.z_nrf_clock_control_lf_on
                0x0000000000003aec      0x13c zephyr/drivers/clock_control/libdrivers__clock_control.a(clock_control_nrf.c.obj)
                0x0000000000003aec                z_nrf_clock_control_lf_on
 .text.rtt_console_init
                0x0000000000003c28       0x18 zephyr/drivers/console/libdrivers__console.a(rtt_console.c.obj)
 .text.rtt_console_out
                0x0000000000003c40       0x48 zephyr/drivers/console/libdrivers__console.a(rtt_console.c.obj)
 .text.uart_console_init
                0x0000000000003c88       0x28 zephyr/drivers/console/libdrivers__console.a(uart_console.c.obj)
 .text.console_out
                0x0000000000003cb0       0x28 zephyr/drivers/console/libdrivers__console.a(uart_console.c.obj)
 .text.gpio_nrfx_manage_callback
                0x0000000000003cd8       0xa0 zephyr/drivers/gpio/libdrivers__gpio.a(gpio_nrfx.c.obj)
 .text.nrf_gpio_pin_port_decode
                0x0000000000003d78       0x3c zephyr/drivers/gpio/libdrivers__gpio.a(gpio_nrfx.c.obj)
 .text.gpio_nrfx_pin_interrupt_configure
                0x0000000000003db4      0x10c zephyr/drivers/gpio/libdrivers__gpio.a(gpio_nrfx.c.obj)
 .text.nrfx_gpio_handler
                0x0000000000003ec0       0x68 zephyr/drivers/gpio/libdrivers__gpio.a(gpio_nrfx.c.obj)
 .text.gpio_nrfx_pin_configure
                0x0000000000003f28      0x18c zephyr/drivers/gpio/libdrivers__gpio.a(gpio_nrfx.c.obj)
 .text.gpio_nrfx_init
                0x00000000000040b4       0x3c zephyr/drivers/gpio/libdrivers__gpio.a(gpio_nrfx.c.obj)
 .text.i2c_nrfx_twi_init
                0x00000000000040f0       0x50 zephyr/drivers/i2c/libdrivers__i2c.a(i2c_nrfx_twi_common.c.obj)
                0x00000000000040f0                i2c_nrfx_twi_init
 .text.i2c_nrfx_twi_configure
                0x0000000000004140       0x44 zephyr/drivers/i2c/libdrivers__i2c.a(i2c_nrfx_twi_common.c.obj)
                0x0000000000004140                i2c_nrfx_twi_configure
 .text.i2c_nrfx_twi_msg_transfer
                0x0000000000004184       0x74 zephyr/drivers/i2c/libdrivers__i2c.a(i2c_nrfx_twi_common.c.obj)
                0x0000000000004184                i2c_nrfx_twi_msg_transfer
 .text.pre_init0
                0x00000000000041f8       0x20 zephyr/drivers/i2c/libdrivers__i2c.a(i2c_nrfx_twim.c.obj)
 .text.i2c_nrfx_twim_transfer
                0x0000000000004218      0x198 zephyr/drivers/i2c/libdrivers__i2c.a(i2c_nrfx_twim.c.obj)
 .text.i2c_nrfx_twim_configure
                0x00000000000043b0       0x48 zephyr/drivers/i2c/libdrivers__i2c.a(i2c_nrfx_twim_common.c.obj)
                0x00000000000043b0                i2c_nrfx_twim_configure
 .text.i2c_nrfx_twim_msg_transfer
                0x00000000000043f8       0x64 zephyr/drivers/i2c/libdrivers__i2c.a(i2c_nrfx_twim_common.c.obj)
                0x00000000000043f8                i2c_nrfx_twim_msg_transfer
 .text.i2c_nrfx_twim_common_init
                0x000000000000445c       0x6c zephyr/drivers/i2c/libdrivers__i2c.a(i2c_nrfx_twim_common.c.obj)
                0x000000000000445c                i2c_nrfx_twim_common_init
 .text.nrf_gpio_pin_port_decode
                0x00000000000044c8       0x3c zephyr/drivers/pinctrl/libdrivers__pinctrl.a(pinctrl_nrf.c.obj)
 .text.pinctrl_configure_pins
                0x0000000000004504      0x164 zephyr/drivers/pinctrl/libdrivers__pinctrl.a(pinctrl_nrf.c.obj)
                0x0000000000004504                pinctrl_configure_pins
 .text.uarte_nrfx_poll_out
                0x0000000000004668       0xb8 zephyr/drivers/serial/libdrivers__serial.a(uart_nrfx_uarte.c.obj)
 .text.uarte_0_init
                0x0000000000004720      0x100 zephyr/drivers/serial/libdrivers__serial.a(uart_nrfx_uarte.c.obj)
 .text.sys_clock_timeout_handler
                0x0000000000004820       0x48 zephyr/drivers/timer/libdrivers__timer.a(nrf_rtc_timer.c.obj)
 .text.compare_int_unlock.constprop.0
                0x0000000000004868       0x50 zephyr/drivers/timer/libdrivers__timer.a(nrf_rtc_timer.c.obj)
 .text.compare_int_lock.constprop.0
                0x00000000000048b8       0x3c zephyr/drivers/timer/libdrivers__timer.a(nrf_rtc_timer.c.obj)
 .text.z_nrf_rtc_timer_read
                0x00000000000048f4       0x60 zephyr/drivers/timer/libdrivers__timer.a(nrf_rtc_timer.c.obj)
                0x00000000000048f4                z_nrf_rtc_timer_read
 .text.rtc_nrf_isr
                0x0000000000004954       0xf4 zephyr/drivers/timer/libdrivers__timer.a(nrf_rtc_timer.c.obj)
                0x0000000000004954                rtc_nrf_isr
 .text.compare_set.constprop.0
                0x0000000000004a48      0x10c zephyr/drivers/timer/libdrivers__timer.a(nrf_rtc_timer.c.obj)
 .text.sys_clock_driver_init
                0x0000000000004b54       0xc8 zephyr/drivers/timer/libdrivers__timer.a(nrf_rtc_timer.c.obj)
 .text.sys_clock_set_timeout
                0x0000000000004c1c       0x60 zephyr/drivers/timer/libdrivers__timer.a(nrf_rtc_timer.c.obj)
                0x0000000000004c1c                sys_clock_set_timeout
 .text.sys_clock_elapsed
                0x0000000000004c7c       0x14 zephyr/drivers/timer/libdrivers__timer.a(nrf_rtc_timer.c.obj)
                0x0000000000004c7c                sys_clock_elapsed
 .text.nrf52_errata_16
                0x0000000000004c90       0x28 modules/hal_nordic/modules/hal_nordic/nrfx/libnrfx.a(system_nrf52.c.obj)
 .text.nvmc_wait
                0x0000000000004cb8       0x10 modules/hal_nordic/modules/hal_nordic/nrfx/libnrfx.a(system_nrf52.c.obj)
                0x0000000000004cb8                nvmc_wait
 .text.SystemInit
                0x0000000000004cc8      0x278 modules/hal_nordic/modules/hal_nordic/nrfx/libnrfx.a(system_nrf52.c.obj)
                0x0000000000004cc8                SystemInit
 .text.nrfx_gppi_init
                0x0000000000004f40        0xc modules/hal_nordic/modules/hal_nordic/nrfx/libnrfx.a(nrfx_gppi_ppi.c.obj)
                0x0000000000004f40                nrfx_gppi_init
 .text.nrfx_gppi_domain_conn_alloc
                0x0000000000004f4c       0x3c modules/hal_nordic/modules/hal_nordic/nrfx/libnrfx.a(nrfx_gppi_ppi.c.obj)
                0x0000000000004f4c                nrfx_gppi_domain_conn_alloc
 .text.nrfx_gppi_conn_enable
                0x0000000000004f88       0x10 modules/hal_nordic/modules/hal_nordic/nrfx/libnrfx.a(nrfx_gppi_ppi.c.obj)
                0x0000000000004f88                nrfx_gppi_conn_enable
 .text.hfclk_event_handler
                0x0000000000004f98        0xc modules/hal_nordic/modules/hal_nordic/nrfx/libnrfx.a(nrfx_clock.c.obj)
 .text.lfclk_event_handler
                0x0000000000004fa4        0xc modules/hal_nordic/modules/hal_nordic/nrfx/libnrfx.a(nrfx_clock.c.obj)
 .text.nrfx_clock_init
                0x0000000000004fb0       0x40 modules/hal_nordic/modules/hal_nordic/nrfx/libnrfx.a(nrfx_clock.c.obj)
                0x0000000000004fb0                nrfx_clock_init
 .text.nrfx_clock_enable
                0x0000000000004ff0       0x44 modules/hal_nordic/modules/hal_nordic/nrfx/libnrfx.a(nrfx_clock.c.obj)
                0x0000000000004ff0                nrfx_clock_enable
 .text.nrfx_clock_start
                0x0000000000005034       0x60 modules/hal_nordic/modules/hal_nordic/nrfx/libnrfx.a(nrfx_clock.c.obj)
                0x0000000000005034                nrfx_clock_start
 .text.nrfx_clock_stop
                0x0000000000005094       0x60 modules/hal_nordic/modules/hal_nordic/nrfx/libnrfx.a(nrfx_clock.c.obj)
                0x0000000000005094                nrfx_clock_stop
 .text.nrf52_errata_201
                0x00000000000050f4       0x40 modules/hal_nordic/modules/hal_nordic/nrfx/libnrfx.a(nrfx_clock_hfclk.c.obj)
 .text.clock_stop
                0x0000000000005134       0x4c modules/hal_nordic/modules/hal_nordic/nrfx/libnrfx.a(nrfx_clock_hfclk.c.obj)
 .text.nrfx_clock_hfclk_init
                0x0000000000005180       0x28 modules/hal_nordic/modules/hal_nordic/nrfx/libnrfx.a(nrfx_clock_hfclk.c.obj)
                0x0000000000005180                nrfx_clock_hfclk_init
 .text.nrfx_clock_hfclk_start
                0x00000000000051a8       0x5c modules/hal_nordic/modules/hal_nordic/nrfx/libnrfx.a(nrfx_clock_hfclk.c.obj)
                0x00000000000051a8                nrfx_clock_hfclk_start
 .text.nrfx_clock_hfclk_stop
                0x0000000000005204       0x34 modules/hal_nordic/modules/hal_nordic/nrfx/libnrfx.a(nrfx_clock_hfclk.c.obj)
                0x0000000000005204                nrfx_clock_hfclk_stop
 .text.nrfx_clock_hfclk_irq_handler
                0x0000000000005238       0x40 modules/hal_nordic/modules/hal_nordic/nrfx/libnrfx.a(nrfx_clock_hfclk.c.obj)
                0x0000000000005238                nrfx_clock_hfclk_irq_handler
 .text.nrfx_clock_lfclk_init
                0x0000000000005278       0x24 modules/hal_nordic/modules/hal_nordic/nrfx/libnrfx.a(nrfx_clock_lfclk.c.obj)
                0x0000000000005278                nrfx_clock_lfclk_init
 .text.nrfx_clock_lfclk_start
                0x000000000000529c       0xe0 modules/hal_nordic/modules/hal_nordic/nrfx/libnrfx.a(nrfx_clock_lfclk.c.obj)
                0x000000000000529c                nrfx_clock_lfclk_start
 .text.nrfx_clock_lfclk_stop
                0x000000000000537c       0x38 modules/hal_nordic/modules/hal_nordic/nrfx/libnrfx.a(nrfx_clock_lfclk.c.obj)
                0x000000000000537c                nrfx_clock_lfclk_stop
 .text.nrfx_clock_lfclk_irq_handler
                0x00000000000053b4       0x94 modules/hal_nordic/modules/hal_nordic/nrfx/libnrfx.a(nrfx_clock_lfclk.c.obj)
                0x00000000000053b4                nrfx_clock_lfclk_irq_handler
 .text.nrf52_errata_173
                0x0000000000005448       0x40 modules/hal_nordic/modules/hal_nordic/nrfx/libnrfx.a(nrfx_gpiote.c.obj)
 .text.nrf_gpio_pin_port_decode
                0x0000000000005488       0x5c modules/hal_nordic/modules/hal_nordic/nrfx/libnrfx.a(nrfx_gpiote.c.obj)
 .text.nrf_gpiote_in_event_get
                0x00000000000054e4       0x34 modules/hal_nordic/modules/hal_nordic/nrfx/libnrfx.a(nrfx_gpiote.c.obj)
 .text.release_handler
                0x0000000000005518       0x6c modules/hal_nordic/modules/hal_nordic/nrfx/libnrfx.a(nrfx_gpiote.c.obj)
 .text.pin_uninit
                0x0000000000005584       0x70 modules/hal_nordic/modules/hal_nordic/nrfx/libnrfx.a(nrfx_gpiote.c.obj)
 .text.nrfx_gpiote_input_configure
                0x00000000000055f4      0x164 modules/hal_nordic/modules/hal_nordic/nrfx/libnrfx.a(nrfx_gpiote.c.obj)
                0x00000000000055f4                nrfx_gpiote_input_configure
 .text.nrfx_gpiote_output_configure
                0x0000000000005758      0x100 modules/hal_nordic/modules/hal_nordic/nrfx/libnrfx.a(nrfx_gpiote.c.obj)
                0x0000000000005758                nrfx_gpiote_output_configure
 .text.nrfx_gpiote_global_callback_set
                0x0000000000005858       0x30 modules/hal_nordic/modules/hal_nordic/nrfx/libnrfx.a(nrfx_gpiote.c.obj)
                0x0000000000005858                nrfx_gpiote_global_callback_set
 .text.nrfx_gpiote_channel_get
                0x0000000000005888       0x64 modules/hal_nordic/modules/hal_nordic/nrfx/libnrfx.a(nrfx_gpiote.c.obj)
                0x0000000000005888                nrfx_gpiote_channel_get
 .text.nrfx_gpiote_init
                0x00000000000058ec       0x80 modules/hal_nordic/modules/hal_nordic/nrfx/libnrfx.a(nrfx_gpiote.c.obj)
                0x00000000000058ec                nrfx_gpiote_init
 .text.nrfx_gpiote_init_check
                0x000000000000596c       0x34 modules/hal_nordic/modules/hal_nordic/nrfx/libnrfx.a(nrfx_gpiote.c.obj)
                0x000000000000596c                nrfx_gpiote_init_check
 .text.nrfx_gpiote_pin_uninit
                0x00000000000059a0       0x30 modules/hal_nordic/modules/hal_nordic/nrfx/libnrfx.a(nrfx_gpiote.c.obj)
                0x00000000000059a0                nrfx_gpiote_pin_uninit
 .text.nrfx_gpiote_channel_free
                0x00000000000059d0       0x38 modules/hal_nordic/modules/hal_nordic/nrfx/libnrfx.a(nrfx_gpiote.c.obj)
                0x00000000000059d0                nrfx_gpiote_channel_free
 .text.nrfx_gpiote_channel_alloc
                0x0000000000005a08       0x40 modules/hal_nordic/modules/hal_nordic/nrfx/libnrfx.a(nrfx_gpiote.c.obj)
                0x0000000000005a08                nrfx_gpiote_channel_alloc
 .text.nrfx_gpiote_trigger_enable
                0x0000000000005a48      0x100 modules/hal_nordic/modules/hal_nordic/nrfx/libnrfx.a(nrfx_gpiote.c.obj)
                0x0000000000005a48                nrfx_gpiote_trigger_enable
 .text.nrfx_gpiote_trigger_disable
                0x0000000000005b48       0x30 modules/hal_nordic/modules/hal_nordic/nrfx/libnrfx.a(nrfx_gpiote.c.obj)
                0x0000000000005b48                nrfx_gpiote_trigger_disable
 .text.nrfx_gpiote_irq_handler
                0x0000000000005b78      0x19c modules/hal_nordic/modules/hal_nordic/nrfx/libnrfx.a(nrfx_gpiote.c.obj)
                0x0000000000005b78                nrfx_gpiote_irq_handler
 .text.twi_configure
                0x0000000000005d14       0x54 modules/hal_nordic/modules/hal_nordic/nrfx/libnrfx.a(nrfx_twi.c.obj)
 .text.nrf_gpio_cfg.constprop.0
                0x0000000000005d68       0x58 modules/hal_nordic/modules/hal_nordic/nrfx/libnrfx.a(nrfx_twi.c.obj)
 .text.twi_tx_start_transfer
                0x0000000000005dc0       0xec modules/hal_nordic/modules/hal_nordic/nrfx/libnrfx.a(nrfx_twi.c.obj)
 .text.twi_rx_start_transfer
                0x0000000000005eac       0xcc modules/hal_nordic/modules/hal_nordic/nrfx/libnrfx.a(nrfx_twi.c.obj)
 .text.nrfx_twi_init
                0x0000000000005f78       0x9c modules/hal_nordic/modules/hal_nordic/nrfx/libnrfx.a(nrfx_twi.c.obj)
                0x0000000000005f78                nrfx_twi_init
 .text.nrfx_twi_enable
                0x0000000000006014       0x58 modules/hal_nordic/modules/hal_nordic/nrfx/libnrfx.a(nrfx_twi.c.obj)
                0x0000000000006014                nrfx_twi_enable
 .text.nrfx_twi_disable
                0x000000000000606c       0x70 modules/hal_nordic/modules/hal_nordic/nrfx/libnrfx.a(nrfx_twi.c.obj)
                0x000000000000606c                nrfx_twi_disable
 .text.nrfx_twi_xfer
                0x00000000000060dc      0x110 modules/hal_nordic/modules/hal_nordic/nrfx/libnrfx.a(nrfx_twi.c.obj)
                0x00000000000060dc                nrfx_twi_xfer
 .text.nrfx_twi_irq_handler
                0x00000000000061ec       0xdc modules/hal_nordic/modules/hal_nordic/nrfx/libnrfx.a(nrfx_twi.c.obj)
                0x00000000000061ec                nrfx_twi_irq_handler
 .text.nrf52_errata_109
                0x00000000000062c8       0x40 modules/hal_nordic/modules/hal_nordic/nrfx/libnrfx.a(nrfx_twim.c.obj)
 .text.nrf_gpio_cfg.constprop.0
                0x0000000000006308       0x58 modules/hal_nordic/modules/hal_nordic/nrfx/libnrfx.a(nrfx_twim.c.obj)
 .text.pins_configure
                0x0000000000006360       0x4c modules/hal_nordic/modules/hal_nordic/nrfx/libnrfx.a(nrfx_twim.c.obj)
 .text.nrfx_twim_init
                0x00000000000063ac       0x7c modules/hal_nordic/modules/hal_nordic/nrfx/libnrfx.a(nrfx_twim.c.obj)
                0x00000000000063ac                nrfx_twim_init
 .text.nrfx_twim_enable
                0x0000000000006428       0x58 modules/hal_nordic/modules/hal_nordic/nrfx/libnrfx.a(nrfx_twim.c.obj)
                0x0000000000006428                nrfx_twim_enable
 .text.nrfx_twim_disable
                0x0000000000006480       0xb4 modules/hal_nordic/modules/hal_nordic/nrfx/libnrfx.a(nrfx_twim.c.obj)
                0x0000000000006480                nrfx_twim_disable
 .text.nrfx_twim_xfer
                0x0000000000006534      0x3a8 modules/hal_nordic/modules/hal_nordic/nrfx/libnrfx.a(nrfx_twim.c.obj)
                0x0000000000006534                nrfx_twim_xfer
 .text.nrfx_twim_irq_handler
                0x00000000000068dc      0x23c modules/hal_nordic/modules/hal_nordic/nrfx/libnrfx.a(nrfx_twim.c.obj)
                0x00000000000068dc                nrfx_twim_irq_handler
 .text.nrf_gpio_pin_port_decode
                0x0000000000006b18       0x3c modules/hal_nordic/modules/hal_nordic/nrfx/libnrfx.a(nrfx_twi_twim.c.obj)
 .text.nrfx_twi_twim_bus_recover
                0x0000000000006b54       0xd4 modules/hal_nordic/modules/hal_nordic/nrfx/libnrfx.a(nrfx_twi_twim.c.obj)
                0x0000000000006b54                nrfx_twi_twim_bus_recover
 .text._DoInit  0x0000000000006c28       0x60 modules/segger/libmodules__segger.a(SEGGER_RTT.c.obj)
 .text.SEGGER_RTT_WriteSkipNoLock
                0x0000000000006c88       0x88 modules/segger/libmodules__segger.a(SEGGER_RTT.c.obj)
                0x0000000000006c88                SEGGER_RTT_WriteSkipNoLock
 .text.SEGGER_RTT_WriteNoLock
                0x0000000000006d10       0x58 modules/segger/libmodules__segger.a(SEGGER_RTT.c.obj)
                0x0000000000006d10                SEGGER_RTT_WriteNoLock
 .text.SEGGER_RTT_Write
                0x0000000000006d68       0x34 modules/segger/libmodules__segger.a(SEGGER_RTT.c.obj)
                0x0000000000006d68                SEGGER_RTT_Write
 .text.SEGGER_RTT_HasDataUp
                0x0000000000006d9c       0x14 modules/segger/libmodules__segger.a(SEGGER_RTT.c.obj)
                0x0000000000006d9c                SEGGER_RTT_HasDataUp
 .text.SEGGER_RTT_Init
                0x0000000000006db0       0x2c modules/segger/libmodules__segger.a(SEGGER_RTT.c.obj)
                0x0000000000006db0                SEGGER_RTT_Init
 .text.do_device_init
                0x0000000000006ddc       0x60 zephyr/kernel/libkernel.a(device.c.obj)
                0x0000000000006ddc                do_device_init
 .text.k_sys_fatal_error_handler
                0x0000000000006e3c       0x20 zephyr/kernel/libkernel.a(fatal.c.obj)
                0x0000000000006e3c                k_sys_fatal_error_handler
 .text.z_fatal_error
                0x0000000000006e5c      0x114 zephyr/kernel/libkernel.a(fatal.c.obj)
                0x0000000000006e5c                z_fatal_error
 .text.z_sys_init_run_level
                0x0000000000006f70       0x30 zephyr/kernel/libkernel.a(init.c.obj)
 .text.bg_thread_main
                0x0000000000006fa0      0x108 zephyr/kernel/libkernel.a(init.c.obj)
 .text.z_init_cpu
                0x00000000000070a8       0x78 zephyr/kernel/libkernel.a(init.c.obj)
                0x00000000000070a8                z_init_cpu
 .text.z_cstart
                0x0000000000007120      0x110 zephyr/kernel/libkernel.a(init.c.obj)
                0x0000000000007120                z_cstart
 .text.idle     0x0000000000007230       0x48 zephyr/kernel/libkernel.a(idle.c.obj)
                0x0000000000007230                idle
 .text.unpend_thread_no_timeout
                0x0000000000007278       0x40 zephyr/kernel/libkernel.a(sem.c.obj)
 .text.z_impl_k_sem_give
                0x00000000000072b8       0xfc zephyr/kernel/libkernel.a(sem.c.obj)
                0x00000000000072b8                z_impl_k_sem_give
 .text.z_impl_k_sem_take
                0x00000000000073b4       0xf4 zephyr/kernel/libkernel.a(sem.c.obj)
                0x00000000000073b4                z_impl_k_sem_take
 .text.z_impl_k_thread_name_set
                0x00000000000074a8       0x20 zephyr/kernel/libkernel.a(thread.c.obj)
                0x00000000000074a8                z_impl_k_thread_name_set
 .text.z_setup_new_thread
                0x00000000000074c8      0x19c zephyr/kernel/libkernel.a(thread.c.obj)
                0x00000000000074c8                z_setup_new_thread
 .text.z_impl_k_thread_create
                0x0000000000007664       0x8c zephyr/kernel/libkernel.a(thread.c.obj)
                0x0000000000007664                z_impl_k_thread_create
 .text.z_dummy_thread_init
                0x00000000000076f0       0x1c zephyr/kernel/libkernel.a(thread.c.obj)
                0x00000000000076f0                z_dummy_thread_init
 .text.ready_thread
                0x000000000000770c       0xec zephyr/kernel/libkernel.a(sched.c.obj)
 .text.unready_thread
                0x00000000000077f8       0xbc zephyr/kernel/libkernel.a(sched.c.obj)
 .text.unpend_thread_no_timeout
                0x00000000000078b4       0x38 zephyr/kernel/libkernel.a(sched.c.obj)
 .text.z_swap_irqlock
                0x00000000000078ec       0x6c zephyr/kernel/libkernel.a(sched.c.obj)
 .text.move_current_to_end_of_prio_q
                0x0000000000007958       0x70 zephyr/kernel/libkernel.a(sched.c.obj)
                0x0000000000007958                move_current_to_end_of_prio_q
 .text.z_ready_thread
                0x00000000000079c8       0x8c zephyr/kernel/libkernel.a(sched.c.obj)
                0x00000000000079c8                z_ready_thread
 .text.z_unpend_thread_no_timeout
                0x0000000000007a54       0x90 zephyr/kernel/libkernel.a(sched.c.obj)
                0x0000000000007a54                z_unpend_thread_no_timeout
 .text.z_sched_wake_thread
                0x0000000000007ae4       0xa8 zephyr/kernel/libkernel.a(sched.c.obj)
                0x0000000000007ae4                z_sched_wake_thread
 .text.z_pend_curr
                0x0000000000007b8c      0x10c zephyr/kernel/libkernel.a(sched.c.obj)
                0x0000000000007b8c                z_pend_curr
 .text.z_unpend1_no_timeout
                0x0000000000007c98       0x9c zephyr/kernel/libkernel.a(sched.c.obj)
                0x0000000000007c98                z_unpend1_no_timeout
 .text.z_reschedule
                0x0000000000007d34       0x8c zephyr/kernel/libkernel.a(sched.c.obj)
                0x0000000000007d34                z_reschedule
 .text.z_reschedule_irqlock
                0x0000000000007dc0       0x28 zephyr/kernel/libkernel.a(sched.c.obj)
                0x0000000000007dc0                z_reschedule_irqlock
 .text.k_sched_lock
                0x0000000000007de8       0xe4 zephyr/kernel/libkernel.a(sched.c.obj)
                0x0000000000007de8                k_sched_lock
 .text.k_sched_unlock
                0x0000000000007ecc      0x120 zephyr/kernel/libkernel.a(sched.c.obj)
                0x0000000000007ecc                k_sched_unlock
 .text.z_sched_init
                0x0000000000007fec       0x10 zephyr/kernel/libkernel.a(sched.c.obj)
                0x0000000000007fec                z_sched_init
 .text.z_impl_k_yield
                0x0000000000007ffc      0x120 zephyr/kernel/libkernel.a(sched.c.obj)
                0x0000000000007ffc                z_impl_k_yield
 .text.z_tick_sleep
                0x000000000000811c      0x114 zephyr/kernel/libkernel.a(sched.c.obj)
 .text.z_impl_k_sleep
                0x0000000000008230       0x74 zephyr/kernel/libkernel.a(sched.c.obj)
                0x0000000000008230                z_impl_k_sleep
 .text.z_impl_k_wakeup
                0x00000000000082a4       0xb0 zephyr/kernel/libkernel.a(sched.c.obj)
                0x00000000000082a4                z_impl_k_wakeup
 .text.z_impl_k_sched_current_thread_query
                0x0000000000008354        0xc zephyr/kernel/libkernel.a(sched.c.obj)
                0x0000000000008354                z_impl_k_sched_current_thread_query
 .text.z_thread_abort
                0x0000000000008360      0x270 zephyr/kernel/libkernel.a(sched.c.obj)
                0x0000000000008360                z_thread_abort
 .text.z_time_slice_size
                0x00000000000085d0       0x40 zephyr/kernel/libkernel.a(timeslicing.c.obj)
 .text.slice_timeout
                0x0000000000008610       0x5c zephyr/kernel/libkernel.a(timeslicing.c.obj)
 .text.z_reset_time_slice
                0x000000000000866c       0x48 zephyr/kernel/libkernel.a(timeslicing.c.obj)
                0x000000000000866c                z_reset_time_slice
 .text.z_time_slice
                0x00000000000086b4       0xc8 zephyr/kernel/libkernel.a(timeslicing.c.obj)
                0x00000000000086b4                z_time_slice
 .text.z_spin_lock_valid
                0x000000000000877c       0x1c zephyr/kernel/libkernel.a(spinlock_validate.c.obj)
                0x000000000000877c                z_spin_lock_valid
 .text.z_spin_unlock_valid
                0x0000000000008798       0x2c zephyr/kernel/libkernel.a(spinlock_validate.c.obj)
                0x0000000000008798                z_spin_unlock_valid
 .text.z_spin_lock_set_owner
                0x00000000000087c4       0x10 zephyr/kernel/libkernel.a(spinlock_validate.c.obj)
                0x00000000000087c4                z_spin_lock_set_owner
 .text.z_thread_monitor_exit
                0x00000000000087d4       0xa8 zephyr/kernel/libkernel.a(thread_monitor.c.obj)
                0x00000000000087d4                z_thread_monitor_exit
 .text.first    0x000000000000887c       0x10 zephyr/kernel/libkernel.a(timeout.c.obj)
 .text.elapsed  0x000000000000888c       0x14 zephyr/kernel/libkernel.a(timeout.c.obj)
 .text.remove_timeout
                0x00000000000088a0       0x38 zephyr/kernel/libkernel.a(timeout.c.obj)
 .text.z_add_timeout
                0x00000000000088d8      0x1b8 zephyr/kernel/libkernel.a(timeout.c.obj)
                0x00000000000088d8                z_add_timeout
 .text.z_abort_timeout
                0x0000000000008a90       0xbc zephyr/kernel/libkernel.a(timeout.c.obj)
                0x0000000000008a90                z_abort_timeout
 .text.sys_clock_announce
                0x0000000000008b4c      0x14c zephyr/kernel/libkernel.a(timeout.c.obj)
                0x0000000000008b4c                sys_clock_announce
 .text.sys_clock_tick_get
                0x0000000000008c98       0x9c zephyr/kernel/libkernel.a(timeout.c.obj)
                0x0000000000008c98                sys_clock_tick_get
 .text.z_timer_expiration_handler
                0x0000000000008d34      0x198 zephyr/kernel/libkernel.a(timer.c.obj)
                0x0000000000008d34                z_timer_expiration_handler
 .text.z_impl_k_timer_start
                0x0000000000008ecc       0xdc zephyr/kernel/libkernel.a(timer.c.obj)
                0x0000000000008ecc                z_impl_k_timer_start
 .text.snprintf
                0x0000000000008fa8       0x58 /opt/nordic/ncs/toolchains/0c0f19d91c/opt/zephyr-sdk/arm-zephyr-eabi/bin/../lib/gcc/../../picolibc/arm-zephyr-eabi/lib/thumb/v7e-m/nofp/libc.a(libc_tinystdio_snprintf.c.o)
                0x0000000000008fa8                snprintf
 .text.skip_to_arg
                0x0000000000009000      0x138 /opt/nordic/ncs/toolchains/0c0f19d91c/opt/zephyr-sdk/arm-zephyr-eabi/bin/../lib/gcc/../../picolibc/arm-zephyr-eabi/lib/thumb/v7e-m/nofp/libc.a(libc_tinystdio_vfprintf.c.o)
 .text.vfprintf
                0x0000000000009138      0x9c4 /opt/nordic/ncs/toolchains/0c0f19d91c/opt/zephyr-sdk/arm-zephyr-eabi/bin/../lib/gcc/../../picolibc/arm-zephyr-eabi/lib/thumb/v7e-m/nofp/libc.a(libc_tinystdio_vfprintf.c.o)
                0x0000000000009138                __d_vfprintf
 .text.div10    0x0000000000009afc       0x28 /opt/nordic/ncs/toolchains/0c0f19d91c/opt/zephyr-sdk/arm-zephyr-eabi/bin/../lib/gcc/../../picolibc/arm-zephyr-eabi/lib/thumb/v7e-m/nofp/libc.a(libc_tinystdio_dtoa_ryu.c.o)
 .text.__dtoa_engine
                0x0000000000009b24      0x49c /opt/nordic/ncs/toolchains/0c0f19d91c/opt/zephyr-sdk/arm-zephyr-eabi/bin/../lib/gcc/../../picolibc/arm-zephyr-eabi/lib/thumb/v7e-m/nofp/libc.a(libc_tinystdio_dtoa_ryu.c.o)
                0x0000000000009b24                __dtoa_engine
 .text.__log10Pow2
                0x0000000000009fc0        0xc /opt/nordic/ncs/toolchains/0c0f19d91c/opt/zephyr-sdk/arm-zephyr-eabi/bin/../lib/gcc/../../picolibc/arm-zephyr-eabi/lib/thumb/v7e-m/nofp/libc.a(libc_tinystdio_ryu_log10.c.o)
                0x0000000000009fc0                __log10Pow2
 .text.__log10Pow5
                0x0000000000009fcc        0xc /opt/nordic/ncs/toolchains/0c0f19d91c/opt/zephyr-sdk/arm-zephyr-eabi/bin/../lib/gcc/../../picolibc/arm-zephyr-eabi/lib/thumb/v7e-m/nofp/libc.a(libc_tinystdio_ryu_log10.c.o)
                0x0000000000009fcc                __log10Pow5
 .text.__pow5bits
                0x0000000000009fd8       0x10 /opt/nordic/ncs/toolchains/0c0f19d91c/opt/zephyr-sdk/arm-zephyr-eabi/bin/../lib/gcc/../../picolibc/arm-zephyr-eabi/lib/thumb/v7e-m/nofp/libc.a(libc_tinystdio_ryu_pow5bits.c.o)
                0x0000000000009fd8                __pow5bits
 .text.__pow5Factor
                0x0000000000009fe8       0x30 /opt/nordic/ncs/toolchains/0c0f19d91c/opt/zephyr-sdk/arm-zephyr-eabi/bin/../lib/gcc/../../picolibc/arm-zephyr-eabi/lib/thumb/v7e-m/nofp/libc.a(libc_tinystdio_ryu_table.c.o)
                0x0000000000009fe8                __pow5Factor
 .text.__double_computePow5
                0x000000000000a018       0xe8 /opt/nordic/ncs/toolchains/0c0f19d91c/opt/zephyr-sdk/arm-zephyr-eabi/bin/../lib/gcc/../../picolibc/arm-zephyr-eabi/lib/thumb/v7e-m/nofp/libc.a(libc_tinystdio_ryu_table.c.o)
                0x000000000000a018                __double_computePow5
 .text.__double_computeInvPow5
                0x000000000000a100       0xf8 /opt/nordic/ncs/toolchains/0c0f19d91c/opt/zephyr-sdk/arm-zephyr-eabi/bin/../lib/gcc/../../picolibc/arm-zephyr-eabi/lib/thumb/v7e-m/nofp/libc.a(libc_tinystdio_ryu_table.c.o)
                0x000000000000a100                __double_computeInvPow5
 .text._OffsetAbsSyms
                0x000000000000a1f8        0x2 zephyr/CMakeFiles/offsets.dir/./arch/arm/core/offsets/offsets.c.obj
                0x000000000000a1f8                _OffsetAbsSyms
 .text.BQ_write
                0x000000000000a1fa       0x1a app/libapp.a(bq.c.obj)
                0x000000000000a1fa                BQ_write
 .text.BQ_init  0x000000000000a214       0x16 app/libapp.a(bq.c.obj)
                0x000000000000a214                BQ_init
 .text.BQ_read  0x000000000000a22a        0xc app/libapp.a(bq.c.obj)
                0x000000000000a22a                BQ_read
 .text.BQ_ret_batt
                0x000000000000a236       0x52 app/libapp.a(bq.c.obj)
                0x000000000000a236                BQ_ret_batt
 .text.I2C_write
                0x000000000000a288       0x4a app/libapp.a(i2c_nrf.c.obj)
                0x000000000000a288                I2C_write
 .text.I2C_read
                0x000000000000a2d2       0x6a app/libapp.a(i2c_nrf.c.obj)
                0x000000000000a2d2                I2C_read
 .text.chunk_field
                0x000000000000a33c       0x16 zephyr/libzephyr.a(heap.c.obj)
 .text.chunk_set
                0x000000000000a352       0x16 zephyr/libzephyr.a(heap.c.obj)
 .text.chunk_size
                0x000000000000a368        0xc zephyr/libzephyr.a(heap.c.obj)
 .text.set_chunk_used
                0x000000000000a374       0x30 zephyr/libzephyr.a(heap.c.obj)
 .text.set_chunk_size
                0x000000000000a3a4        0x8 zephyr/libzephyr.a(heap.c.obj)
 .text.bucket_idx
                0x000000000000a3ac       0x1e zephyr/libzephyr.a(heap.c.obj)
 .text.free_list_add
                0x000000000000a3ca       0x84 zephyr/libzephyr.a(heap.c.obj)
 .text.cbpprintf_external
                0x000000000000a44e       0x62 zephyr/libzephyr.a(cbprintf_packaged.c.obj)
                0x000000000000a44e                cbpprintf_external
 .text.is_ptr   0x000000000000a4b0       0x4a zephyr/libzephyr.a(cbprintf_packaged.c.obj)
                0x000000000000a4b0                is_ptr
 .text.arch_printk_char_out
                0x000000000000a4fa        0x4 zephyr/libzephyr.a(printk.c.obj)
                0x000000000000a4fa                arch_printk_char_out
 .text.vprintk  0x000000000000a4fe        0x4 zephyr/libzephyr.a(printk.c.obj)
                0x000000000000a4fe                vprintk
 .text.printk   0x000000000000a502       0x1a zephyr/libzephyr.a(printk.c.obj)
                0x000000000000a502                printk
 .text.assert_post_action
                0x000000000000a51c       0x12 zephyr/libzephyr.a(assert.c.obj)
                0x000000000000a51c                assert_post_action
 .text.assert_print
                0x000000000000a52e       0x1a zephyr/libzephyr.a(assert.c.obj)
                0x000000000000a52e                assert_print
 .text.free_space
                0x000000000000a548       0x26 zephyr/libzephyr.a(mpsc_pbuf.c.obj)
 .text.get_usage
                0x000000000000a56e       0x22 zephyr/libzephyr.a(mpsc_pbuf.c.obj)
 .text.idx_inc  0x000000000000a590       0x1c zephyr/libzephyr.a(mpsc_pbuf.c.obj)
 .text.rd_idx_inc
                0x000000000000a5ac       0x18 zephyr/libzephyr.a(mpsc_pbuf.c.obj)
 .text.add_skip_item
                0x000000000000a5c4       0x3a zephyr/libzephyr.a(mpsc_pbuf.c.obj)
 .text.drop_item_locked
                0x000000000000a5fe      0x100 zephyr/libzephyr.a(mpsc_pbuf.c.obj)
 .text.post_drop_action
                0x000000000000a6fe       0x36 zephyr/libzephyr.a(mpsc_pbuf.c.obj)
 .text.max_utilization_update
                0x000000000000a734       0x1a zephyr/libzephyr.a(mpsc_pbuf.c.obj)
 .text.process_recheck
                0x000000000000a74e       0x38 zephyr/libzephyr.a(onoff.c.obj)
 .text.validate_args
                0x000000000000a786       0x20 zephyr/libzephyr.a(onoff.c.obj)
 .text.notify_one
                0x000000000000a7a6       0x2c zephyr/libzephyr.a(onoff.c.obj)
 .text.onoff_manager_init
                0x000000000000a7d2       0x26 zephyr/libzephyr.a(onoff.c.obj)
                0x000000000000a7d2                onoff_manager_init
 .text.sys_notify_validate
                0x000000000000a7f8       0x22 zephyr/libzephyr.a(notify.c.obj)
                0x000000000000a7f8                sys_notify_validate
 .text._ConfigAbsSyms
                0x000000000000a81a        0x2 zephyr/libzephyr.a(configs.c.obj)
                0x000000000000a81a                _ConfigAbsSyms
 .text.log_msg_generic_get_wlen
                0x000000000000a81c       0x20 zephyr/libzephyr.a(log_core.c.obj)
 .text.dummy_timestamp
                0x000000000000a83c        0x4 zephyr/libzephyr.a(log_core.c.obj)
 .text.default_get_timestamp
                0x000000000000a840        0x4 zephyr/libzephyr.a(log_core.c.obj)
 .text.atomic_inc
                0x000000000000a844       0x1a zephyr/libzephyr.a(log_core.c.obj)
 .text.z_log_vprintk
                0x000000000000a85e       0x1c zephyr/libzephyr.a(log_core.c.obj)
                0x000000000000a85e                z_log_vprintk
 .text.z_log_notify_drop
                0x000000000000a87a        0x6 zephyr/libzephyr.a(log_core.c.obj)
 .text.z_log_get_tag
                0x000000000000a880        0x4 zephyr/libzephyr.a(log_core.c.obj)
                0x000000000000a880                z_log_get_tag
 .text.log_backend_enable
                0x000000000000a884       0x12 zephyr/libzephyr.a(log_mgmt.c.obj)
                0x000000000000a884                log_backend_enable
 .text.z_cbprintf_cpy
                0x000000000000a896       0x2e zephyr/libzephyr.a(log_msg.c.obj)
 .text.z_log_msg_finalize
                0x000000000000a8c4       0x32 zephyr/libzephyr.a(log_msg.c.obj)
                0x000000000000a8c4                z_log_msg_finalize
 .text.z_log_msg_simple_create
                0x000000000000a8f6       0x6e zephyr/libzephyr.a(log_msg.c.obj)
 .text.z_impl_z_log_msg_simple_create_0
                0x000000000000a964       0x12 zephyr/libzephyr.a(log_msg.c.obj)
                0x000000000000a964                z_impl_z_log_msg_simple_create_0
 .text.z_impl_z_log_msg_simple_create_1
                0x000000000000a976       0x14 zephyr/libzephyr.a(log_msg.c.obj)
                0x000000000000a976                z_impl_z_log_msg_simple_create_1
 .text.z_impl_z_log_msg_simple_create_2
                0x000000000000a98a       0x18 zephyr/libzephyr.a(log_msg.c.obj)
                0x000000000000a98a                z_impl_z_log_msg_simple_create_2
 .text.log_output_write
                0x000000000000a9a2       0x1c zephyr/libzephyr.a(log_output.c.obj)
 .text.log_output_flush
                0x000000000000a9be       0x1a zephyr/libzephyr.a(log_output.c.obj)
 .text.cr_out_func
                0x000000000000a9d8       0x1c zephyr/libzephyr.a(log_output.c.obj)
 .text.log_output_msg_process
                0x000000000000a9f4       0x6a zephyr/libzephyr.a(log_output.c.obj)
                0x000000000000a9f4                log_output_msg_process
 .text.format_set
                0x000000000000aa5e        0xc zephyr/libzephyr.a(log_backend_uart.c.obj)
 .text.panic    0x000000000000aa6a       0x32 zephyr/libzephyr.a(log_backend_uart.c.obj)
 .text.dropped  0x000000000000aa9c        0xa zephyr/libzephyr.a(log_backend_uart.c.obj)
 .text.process  0x000000000000aaa6       0x1e zephyr/libzephyr.a(log_backend_uart.c.obj)
 .text.arch_early_memset
                0x000000000000aac4        0x4 zephyr/arch/common/libarch__common.a(init.c.obj)
                0x000000000000aac4                arch_early_memset
 .text.arch_early_memcpy
                0x000000000000aac8        0x4 zephyr/arch/common/libarch__common.a(init.c.obj)
                0x000000000000aac8                arch_early_memcpy
 .text.z_do_kernel_oops
                0x000000000000aacc        0x8 zephyr/arch/arch/arm/core/libarch__arm__core.a(fatal.c.obj)
                0x000000000000aacc                z_do_kernel_oops
 .text.z_arm_nmi
                0x000000000000aad4        0xe zephyr/arch/arch/arm/core/libarch__arm__core.a(nmi.c.obj)
                0x000000000000aad4                z_arm_nmi
 .text.z_log_msg_simple_create_0.constprop.0
                0x000000000000aae2        0x8 zephyr/arch/arch/arm/core/cortex_m/libarch__arm__core__cortex_m.a(fault.c.obj)
 .text.z_irq_spurious
                0x000000000000aaea        0x8 zephyr/arch/arch/arm/core/cortex_m/libarch__arm__core__cortex_m.a(irq_manage.c.obj)
                0x000000000000aaea                z_irq_spurious
 .text.arch_coprocessors_disable
                0x000000000000aaf2        0x6 zephyr/arch/arch/arm/core/cortex_m/libarch__arm__core__cortex_m.a(thread.c.obj)
                0x000000000000aaf2                arch_coprocessors_disable
 .text.arch_irq_unlock_outlined
                0x000000000000aaf8        0xe zephyr/arch/arch/arm/core/cortex_m/libarch__arm__core__cortex_m.a(thread.c.obj)
                0x000000000000aaf8                arch_irq_unlock_outlined
 .text.arch_cpu_idle
                0x000000000000ab06       0x1a zephyr/arch/arch/arm/core/cortex_m/libarch__arm__core__cortex_m.a(cpu_idle.c.obj)
                0x000000000000ab06                arch_cpu_idle
 .text.arch_cpu_atomic_idle
                0x000000000000ab20       0x1e zephyr/arch/arch/arm/core/cortex_m/libarch__arm__core__cortex_m.a(cpu_idle.c.obj)
                0x000000000000ab20                arch_cpu_atomic_idle
 .text.size_to_mpu_rasr_size
                0x000000000000ab3e       0x20 zephyr/arch/arch/arm/core/mpu/libarch__arm__core__mpu.a(arm_mpu.c.obj)
 .text.cbputc   0x000000000000ab5e        0xc zephyr/lib/libc/picolibc/liblib__libc__picolibc.a(cbprintf.c.obj)
 .text.picolibc_put
                0x000000000000ab6a        0xa zephyr/lib/libc/picolibc/liblib__libc__picolibc.a(stdio.c.obj)
 .text.async_start
                0x000000000000ab74       0x5a zephyr/drivers/clock_control/libdrivers__clock_control.a(clock_control_nrf.c.obj)
 .text.api_start
                0x000000000000abce        0xe zephyr/drivers/clock_control/libdrivers__clock_control.a(clock_control_nrf.c.obj)
 .text.onoff_started_callback
                0x000000000000abdc        0xc zephyr/drivers/clock_control/libdrivers__clock_control.a(clock_control_nrf.c.obj)
 .text.blocking_start_callback
                0x000000000000abe8        0x6 zephyr/drivers/clock_control/libdrivers__clock_control.a(clock_control_nrf.c.obj)
 .text.lfclk_stop
                0x000000000000abee        0x4 zephyr/drivers/clock_control/libdrivers__clock_control.a(clock_control_nrf.c.obj)
 .text.api_stop
                0x000000000000abf2        0x6 zephyr/drivers/clock_control/libdrivers__clock_control.a(clock_control_nrf.c.obj)
 .text.gpio_nrfx_port_get_raw
                0x000000000000abf8        0xe zephyr/drivers/gpio/libdrivers__gpio.a(gpio_nrfx.c.obj)
 .text.gpio_nrfx_port_set_masked_raw
                0x000000000000ac06       0x18 zephyr/drivers/gpio/libdrivers__gpio.a(gpio_nrfx.c.obj)
 .text.gpio_nrfx_port_set_bits_raw
                0x000000000000ac1e        0xc zephyr/drivers/gpio/libdrivers__gpio.a(gpio_nrfx.c.obj)
 .text.gpio_nrfx_port_clear_bits_raw
                0x000000000000ac2a        0xc zephyr/drivers/gpio/libdrivers__gpio.a(gpio_nrfx.c.obj)
 .text.gpio_nrfx_port_toggle_bits
                0x000000000000ac36       0x1a zephyr/drivers/gpio/libdrivers__gpio.a(gpio_nrfx.c.obj)
 .text.gpio_nrfx_gpiote_irq_handler
                0x000000000000ac50        0x4 zephyr/drivers/gpio/libdrivers__gpio.a(gpio_nrfx.c.obj)
                0x000000000000ac50                gpio_nrfx_gpiote_irq_handler
 .text.twi_0_init
                0x000000000000ac54       0x40 zephyr/drivers/i2c/libdrivers__i2c.a(i2c_nrfx_twi.c.obj)
 .text.event_handler
                0x000000000000ac94       0x2a zephyr/drivers/i2c/libdrivers__i2c.a(i2c_nrfx_twi.c.obj)
 .text.i2c_nrfx_twi_transfer
                0x000000000000acbe       0xae zephyr/drivers/i2c/libdrivers__i2c.a(i2c_nrfx_twi.c.obj)
 .text.i2c_nrfx_twi_recover_bus
                0x000000000000ad6c       0x10 zephyr/drivers/i2c/libdrivers__i2c.a(i2c_nrfx_twi_common.c.obj)
                0x000000000000ad6c                i2c_nrfx_twi_recover_bus
 .text.event_handler
                0x000000000000ad7c       0x2a zephyr/drivers/i2c/libdrivers__i2c.a(i2c_nrfx_twim.c.obj)
 .text.i2c_nrfx_twim_init
                0x000000000000ada6       0x28 zephyr/drivers/i2c/libdrivers__i2c.a(i2c_nrfx_twim.c.obj)
 .text.i2c_nrfx_twim_exclusive_access_acquire
                0x000000000000adce        0x8 zephyr/drivers/i2c/libdrivers__i2c.a(i2c_nrfx_twim.c.obj)
                0x000000000000adce                i2c_nrfx_twim_exclusive_access_acquire
 .text.i2c_nrfx_twim_exclusive_access_release
                0x000000000000add6        0x8 zephyr/drivers/i2c/libdrivers__i2c.a(i2c_nrfx_twim.c.obj)
                0x000000000000add6                i2c_nrfx_twim_exclusive_access_release
 .text.pinctrl_apply_state.isra.0
                0x000000000000adde       0x1e zephyr/drivers/i2c/libdrivers__i2c.a(i2c_nrfx_twim_common.c.obj)
 .text.i2c_nrfx_twim_recover_bus
                0x000000000000adfc       0x30 zephyr/drivers/i2c/libdrivers__i2c.a(i2c_nrfx_twim_common.c.obj)
                0x000000000000adfc                i2c_nrfx_twim_recover_bus
 .text.twim_nrfx_pm_resume
                0x000000000000ae2c       0x16 zephyr/drivers/i2c/libdrivers__i2c.a(i2c_nrfx_twim_common.c.obj)
                0x000000000000ae2c                twim_nrfx_pm_resume
 .text.pinctrl_lookup_state
                0x000000000000ae42       0x26 zephyr/drivers/pinctrl/libdrivers__pinctrl.a(common.c.obj)
                0x000000000000ae42                pinctrl_lookup_state
 .text.uarte_nrfx_err_check
                0x000000000000ae68        0xe zephyr/drivers/serial/libdrivers__serial.a(uart_nrfx_uarte.c.obj)
 .text.uarte_nrfx_poll_in
                0x000000000000ae76       0x26 zephyr/drivers/serial/libdrivers__serial.a(uart_nrfx_uarte.c.obj)
 .text.is_tx_ready.isra.0
                0x000000000000ae9c       0x20 zephyr/drivers/serial/libdrivers__serial.a(uart_nrfx_uarte.c.obj)
 .text.uarte_nrfx_isr_int
                0x000000000000aebc       0x42 zephyr/drivers/serial/libdrivers__serial.a(uart_nrfx_uarte.c.obj)
 .text.pinctrl_apply_state.isra.0
                0x000000000000aefe       0x1e zephyr/drivers/serial/libdrivers__serial.a(uart_nrfx_uarte.c.obj)
 .text.sys_clock_cycle_get_32
                0x000000000000af1c        0x8 zephyr/drivers/timer/libdrivers__timer.a(nrf_rtc_timer.c.obj)
                0x000000000000af1c                sys_clock_cycle_get_32
 .text.nrf52_errata_12
                0x000000000000af24       0x1c modules/hal_nordic/modules/hal_nordic/nrfx/libnrfx.a(system_nrf52.c.obj)
 .text.nrfx_isr
                0x000000000000af40        0x6 modules/hal_nordic/modules/hal_nordic/nrfx/libnrfx.a(nrfx_glue.c.obj)
                0x000000000000af40                nrfx_isr
 .text.nrfx_busy_wait
                0x000000000000af46        0x4 modules/hal_nordic/modules/hal_nordic/nrfx/libnrfx.a(nrfx_glue.c.obj)
                0x000000000000af46                nrfx_busy_wait
 .text.nrfx_flag32_alloc
                0x000000000000af4a       0x3c modules/hal_nordic/modules/hal_nordic/nrfx/libnrfx.a(nrfx_flag32_allocator.c.obj)
                0x000000000000af4a                nrfx_flag32_alloc
 .text.nrfx_flag32_free
                0x000000000000af86       0x3a modules/hal_nordic/modules/hal_nordic/nrfx/libnrfx.a(nrfx_flag32_allocator.c.obj)
                0x000000000000af86                nrfx_flag32_free
 .text.nrfx_gppi_conn_alloc
                0x000000000000afc0       0x2c modules/hal_nordic/modules/hal_nordic/nrfx/libnrfx.a(nrfx_gppi_ppi.c.obj)
                0x000000000000afc0                nrfx_gppi_conn_alloc
 .text.nrfx_power_clock_irq_handler
                0x000000000000afec        0xe modules/hal_nordic/modules/hal_nordic/nrfx/libnrfx.a(nrfx_clock.c.obj)
                0x000000000000afec                nrfx_power_clock_irq_handler
 .text.clock_stop
                0x000000000000affa       0x32 modules/hal_nordic/modules/hal_nordic/nrfx/libnrfx.a(nrfx_clock_lfclk.c.obj)
 .text.nrf_gpio_pin_present_check
                0x000000000000b02c       0x14 modules/hal_nordic/modules/hal_nordic/nrfx/libnrfx.a(nrfx_gpiote.c.obj)
 .text.pin_in_use_by_te
                0x000000000000b040        0xe modules/hal_nordic/modules/hal_nordic/nrfx/libnrfx.a(nrfx_gpiote.c.obj)
 .text.pin_is_output
                0x000000000000b04e        0xe modules/hal_nordic/modules/hal_nordic/nrfx/libnrfx.a(nrfx_gpiote.c.obj)
 .text.pin_is_task_output
                0x000000000000b05c       0x1a modules/hal_nordic/modules/hal_nordic/nrfx/libnrfx.a(nrfx_gpiote.c.obj)
 .text.call_handler
                0x000000000000b076       0x3a modules/hal_nordic/modules/hal_nordic/nrfx/libnrfx.a(nrfx_gpiote.c.obj)
 .text.nrf_gpio_reconfigure
                0x000000000000b0b0       0x9a modules/hal_nordic/modules/hal_nordic/nrfx/libnrfx.a(nrfx_gpiote.c.obj)
 .text.nrf_gpio_cfg_sense_set
                0x000000000000b14a       0x1e modules/hal_nordic/modules/hal_nordic/nrfx/libnrfx.a(nrfx_gpiote.c.obj)
 .text.latch_pending_read_and_check
                0x000000000000b168       0x28 modules/hal_nordic/modules/hal_nordic/nrfx/libnrfx.a(nrfx_gpiote.c.obj)
 .text.__nrfy_internal_gpiote_events_process
                0x000000000000b190       0x5a modules/hal_nordic/modules/hal_nordic/nrfx/libnrfx.a(nrfx_gpiote.c.obj)
 .text.pin_trigger_disable
                0x000000000000b1ea       0x4a modules/hal_nordic/modules/hal_nordic/nrfx/libnrfx.a(nrfx_gpiote.c.obj)
 .text.twi_transfer
                0x000000000000b234      0x130 modules/hal_nordic/modules/hal_nordic/nrfx/libnrfx.a(nrfx_twi.c.obj)
 .text.xfer_completeness_check
                0x000000000000b364       0x62 modules/hal_nordic/modules/hal_nordic/nrfx/libnrfx.a(nrfx_twim.c.obj)
 .text.__nrfy_internal_twim_event_handle.isra.0
                0x000000000000b3c6       0x22 modules/hal_nordic/modules/hal_nordic/nrfx/libnrfx.a(nrfx_twim.c.obj)
 .text.__nrfy_internal_twim_events_process.constprop.0
                0x000000000000b3e8       0x54 modules/hal_nordic/modules/hal_nordic/nrfx/libnrfx.a(nrfx_twim.c.obj)
 .text.twim_configure
                0x000000000000b43c       0x42 modules/hal_nordic/modules/hal_nordic/nrfx/libnrfx.a(nrfx_twim.c.obj)
 .text.nrf_gpio_pin_set
                0x000000000000b47e       0x1a modules/hal_nordic/modules/hal_nordic/nrfx/libnrfx.a(nrfx_twi_twim.c.obj)
 .text._GetAvailWriteSpace
                0x000000000000b498       0x12 modules/segger/libmodules__segger.a(SEGGER_RTT.c.obj)
 .text._WriteNoCheck
                0x000000000000b4aa       0x36 modules/segger/libmodules__segger.a(SEGGER_RTT.c.obj)
 .text._WriteBlocking
                0x000000000000b4e0       0x54 modules/segger/libmodules__segger.a(SEGGER_RTT.c.obj)
 .text.rtt_init
                0x000000000000b534        0xa modules/segger/libmodules__segger.a(SEGGER_RTT_zephyr.c.obj)
 .text.zephyr_rtt_irq_lock
                0x000000000000b53e       0x10 modules/segger/libmodules__segger.a(SEGGER_RTT_zephyr.c.obj)
                0x000000000000b53e                zephyr_rtt_irq_lock
 .text.zephyr_rtt_irq_unlock
                0x000000000000b54e        0xa modules/segger/libmodules__segger.a(SEGGER_RTT_zephyr.c.obj)
                0x000000000000b54e                zephyr_rtt_irq_unlock
 .text.z_impl_k_busy_wait
                0x000000000000b558        0x8 zephyr/kernel/libkernel.a(busy_wait.c.obj)
                0x000000000000b558                z_impl_k_busy_wait
 .text.z_impl_device_is_ready
                0x000000000000b560       0x16 zephyr/kernel/libkernel.a(device.c.obj)
                0x000000000000b560                z_impl_device_is_ready
 .text.arch_system_halt
                0x000000000000b576       0x10 zephyr/kernel/libkernel.a(fatal.c.obj)
                0x000000000000b576                arch_system_halt
 .text.z_impl_k_sem_init
                0x000000000000b586       0x18 zephyr/kernel/libkernel.a(sem.c.obj)
                0x000000000000b586                z_impl_k_sem_init
 .text.k_is_in_isr
                0x000000000000b59e        0xc zephyr/kernel/libkernel.a(thread.c.obj)
                0x000000000000b59e                k_is_in_isr
 .text.k_thread_name_get
                0x000000000000b5aa        0x4 zephyr/kernel/libkernel.a(thread.c.obj)
                0x000000000000b5aa                k_thread_name_get
 .text.sys_dlist_remove
                0x000000000000b5ae       0x10 zephyr/kernel/libkernel.a(sched.c.obj)
 .text.add_to_waitq_locked
                0x000000000000b5be       0x50 zephyr/kernel/libkernel.a(sched.c.obj)
 .text.z_thread_timeout
                0x000000000000b60e        0x8 zephyr/kernel/libkernel.a(sched.c.obj)
                0x000000000000b60e                z_thread_timeout
 .text.next_timeout
                0x000000000000b616       0x2e zephyr/kernel/libkernel.a(timeout.c.obj)
 .text.sys_clock_tick_get_32
                0x000000000000b644        0x8 zephyr/kernel/libkernel.a(timeout.c.obj)
                0x000000000000b644                sys_clock_tick_get_32
 .text.z_impl_k_uptime_ticks
                0x000000000000b64c        0x4 zephyr/kernel/libkernel.a(timeout.c.obj)
                0x000000000000b64c                z_impl_k_uptime_ticks
 .text.k_timer_init
                0x000000000000b650       0x18 zephyr/kernel/libkernel.a(timer.c.obj)
                0x000000000000b650                k_timer_init
 .text.z_impl_k_timer_stop
                0x000000000000b668       0x38 zephyr/kernel/libkernel.a(timer.c.obj)
                0x000000000000b668                z_impl_k_timer_stop
 .text.boot_banner
                0x000000000000b6a0        0x2 zephyr/kernel/libkernel.a(banner.c.obj)
                0x000000000000b6a0                boot_banner
 .text.memcpy   0x000000000000b6a2       0x1c /opt/nordic/ncs/toolchains/0c0f19d91c/opt/zephyr-sdk/arm-zephyr-eabi/bin/../lib/gcc/../../picolibc/arm-zephyr-eabi/lib/thumb/v7e-m/nofp/libc.a(memcpy.c.o)
                0x000000000000b6a2                memcpy
                0x000000000000b6a2                __aeabi_memcpy
                0x000000000000b6a2                __aeabi_memcpy4
                0x000000000000b6a2                __aeabi_memcpy8
 .text.memset   0x000000000000b6be       0x10 /opt/nordic/ncs/toolchains/0c0f19d91c/opt/zephyr-sdk/arm-zephyr-eabi/bin/../lib/gcc/../../picolibc/arm-zephyr-eabi/lib/thumb/v7e-m/nofp/libc.a(memset.c.o)
                0x000000000000b6be                memset
 .text.strncpy  0x000000000000b6ce       0x20 /opt/nordic/ncs/toolchains/0c0f19d91c/opt/zephyr-sdk/arm-zephyr-eabi/bin/../lib/gcc/../../picolibc/arm-zephyr-eabi/lib/thumb/v7e-m/nofp/libc.a(libc_string_strncpy.c.o)
                0x000000000000b6ce                strncpy
 .text.strnlen  0x000000000000b6ee       0x18 /opt/nordic/ncs/toolchains/0c0f19d91c/opt/zephyr-sdk/arm-zephyr-eabi/bin/../lib/gcc/../../picolibc/arm-zephyr-eabi/lib/thumb/v7e-m/nofp/libc.a(libc_string_strnlen.c.o)
                0x000000000000b6ee                strnlen
 .text.__ultoa_invert
                0x000000000000b706       0x50 /opt/nordic/ncs/toolchains/0c0f19d91c/opt/zephyr-sdk/arm-zephyr-eabi/bin/../lib/gcc/../../picolibc/arm-zephyr-eabi/lib/thumb/v7e-m/nofp/libc.a(libc_tinystdio_vfprintf.c.o)
 .text.mulShiftAll64
                0x000000000000b756      0x176 /opt/nordic/ncs/toolchains/0c0f19d91c/opt/zephyr-sdk/arm-zephyr-eabi/bin/../lib/gcc/../../picolibc/arm-zephyr-eabi/lib/thumb/v7e-m/nofp/libc.a(libc_tinystdio_dtoa_ryu.c.o)
 .text.__umul128
                0x000000000000b8cc       0x36 /opt/nordic/ncs/toolchains/0c0f19d91c/opt/zephyr-sdk/arm-zephyr-eabi/bin/../lib/gcc/../../picolibc/arm-zephyr-eabi/lib/thumb/v7e-m/nofp/libc.a(libc_tinystdio_ryu_umul128.c.o)
                0x000000000000b8cc                __umul128
 .text.__shiftright128
                0x000000000000b902       0x3e /opt/nordic/ncs/toolchains/0c0f19d91c/opt/zephyr-sdk/arm-zephyr-eabi/bin/../lib/gcc/../../picolibc/arm-zephyr-eabi/lib/thumb/v7e-m/nofp/libc.a(libc_tinystdio_ryu_umul128.c.o)
                0x000000000000b902                __shiftright128
 .text.__dtox_engine
                0x000000000000b940      0x128 /opt/nordic/ncs/toolchains/0c0f19d91c/opt/zephyr-sdk/arm-zephyr-eabi/bin/../lib/gcc/../../picolibc/arm-zephyr-eabi/lib/thumb/v7e-m/nofp/libc.a(libc_tinystdio_dtox_engine.c.o)
                0x000000000000b940                __dtox_engine
 .text.__file_str_put
                0x000000000000ba68       0x10 /opt/nordic/ncs/toolchains/0c0f19d91c/opt/zephyr-sdk/arm-zephyr-eabi/bin/../lib/gcc/../../picolibc/arm-zephyr-eabi/lib/thumb/v7e-m/nofp/libc.a(libc_tinystdio_filestrput.c.o)
                0x000000000000ba68                __file_str_put
 *(SORT_BY_ALIGNMENT(.TEXT.*))
 .TEXT.__aeabi_read_tp
                0x000000000000ba78        0xc zephyr/arch/arch/arm/core/cortex_m/libarch__arm__core__cortex_m.a(__aeabi_read_tp.S.obj)
                0x000000000000ba78                __aeabi_read_tp
 *(SORT_BY_ALIGNMENT(.gnu.linkonce.t.*))
 *(SORT_BY_ALIGNMENT(.glue_7t))
 .glue_7t       0x000000000000ba84        0x0 linker stubs
 *(SORT_BY_ALIGNMENT(.glue_7))
 .glue_7        0x000000000000ba84        0x0 linker stubs
 *(SORT_BY_ALIGNMENT(.vfp11_veneer))
 .vfp11_veneer  0x000000000000ba84        0x0 linker stubs
 *(SORT_BY_ALIGNMENT(.v4_bx))
 .v4_bx         0x000000000000ba84        0x0 linker stubs
                0x000000000000ba84                . = ALIGN (0x4)
                0x000000000000ba84                __text_region_end = .

.ARM.exidx      0x000000000000ba84        0x8
                0x000000000000ba84                __exidx_start = .
 *(SORT_BY_ALIGNMENT(.ARM.exidx*) SORT_BY_ALIGNMENT(gnu.linkonce.armexidx.*))
 .ARM.exidx     0x000000000000ba84        0x8 /opt/nordic/ncs/toolchains/0c0f19d91c/opt/zephyr-sdk/arm-zephyr-eabi/bin/../lib/gcc/../../picolibc/arm-zephyr-eabi/lib/thumb/v7e-m/nofp/libc.a(strlen.S.o)
 .ARM.exidx     0x000000000000ba8c        0x0 /opt/nordic/ncs/toolchains/0c0f19d91c/opt/zephyr-sdk/arm-zephyr-eabi/bin/../lib/gcc/arm-zephyr-eabi/12.2.0/thumb/v7e-m/nofp/libgcc.a(_udivmoddi4.o)
                                          0x8 (size before relaxing)
                0x000000000000ba8c                __exidx_end = .
                0x000000000000ba8c                __rodata_region_start = .

initlevel       0x000000000000ba8c       0x70
                0x000000000000ba8c                __init_start = .
                0x000000000000ba8c                __init_EARLY_start = .
 *(SORT_BY_NAME(SORT_BY_ALIGNMENT(.z_init_EARLY_P_?_*)))
 .z_init_EARLY_P_0_SUB_0_
                0x000000000000ba8c        0x8 zephyr/soc/soc/nrf52832/libsoc__nordic.a(gppi_init.c.obj)
 *(SORT_BY_NAME(SORT_BY_ALIGNMENT(.z_init_EARLY_P_??_*)))
 *(SORT_BY_NAME(SORT_BY_ALIGNMENT(.z_init_EARLY_P_???_*)))
                0x000000000000ba94                __init_PRE_KERNEL_1_start = .
 *(SORT_BY_NAME(SORT_BY_ALIGNMENT(.z_init_PRE_KERNEL_1_P_?_*)))
 .z_init_PRE_KERNEL_1_P_0_SUB_0_
                0x000000000000ba94        0x8 zephyr/soc/soc/nrf52832/libsoc__nordic.a(soc.c.obj)
 *(SORT_BY_NAME(SORT_BY_ALIGNMENT(.z_init_PRE_KERNEL_1_P_??_*)))
 .z_init_PRE_KERNEL_1_P_30_SUB_00063_
                0x000000000000ba9c        0x8 zephyr/drivers/clock_control/libdrivers__clock_control.a(clock_control_nrf.c.obj)
 .z_init_PRE_KERNEL_1_P_30_SUB_0_
                0x000000000000baa4        0x8 modules/segger/libmodules__segger.a(SEGGER_RTT_zephyr.c.obj)
 .z_init_PRE_KERNEL_1_P_40_SUB_00011_
                0x000000000000baac        0x8 zephyr/drivers/gpio/libdrivers__gpio.a(gpio_nrfx.c.obj)
 .z_init_PRE_KERNEL_1_P_50_SUB_00097_
                0x000000000000bab4        0x8 zephyr/drivers/serial/libdrivers__serial.a(uart_nrfx_uarte.c.obj)
 .z_init_PRE_KERNEL_1_P_60_SUB_0_
                0x000000000000babc        0x8 zephyr/drivers/console/libdrivers__console.a(rtt_console.c.obj)
 .z_init_PRE_KERNEL_1_P_60_SUB_0_
                0x000000000000bac4        0x8 zephyr/drivers/console/libdrivers__console.a(uart_console.c.obj)
 *(SORT_BY_NAME(SORT_BY_ALIGNMENT(.z_init_PRE_KERNEL_1_P_???_*)))
                0x000000000000bacc                __init_PRE_KERNEL_2_start = .
 *(SORT_BY_NAME(SORT_BY_ALIGNMENT(.z_init_PRE_KERNEL_2_P_?_*)))
 .z_init_PRE_KERNEL_2_P_0_SUB_0_
                0x000000000000bacc        0x8 zephyr/drivers/timer/libdrivers__timer.a(nrf_rtc_timer.c.obj)
 *(SORT_BY_NAME(SORT_BY_ALIGNMENT(.z_init_PRE_KERNEL_2_P_??_*)))
 *(SORT_BY_NAME(SORT_BY_ALIGNMENT(.z_init_PRE_KERNEL_2_P_???_*)))
                0x000000000000bad4                __init_POST_KERNEL_start = .
 *(SORT_BY_NAME(SORT_BY_ALIGNMENT(.z_init_POST_KERNEL_P_?_*)))
 .z_init_POST_KERNEL_P_0_SUB_0_
                0x000000000000bad4        0x8 zephyr/libzephyr.a(log_core.c.obj)
 *(SORT_BY_NAME(SORT_BY_ALIGNMENT(.z_init_POST_KERNEL_P_??_*)))
 .z_init_POST_KERNEL_P_35_SUB_0_
                0x000000000000badc        0x8 zephyr/lib/libc/common/liblib__libc__common.a(malloc.c.obj)
 .z_init_POST_KERNEL_P_50_SUB_00073_
                0x000000000000bae4        0x8 zephyr/drivers/i2c/libdrivers__i2c.a(i2c_nrfx_twi.c.obj)
 .z_init_POST_KERNEL_P_50_SUB_00074_
                0x000000000000baec        0x8 zephyr/drivers/i2c/libdrivers__i2c.a(i2c_nrfx_twim.c.obj)
 *(SORT_BY_NAME(SORT_BY_ALIGNMENT(.z_init_POST_KERNEL_P_???_*)))
                0x000000000000baf4                __init_APPLICATION_start = .
 *(SORT_BY_NAME(SORT_BY_ALIGNMENT(.z_init_APPLICATION_P_?_*)))
 .z_init_APPLICATION_P_0_SUB_0_
                0x000000000000baf4        0x8 zephyr/libzephyr.a(banner.c.obj)
 *(SORT_BY_NAME(SORT_BY_ALIGNMENT(.z_init_APPLICATION_P_??_*)))
 *(SORT_BY_NAME(SORT_BY_ALIGNMENT(.z_init_APPLICATION_P_???_*)))
                0x000000000000bafc                __init_SMP_start = .
 *(SORT_BY_NAME(SORT_BY_ALIGNMENT(.z_init_SMP_P_?_*)))
 *(SORT_BY_NAME(SORT_BY_ALIGNMENT(.z_init_SMP_P_??_*)))
 *(SORT_BY_NAME(SORT_BY_ALIGNMENT(.z_init_SMP_P_???_*)))
                0x000000000000bafc                __init_end = .

device_area     0x000000000000bafc       0x8c
                0x000000000000bafc                _device_list_start = .
 *(SORT_BY_NAME(SORT_BY_ALIGNMENT(._device.static.*_?_*)))
 *(SORT_BY_NAME(SORT_BY_ALIGNMENT(._device.static.*_??_*)))
 ._device.static.1_30_
                0x000000000000bafc       0x1c zephyr/drivers/clock_control/libdrivers__clock_control.a(clock_control_nrf.c.obj)
                0x000000000000bafc                __device_dts_ord_63
 ._device.static.1_40_
                0x000000000000bb18       0x1c zephyr/drivers/gpio/libdrivers__gpio.a(gpio_nrfx.c.obj)
                0x000000000000bb18                __device_dts_ord_11
 ._device.static.1_50_
                0x000000000000bb34       0x1c zephyr/drivers/serial/libdrivers__serial.a(uart_nrfx_uarte.c.obj)
                0x000000000000bb34                __device_dts_ord_97
 ._device.static.3_50_
                0x000000000000bb50       0x1c zephyr/drivers/i2c/libdrivers__i2c.a(i2c_nrfx_twi.c.obj)
                0x000000000000bb50                __device_dts_ord_73
 ._device.static.3_50_
                0x000000000000bb6c       0x1c zephyr/drivers/i2c/libdrivers__i2c.a(i2c_nrfx_twim.c.obj)
                0x000000000000bb6c                __device_dts_ord_74
 *(SORT_BY_NAME(SORT_BY_ALIGNMENT(._device.static.*_???_*)))
 *(SORT_BY_NAME(SORT_BY_ALIGNMENT(._device.static.*_????_*)))
 *(SORT_BY_NAME(SORT_BY_ALIGNMENT(._device.static.*_?????_*)))
                0x000000000000bb88                _device_list_end = .

sw_isr_table    0x000000000000bb88      0x138
                0x000000000000bb88                . = ALIGN (0x4)
 *(SORT_BY_ALIGNMENT(.gnu.linkonce.sw_isr_table*))
 .gnu.linkonce.sw_isr_table
                0x000000000000bb88      0x138 zephyr/arch/common/libisr_tables.a(isr_tables.c.obj)
                0x000000000000bb88                _sw_isr_table

initlevel_error
                0x000000000000ba8c        0x0
 *(SORT_BY_NAME(SORT_BY_ALIGNMENT(.z_init_*)))
                0x0000000000000001                ASSERT ((SIZEOF (initlevel_error) == 0x0), Undefined initialization levels used.)

app_shmem_regions
                0x000000000000bcc0        0x0
                0x000000000000bcc0                __app_shmem_regions_start = .
 *(SORT_BY_NAME(SORT_BY_ALIGNMENT(.app_regions.*)))
                0x000000000000bcc0                __app_shmem_regions_end = .

k_p4wq_initparam_area
                0x000000000000bcc0        0x0
                0x000000000000bcc0                _k_p4wq_initparam_list_start = .
 *(SORT_BY_NAME(SORT_BY_ALIGNMENT(._k_p4wq_initparam.static.*)))
                0x000000000000bcc0                _k_p4wq_initparam_list_end = .

_static_thread_data_area
                0x000000000000bcc0        0x0
                0x000000000000bcc0                __static_thread_data_list_start = .
 *(SORT_BY_NAME(SORT_BY_ALIGNMENT(.__static_thread_data.static.*)))
                0x000000000000bcc0                __static_thread_data_list_end = .

device_deps     0x000000000000bcc0        0x0
                0x000000000000bcc0                __device_deps_start = .
 *(SORT_BY_NAME(SORT_BY_ALIGNMENT(.__device_deps_pass2*)))
                0x000000000000bcc0                __device_deps_end = .

gpio_driver_api_area
                0x000000000000bcc0       0x24
                0x000000000000bcc0                _gpio_driver_api_list_start = .
 *(SORT_BY_NAME(SORT_BY_ALIGNMENT(._gpio_driver_api.static.*)))
 ._gpio_driver_api.static.gpio_nrfx_drv_api_funcs_
                0x000000000000bcc0       0x24 zephyr/drivers/gpio/libdrivers__gpio.a(gpio_nrfx.c.obj)
                0x000000000000bce4                _gpio_driver_api_list_end = .

i2c_driver_api_area
                0x000000000000bce4       0x30
                0x000000000000bce4                _i2c_driver_api_list_start = .
 *(SORT_BY_NAME(SORT_BY_ALIGNMENT(._i2c_driver_api.static.*)))
 ._i2c_driver_api.static.i2c_nrfx_twi_driver_api_
                0x000000000000bce4       0x18 zephyr/drivers/i2c/libdrivers__i2c.a(i2c_nrfx_twi.c.obj)
 ._i2c_driver_api.static.i2c_nrfx_twim_driver_api_
                0x000000000000bcfc       0x18 zephyr/drivers/i2c/libdrivers__i2c.a(i2c_nrfx_twim.c.obj)
                0x000000000000bd14                _i2c_driver_api_list_end = .

i2c_target_driver_api_area
                0x000000000000bd14        0x0
                0x000000000000bd14                _i2c_target_driver_api_list_start = .
 *(SORT_BY_NAME(SORT_BY_ALIGNMENT(._i2c_target_driver_api.static.*)))
                0x000000000000bd14                _i2c_target_driver_api_list_end = .

shared_irq_driver_api_area
                0x000000000000bd14        0x0
                0x000000000000bd14                _shared_irq_driver_api_list_start = .
 *(SORT_BY_NAME(SORT_BY_ALIGNMENT(._shared_irq_driver_api.static.*)))
                0x000000000000bd14                _shared_irq_driver_api_list_end = .

crypto_driver_api_area
                0x000000000000bd14        0x0
                0x000000000000bd14                _crypto_driver_api_list_start = .
 *(SORT_BY_NAME(SORT_BY_ALIGNMENT(._crypto_driver_api.static.*)))
                0x000000000000bd14                _crypto_driver_api_list_end = .

adc_driver_api_area
                0x000000000000bd14        0x0
                0x000000000000bd14                _adc_driver_api_list_start = .
 *(SORT_BY_NAME(SORT_BY_ALIGNMENT(._adc_driver_api.static.*)))
                0x000000000000bd14                _adc_driver_api_list_end = .

auxdisplay_driver_api_area
                0x000000000000bd14        0x0
                0x000000000000bd14                _auxdisplay_driver_api_list_start = .
 *(SORT_BY_NAME(SORT_BY_ALIGNMENT(._auxdisplay_driver_api.static.*)))
                0x000000000000bd14                _auxdisplay_driver_api_list_end = .

bbram_driver_api_area
                0x000000000000bd14        0x0
                0x000000000000bd14                _bbram_driver_api_list_start = .
 *(SORT_BY_NAME(SORT_BY_ALIGNMENT(._bbram_driver_api.static.*)))
                0x000000000000bd14                _bbram_driver_api_list_end = .

bt_hci_driver_api_area
                0x000000000000bd14        0x0
                0x000000000000bd14                _bt_hci_driver_api_list_start = .
 *(SORT_BY_NAME(SORT_BY_ALIGNMENT(._bt_hci_driver_api.static.*)))
                0x000000000000bd14                _bt_hci_driver_api_list_end = .

can_driver_api_area
                0x000000000000bd14        0x0
                0x000000000000bd14                _can_driver_api_list_start = .
 *(SORT_BY_NAME(SORT_BY_ALIGNMENT(._can_driver_api.static.*)))
                0x000000000000bd14                _can_driver_api_list_end = .

cellular_driver_api_area
                0x000000000000bd14        0x0
                0x000000000000bd14                _cellular_driver_api_list_start = .
 *(SORT_BY_NAME(SORT_BY_ALIGNMENT(._cellular_driver_api.static.*)))
                0x000000000000bd14                _cellular_driver_api_list_end = .

charger_driver_api_area
                0x000000000000bd14        0x0
                0x000000000000bd14                _charger_driver_api_list_start = .
 *(SORT_BY_NAME(SORT_BY_ALIGNMENT(._charger_driver_api.static.*)))
                0x000000000000bd14                _charger_driver_api_list_end = .

clock_control_driver_api_area
                0x000000000000bd14       0x1c
                0x000000000000bd14                _clock_control_driver_api_list_start = .
 *(SORT_BY_NAME(SORT_BY_ALIGNMENT(._clock_control_driver_api.static.*)))
 ._clock_control_driver_api.static.clock_control_api_
                0x000000000000bd14       0x1c zephyr/drivers/clock_control/libdrivers__clock_control.a(clock_control_nrf.c.obj)
                0x000000000000bd30                _clock_control_driver_api_list_end = .

comparator_driver_api_area
                0x000000000000bd30        0x0
                0x000000000000bd30                _comparator_driver_api_list_start = .
 *(SORT_BY_NAME(SORT_BY_ALIGNMENT(._comparator_driver_api.static.*)))
                0x000000000000bd30                _comparator_driver_api_list_end = .

coredump_driver_api_area
                0x000000000000bd30        0x0
                0x000000000000bd30                _coredump_driver_api_list_start = .
 *(SORT_BY_NAME(SORT_BY_ALIGNMENT(._coredump_driver_api.static.*)))
                0x000000000000bd30                _coredump_driver_api_list_end = .

counter_driver_api_area
                0x000000000000bd30        0x0
                0x000000000000bd30                _counter_driver_api_list_start = .
 *(SORT_BY_NAME(SORT_BY_ALIGNMENT(._counter_driver_api.static.*)))
                0x000000000000bd30                _counter_driver_api_list_end = .

crc_driver_api_area
                0x000000000000bd30        0x0
                0x000000000000bd30                _crc_driver_api_list_start = .
 *(SORT_BY_NAME(SORT_BY_ALIGNMENT(._crc_driver_api.static.*)))
                0x000000000000bd30                _crc_driver_api_list_end = .

dac_driver_api_area
                0x000000000000bd30        0x0
                0x000000000000bd30                _dac_driver_api_list_start = .
 *(SORT_BY_NAME(SORT_BY_ALIGNMENT(._dac_driver_api.static.*)))
                0x000000000000bd30                _dac_driver_api_list_end = .

dai_driver_api_area
                0x000000000000bd30        0x0
                0x000000000000bd30                _dai_driver_api_list_start = .
 *(SORT_BY_NAME(SORT_BY_ALIGNMENT(._dai_driver_api.static.*)))
                0x000000000000bd30                _dai_driver_api_list_end = .

display_driver_api_area
                0x000000000000bd30        0x0
                0x000000000000bd30                _display_driver_api_list_start = .