Archive member included to satisfy reference by file (symbol)

app/libapp.a(main.c.obj)      (--whole-archive)
app/libapp.a(wallnet_rfid.c.obj)
                              (--whole-archive)
zephyr/libzephyr.a(validate_libc.c.obj)
                              (--whole-archive)
zephyr/libzephyr.a(heap.c.obj)
                              (--whole-archive)
zephyr/libzephyr.a(cbprintf_packaged.c.obj)
                              (--whole-archive)
zephyr/libzephyr.a(clock.c.obj)
                              (--whole-archive)
zephyr/libzephyr.a(printk.c.obj)
                              (--whole-archive)
zephyr/libzephyr.a(sem.c.obj)
                              (--whole-archive)
zephyr/libzephyr.a(thread_entry.c.obj)
                              (--whole-archive)
zephyr/libzephyr.a(cbprintf_complete.c.obj)
                              (--whole-archive)
zephyr/libzephyr.a(assert.c.obj)
                              (--whole-archive)
zephyr/libzephyr.a(mpsc_pbuf.c.obj)
                              (--whole-archive)
zephyr/libzephyr.a(dec.c.obj)
                              (--whole-archive)
zephyr/libzephyr.a(hex.c.obj)
                              (--whole-archive)
zephyr/libzephyr.a(rb.c.obj)  (--whole-archive)
zephyr/libzephyr.a(timeutil.c.obj)
                              (--whole-archive)
zephyr/libzephyr.a(bitarray.c.obj)
                              (--whole-archive)
zephyr/libzephyr.a(bitmask.c.obj)
                              (--whole-archive)
zephyr/libzephyr.a(onoff.c.obj)
                              (--whole-archive)
zephyr/libzephyr.a(notify.c.obj)
                              (--whole-archive)
zephyr/libzephyr.a(ring_buffer.c.obj)
                              (--whole-archive)
zephyr/libzephyr.a(last_section_id.c.obj)
                              (--whole-archive)
zephyr/libzephyr.a(configs.c.obj)
                              (--whole-archive)
zephyr/libzephyr.a(thread_info.c.obj)
                              (--whole-archive)
zephyr/libzephyr.a(log_core.c.obj)
                              (--whole-archive)
zephyr/libzephyr.a(log_mgmt.c.obj)
                              (--whole-archive)
zephyr/libzephyr.a(log_cache.c.obj)
                              (--whole-archive)
zephyr/libzephyr.a(log_msg.c.obj)
                              (--whole-archive)
zephyr/libzephyr.a(log_output.c.obj)
                              (--whole-archive)
zephyr/libzephyr.a(log_backend_rtt.c.obj)
                              (--whole-archive)
zephyr/libzephyr.a(log_backend_uart.c.obj)
                              (--whole-archive)
zephyr/libzephyr.a(mem_attr.c.obj)
                              (--whole-archive)
zephyr/libzephyr.a(tracing_none.c.obj)
                              (--whole-archive)
zephyr/libzephyr.a(banner.c.obj)
                              (--whole-archive)
zephyr/libzephyr.a(flash_map_partition_manager.c.obj)
                              (--whole-archive)
zephyr/arch/common/libarch__common.a(sw_isr_common.c.obj)
                              (--whole-archive)
zephyr/arch/common/libarch__common.a(init.c.obj)
                              (--whole-archive)
zephyr/arch/common/libarch__common.a(xip.c.obj)
                              (--whole-archive)
zephyr/arch/arch/arm/core/libarch__arm__core.a(fatal.c.obj)
                              (--whole-archive)
zephyr/arch/arch/arm/core/libarch__arm__core.a(nmi.c.obj)
                              (--whole-archive)
zephyr/arch/arch/arm/core/libarch__arm__core.a(nmi_on_reset.S.obj)
                              (--whole-archive)
zephyr/arch/arch/arm/core/libarch__arm__core.a(tls.c.obj)
                              (--whole-archive)
zephyr/arch/arch/arm/core/cortex_m/libarch__arm__core__cortex_m.a(exc_exit.c.obj)
                              (--whole-archive)
zephyr/arch/arch/arm/core/cortex_m/libarch__arm__core__cortex_m.a(fault.c.obj)
                              (--whole-archive)
zephyr/arch/arch/arm/core/cortex_m/libarch__arm__core__cortex_m.a(fault_s.S.obj)
                              (--whole-archive)
zephyr/arch/arch/arm/core/cortex_m/libarch__arm__core__cortex_m.a(fpu.c.obj)
                              (--whole-archive)
zephyr/arch/arch/arm/core/cortex_m/libarch__arm__core__cortex_m.a(reset.S.obj)
                              (--whole-archive)
zephyr/arch/arch/arm/core/cortex_m/libarch__arm__core__cortex_m.a(scb.c.obj)
                              (--whole-archive)
zephyr/arch/arch/arm/core/cortex_m/libarch__arm__core__cortex_m.a(thread_abort.c.obj)
                              (--whole-archive)
zephyr/arch/arch/arm/core/cortex_m/libarch__arm__core__cortex_m.a(vector_table.S.obj)
                              (--whole-archive)
zephyr/arch/arch/arm/core/cortex_m/libarch__arm__core__cortex_m.a(swap_helper.S.obj)
                              (--whole-archive)
zephyr/arch/arch/arm/core/cortex_m/libarch__arm__core__cortex_m.a(irq_manage.c.obj)
                              (--whole-archive)
[...]
Memory Configuration

Name             Origin             Length             Attributes
FLASH            0x0000000000000000 0x0000000000080000 xr
RAM              0x0000000020000000 0x0000000000010000 xw
IDT_LIST         0x00000000ffff7fff 0x0000000000008000 xw
*default*        0x0000000000000000 0xffffffffffffffff

Linker script and memory map

                0x00000000000094a0                vfprintf = __d_vfprintf
                0x0000000000000000                vfscanf = __d_vfscanf
LOAD zephyr/CMakeFiles/zephyr_final.dir/misc/empty_file.c.obj
LOAD zephyr/CMakeFiles/zephyr_final.dir/isr_tables.c.obj
LOAD zephyr/CMakeFiles/offsets.dir/./arch/arm/core/offsets/offsets.c.obj
LOAD app/libapp.a
LOAD zephyr/libzephyr.a
LOAD zephyr/arch/common/libarch__common.a
LOAD zephyr/arch/arch/arm/core/libarch__arm__core.a
LOAD zephyr/arch/arch/arm/core/cortex_m/libarch__arm__core__cortex_m.a
LOAD zephyr/arch/arch/arm/core/mpu/libarch__arm__core__mpu.a
LOAD zephyr/lib/libc/picolibc/liblib__libc__picolibc.a
LOAD zephyr/lib/libc/common/liblib__libc__common.a
LOAD zephyr/soc/soc/nrf52832/libsoc__nordic.a
LOAD zephyr/drivers/clock_control/libdrivers__clock_control.a
LOAD zephyr/drivers/console/libdrivers__console.a
LOAD zephyr/drivers/gpio/libdrivers__gpio.a
LOAD zephyr/drivers/i2c/libdrivers__i2c.a
LOAD zephyr/drivers/pinctrl/libdrivers__pinctrl.a
LOAD zephyr/drivers/serial/libdrivers__serial.a
LOAD zephyr/drivers/timer/libdrivers__timer.a
LOAD modules/hal_nordic/modules/hal_nordic/nrfx/libmodules__hal_nordic__nrfx.a
LOAD modules/segger/libmodules__segger.a
LOAD zephyr/kernel/libkernel.a
LOAD zephyr/arch/common/libisr_tables.a
LOAD c:\ncs\toolchains\fd21892d0f\opt\zephyr-sdk\arm-zephyr-eabi\bin\../lib/gcc/../../picolibc/arm-zephyr-eabi/lib/thumb/v7e-m/nofp\libc.a
LOAD c:/ncs/toolchains/fd21892d0f/opt/zephyr-sdk/arm-zephyr-eabi/bin/../lib/gcc/arm-zephyr-eabi/12.2.0/thumb/v7e-m/nofp\libgcc.a
                0x0000000000000020                _region_min_align = 0x20

.rel.plt        0x0000000000000000        0x0
 *(SORT_BY_ALIGNMENT(.rel.plt))
                [!provide]                        PROVIDE (__rel_iplt_start = .)
 *(SORT_BY_ALIGNMENT(.rel.iplt))
 .rel.iplt      0x0000000000000000        0x0 zephyr/CMakeFiles/zephyr_final.dir/isr_tables.c.obj
                [!provide]                        PROVIDE (__rel_iplt_end = .)

.rela.plt       0x0000000000000000        0x0
 *(SORT_BY_ALIGNMENT(.rela.plt))
                [!provide]                        PROVIDE (__rela_iplt_start = .)
 *(SORT_BY_ALIGNMENT(.rela.iplt))
                [!provide]                        PROVIDE (__rela_iplt_end = .)

.rel.dyn
 *(SORT_BY_ALIGNMENT(.rel.*))

.rela.dyn
 *(SORT_BY_ALIGNMENT(.rela.*))

/DISCARD/
 *(SORT_BY_ALIGNMENT(.plt))

/DISCARD/
 *(SORT_BY_ALIGNMENT(.iplt))
                0x0000000000000000                __rom_region_start = 0x0

rom_start       0x0000000000000000       0xdc
                0x0000000000000000                __rom_start_address = .
 FILL mask 0x00
                0x0000000000000000                . = (. + (0x0 - (. - __rom_start_address)))
                0x0000000000000000                . = ALIGN (0x4)
                0x0000000000000000                . = ALIGN (0x80)
                0x0000000000000000                . = ALIGN (0x100)
                0x0000000000000000                _vector_start = .
 *(SORT_BY_ALIGNMENT(.exc_vector_table))
 *(SORT_BY_ALIGNMENT(.exc_vector_table.*))
 .exc_vector_table._vector_table_section
                0x0000000000000000       0x40 zephyr/arch/arch/arm/core/cortex_m/libarch__arm__core__cortex_m.a(vector_table.S.obj)
                0x0000000000000000                _vector_table
 *(SORT_BY_ALIGNMENT(.vectors))
                0x00000000000000dc                _vector_end = .
                0x0000000000000040                . = ALIGN (0x4)
 *(SORT_BY_ALIGNMENT(.gnu.linkonce.irq_vector_table*))
 .gnu.linkonce.irq_vector_table
                0x0000000000000040       0x9c zephyr/CMakeFiles/zephyr_final.dir/isr_tables.c.obj
                0x0000000000000040                _irq_vector_table
                0x00000000000000dc                _vector_end = .

text            0x00000000000000dc     0xbb50
                0x00000000000000dc                __text_region_start = .
 *(SORT_BY_ALIGNMENT(.text))
 .text          0x00000000000000dc       0x30 c:/ncs/toolchains/fd21892d0f/opt/zephyr-sdk/arm-zephyr-eabi/bin/../lib/gcc/arm-zephyr-eabi/12.2.0/thumb/v7e-m/nofp\libgcc.a(_aeabi_uldivmod.o)
                0x00000000000000dc                __aeabi_uldivmod
 .text          0x000000000000010c        0x4 c:/ncs/toolchains/fd21892d0f/opt/zephyr-sdk/arm-zephyr-eabi/bin/../lib/gcc/arm-zephyr-eabi/12.2.0/thumb/v7e-m/nofp\libgcc.a(_dvmd_tls.o)
                0x000000000000010c                __aeabi_idiv0
                0x000000000000010c                __aeabi_ldiv0
 .text          0x0000000000000110       0x10 c:\ncs\toolchains\fd21892d0f\opt\zephyr-sdk\arm-zephyr-eabi\bin\../lib/gcc/../../picolibc/arm-zephyr-eabi/lib/thumb/v7e-m/nofp\libc.a(strlen.S.o)
                0x0000000000000110                strlen
 .text          0x0000000000000120      0x2a0 c:/ncs/toolchains/fd21892d0f/opt/zephyr-sdk/arm-zephyr-eabi/bin/../lib/gcc/arm-zephyr-eabi/12.2.0/thumb/v7e-m/nofp\libgcc.a(_udivmoddi4.o)
                0x0000000000000120                __udivmoddi4
 *(SORT_BY_ALIGNMENT(.text.*))
 .text.main     0x00000000000003c0       0x88 app/libapp.a(main.c.obj)
                0x00000000000003c0                main
 .text.wallnet_rfid_init
                0x0000000000000448       0x3c app/libapp.a(wallnet_rfid.c.obj)
                0x0000000000000448                wallnet_rfid_init
 .text.i2c_scan
                0x0000000000000484       0x50 app/libapp.a(wallnet_rfid.c.obj)
                0x0000000000000484                i2c_scan
 .text.st25dv_write_bytes
                0x00000000000004d4       0x54 app/libapp.a(wallnet_rfid.c.obj)
                0x00000000000004d4                st25dv_write_bytes
 .text.wallnet_rfid_write_url
                0x0000000000000528       0x64 app/libapp.a(wallnet_rfid.c.obj)
                0x0000000000000528                wallnet_rfid_write_url
 .text.sys_heap_init
                0x000000000000058c      0x13c zephyr/libzephyr.a(heap.c.obj)
                0x000000000000058c                sys_heap_init
 .text.cbvprintf_package
                0x00000000000006c8      0x438 zephyr/libzephyr.a(cbprintf_packaged.c.obj)
                0x00000000000006c8                cbvprintf_package
 .text.cbprintf_package_convert
                0x0000000000000b00      0x474 zephyr/libzephyr.a(cbprintf_packaged.c.obj)
                0x0000000000000b00                cbprintf_package_convert
 .text.__printk_hook_install
                0x0000000000000f74        0xc zephyr/libzephyr.a(printk.c.obj)
                0x0000000000000f74                __printk_hook_install
 .text.z_thread_entry
                0x0000000000000f80       0x34 zephyr/libzephyr.a(thread_entry.c.obj)
                0x0000000000000f80                z_thread_entry
 .text.mpsc_pbuf_init
                0x0000000000000fb4       0x64 zephyr/libzephyr.a(mpsc_pbuf.c.obj)
                0x0000000000000fb4                mpsc_pbuf_init
 .text.mpsc_pbuf_alloc
                0x0000000000001018      0x188 zephyr/libzephyr.a(mpsc_pbuf.c.obj)
                0x0000000000001018                mpsc_pbuf_alloc
 .text.mpsc_pbuf_commit
                0x00000000000011a0       0xb0 zephyr/libzephyr.a(mpsc_pbuf.c.obj)
                0x00000000000011a0                mpsc_pbuf_commit
 .text.mpsc_pbuf_claim
                0x0000000000001250      0x110 zephyr/libzephyr.a(mpsc_pbuf.c.obj)
                0x0000000000001250                mpsc_pbuf_claim
 .text.mpsc_pbuf_free
                0x0000000000001360       0xe4 zephyr/libzephyr.a(mpsc_pbuf.c.obj)
                0x0000000000001360                mpsc_pbuf_free
 .text.mpsc_pbuf_is_pending
                0x0000000000001444       0xa4 zephyr/libzephyr.a(mpsc_pbuf.c.obj)
                0x0000000000001444                mpsc_pbuf_is_pending
 .text.process_event
                0x00000000000014e8      0x3ac zephyr/libzephyr.a(onoff.c.obj)
 .text.transition_complete
                0x0000000000001894       0x64 zephyr/libzephyr.a(onoff.c.obj)
 .text.onoff_request
                0x00000000000018f8      0x130 zephyr/libzephyr.a(onoff.c.obj)
                0x00000000000018f8                onoff_request
 .text.sys_notify_finalize
                0x0000000000001a28       0x40 zephyr/libzephyr.a(notify.c.obj)
                0x0000000000001a28                sys_notify_finalize
 .text.enable_logger
                0x0000000000001a68       0x5c zephyr/libzephyr.a(log_core.c.obj)
 .text.activate_foreach_backend
                0x0000000000001ac4       0x64 zephyr/libzephyr.a(log_core.c.obj)
 .text.z_log_init
                0x0000000000001b28       0xe4 zephyr/libzephyr.a(log_core.c.obj)
 .text.log_process_thread_timer_expiry_fn
                0x0000000000001c0c        0xc zephyr/libzephyr.a(log_core.c.obj)
 .text.log_format_func_t_get
                0x0000000000001c18        0xc zephyr/libzephyr.a(log_core.c.obj)
                0x0000000000001c18                log_format_func_t_get
 .text.log_set_timestamp_func
                0x0000000000001c24       0x20 zephyr/libzephyr.a(log_core.c.obj)
                0x0000000000001c24                log_set_timestamp_func
 .text.z_log_notify_backend_enabled
                0x0000000000001c44       0x1c zephyr/libzephyr.a(log_core.c.obj)
                0x0000000000001c44                z_log_notify_backend_enabled
 .text.z_log_dropped
                0x0000000000001c60       0x44 zephyr/libzephyr.a(log_core.c.obj)
                0x0000000000001c60                z_log_dropped
 .text.z_log_dropped_read_and_clear
                0x0000000000001ca4       0x20 zephyr/libzephyr.a(log_core.c.obj)
                0x0000000000001ca4                z_log_dropped_read_and_clear
 .text.dropped_notify
                0x0000000000001cc4       0x60 zephyr/libzephyr.a(log_core.c.obj)
                0x0000000000001cc4                dropped_notify
 .text.z_log_msg_init
                0x0000000000001d24       0x20 zephyr/libzephyr.a(log_core.c.obj)
                0x0000000000001d24                z_log_msg_init
 .text.log_core_init
                0x0000000000001d44       0x80 zephyr/libzephyr.a(log_core.c.obj)
                0x0000000000001d44                log_core_init
 .text.z_log_msg_alloc
                0x0000000000001dc4       0x10 zephyr/libzephyr.a(log_core.c.obj)
                0x0000000000001dc4                z_log_msg_alloc
 .text.z_log_msg_local_claim
                0x0000000000001dd4        0xc zephyr/libzephyr.a(log_core.c.obj)
                0x0000000000001dd4                z_log_msg_local_claim
 .text.z_log_msg_free
                0x0000000000001de0       0x10 zephyr/libzephyr.a(log_core.c.obj)
                0x0000000000001de0                z_log_msg_free
 .text.z_log_msg_pending
                0x0000000000001df0        0xc zephyr/libzephyr.a(log_core.c.obj)
                0x0000000000001df0                z_log_msg_pending
 .text.z_impl_log_process
                0x0000000000001dfc       0xf0 zephyr/libzephyr.a(log_core.c.obj)
                0x0000000000001dfc                z_impl_log_process
 .text.z_impl_log_panic
                0x0000000000001eec       0x74 zephyr/libzephyr.a(log_core.c.obj)
                0x0000000000001eec                z_impl_log_panic
 .text.log_process_thread_func
                0x0000000000001f60       0xf4 zephyr/libzephyr.a(log_core.c.obj)
 .text.z_log_msg_post_finalize
                0x0000000000002054       0xe4 zephyr/libzephyr.a(log_core.c.obj)
 .text.z_log_msg_commit
                0x0000000000002138       0x24 zephyr/libzephyr.a(log_core.c.obj)
                0x0000000000002138                z_log_msg_commit
 .text.log_source_name_get
                0x000000000000215c       0x1c zephyr/libzephyr.a(log_mgmt.c.obj)
                0x000000000000215c                log_source_name_get
 .text.z_impl_z_log_msg_static_create
                0x0000000000002178      0x12c zephyr/libzephyr.a(log_msg.c.obj)
                0x0000000000002178                z_impl_z_log_msg_static_create
 .text.z_log_msg_runtime_vcreate
                0x00000000000022a4       0xe0 zephyr/libzephyr.a(log_msg.c.obj)
                0x00000000000022a4                z_log_msg_runtime_vcreate
 .text.log_msg_get_source_id
                0x0000000000002384       0x18 zephyr/libzephyr.a(log_msg.c.obj)
                0x0000000000002384                log_msg_get_source_id
 .text.print_formatted
                0x000000000000239c       0x24 zephyr/libzephyr.a(log_output.c.obj)
 .text.newline_print
                0x00000000000023c0       0x1c zephyr/libzephyr.a(log_output.c.obj)
 .text.out_func
                0x00000000000023dc       0x60 zephyr/libzephyr.a(log_output.c.obj)
 .text.log_output_process
                0x000000000000243c      0x31c zephyr/libzephyr.a(log_output.c.obj)
                0x000000000000243c                log_output_process
 .text.log_output_dropped_process
                0x0000000000002758       0x58 zephyr/libzephyr.a(log_output.c.obj)
                0x0000000000002758                log_output_dropped_process
 .text.log_output_timestamp_freq_set
                0x00000000000027b0       0x2c zephyr/libzephyr.a(log_output.c.obj)
                0x00000000000027b0                log_output_timestamp_freq_set
 .text.log_backend_rtt_init
                0x00000000000027dc        0xc zephyr/libzephyr.a(log_backend_rtt.c.obj)
 .text.format_set
                0x00000000000027e8        0xc zephyr/libzephyr.a(log_backend_rtt.c.obj)
 .text.dropped  0x00000000000027f4        0xc zephyr/libzephyr.a(log_backend_rtt.c.obj)
 .text.process  0x0000000000002800       0x24 zephyr/libzephyr.a(log_backend_rtt.c.obj)
 .text.panic    0x0000000000002824       0x34 zephyr/libzephyr.a(log_backend_rtt.c.obj)
 .text.on_failed_write
                0x0000000000002858       0x28 zephyr/libzephyr.a(log_backend_rtt.c.obj)
 .text.data_out
                0x0000000000002880       0x88 zephyr/libzephyr.a(log_backend_rtt.c.obj)
 .text.char_out
                0x0000000000002908       0x24 zephyr/libzephyr.a(log_backend_uart.c.obj)
 .text.log_backend_uart_init
                0x000000000000292c       0x3c zephyr/libzephyr.a(log_backend_uart.c.obj)
 .text.mem_attr_get_regions
                0x0000000000002968        0xc zephyr/libzephyr.a(mem_attr.c.obj)
                0x0000000000002968                mem_attr_get_regions
 .text.boot_banner
                0x0000000000002974       0x1c zephyr/libzephyr.a(banner.c.obj)
                0x0000000000002974                boot_banner
 .text.arch_bss_zero
                0x0000000000002990       0x18 zephyr/arch/common/libarch__common.a(init.c.obj)
                0x0000000000002990                arch_bss_zero
 .text.arch_data_copy
                0x00000000000029a8       0x38 zephyr/arch/common/libarch__common.a(xip.c.obj)
                0x00000000000029a8                arch_data_copy
 .text.z_arm_fatal_error
                0x00000000000029e0       0xb8 zephyr/arch/arch/arm/core/libarch__arm__core.a(fatal.c.obj)
                0x00000000000029e0                z_arm_fatal_error
 .text.z_SysNmiOnReset
                0x0000000000002a98        0x8 zephyr/arch/arch/arm/core/libarch__arm__core.a(nmi_on_reset.S.obj)
                0x0000000000002a98                z_SysNmiOnReset
 .text.arch_tls_stack_setup
                0x0000000000002aa0       0x40 zephyr/arch/arch/arm/core/libarch__arm__core.a(tls.c.obj)
                0x0000000000002aa0                arch_tls_stack_setup
 .text._HandlerModeExit
                0x0000000000002ae0       0x20 zephyr/arch/arch/arm/core/cortex_m/libarch__arm__core__cortex_m.a(exc_exit.c.obj)
                0x0000000000002ae0                z_arm_int_exit
                0x0000000000002ae0                z_arm_exc_exit
 .text.bus_fault.constprop.0
                0x0000000000002b00       0xd0 zephyr/arch/arch/arm/core/cortex_m/libarch__arm__core__cortex_m.a(fault.c.obj)
 .text.usage_fault.constprop.0
                0x0000000000002bd0       0xa8 zephyr/arch/arch/arm/core/cortex_m/libarch__arm__core__cortex_m.a(fault.c.obj)
 .text.mem_manage_fault
                0x0000000000002c78      0x138 zephyr/arch/arch/arm/core/cortex_m/libarch__arm__core__cortex_m.a(fault.c.obj)
 .text.z_arm_fault
                0x0000000000002db0      0x238 zephyr/arch/arch/arm/core/cortex_m/libarch__arm__core__cortex_m.a(fault.c.obj)
                0x0000000000002db0                z_arm_fault
 .text.z_arm_fault_init
                0x0000000000002fe8       0x18 zephyr/arch/arch/arm/core/cortex_m/libarch__arm__core__cortex_m.a(fault.c.obj)
                0x0000000000002fe8                z_arm_fault_init
 .text.__fault  0x0000000000003000       0x14 zephyr/arch/arch/arm/core/cortex_m/libarch__arm__core__cortex_m.a(fault_s.S.obj)
                0x0000000000003000                z_arm_usage_fault
                0x0000000000003000                z_arm_mpu_fault
                0x0000000000003000                z_arm_exc_spurious
                0x0000000000003000                z_arm_debug_monitor
                0x0000000000003000                z_arm_hard_fault
                0x0000000000003000                z_arm_bus_fault
 .text._reset_section
                0x0000000000003014       0x60 zephyr/arch/arch/arm/core/cortex_m/libarch__arm__core__cortex_m.a(reset.S.obj)
                0x0000000000003014                __start
                0x0000000000003014                z_arm_reset
 .text.z_arm_clear_arm_mpu_config
                0x0000000000003074       0x24 zephyr/arch/arch/arm/core/cortex_m/libarch__arm__core__cortex_m.a(scb.c.obj)
                0x0000000000003074                z_arm_clear_arm_mpu_config
 .text.z_arm_init_arch_hw_at_boot
                0x0000000000003098       0x64 zephyr/arch/arch/arm/core/cortex_m/libarch__arm__core__cortex_m.a(scb.c.obj)
                0x0000000000003098                z_arm_init_arch_hw_at_boot
 .text.z_impl_k_thread_abort
                0x00000000000030fc       0x2c zephyr/arch/arch/arm/core/cortex_m/libarch__arm__core__cortex_m.a(thread_abort.c.obj)
                0x00000000000030fc                z_impl_k_thread_abort
 .text.z_arm_pendsv
                0x0000000000003128       0x64 zephyr/arch/arch/arm/core/cortex_m/libarch__arm__core__cortex_m.a(swap_helper.S.obj)
                0x0000000000003128                z_arm_pendsv
 .text.z_arm_svc
                0x000000000000318c       0x24 zephyr/arch/arch/arm/core/cortex_m/libarch__arm__core__cortex_m.a(swap_helper.S.obj)
                0x000000000000318c                z_arm_svc
 .text.arm_irq_enable
                0x00000000000031b0       0x1c zephyr/arch/arch/arm/core/cortex_m/libarch__arm__core__cortex_m.a(irq_manage.c.obj)
                0x00000000000031b0                arm_irq_enable
 .text.arm_irq_disable
                0x00000000000031cc       0x28 zephyr/arch/arch/arm/core/cortex_m/libarch__arm__core__cortex_m.a(irq_manage.c.obj)
                0x00000000000031cc                arm_irq_disable
 .text.arm_irq_is_enabled
                0x00000000000031f4       0x1c zephyr/arch/arch/arm/core/cortex_m/libarch__arm__core__cortex_m.a(irq_manage.c.obj)
                0x00000000000031f4                arm_irq_is_enabled
 .text.arm_irq_priority_set
                0x0000000000003210       0x68 zephyr/arch/arch/arm/core/cortex_m/libarch__arm__core__cortex_m.a(irq_manage.c.obj)
                0x0000000000003210                arm_irq_priority_set
 .text.relocate_vector_table
                0x0000000000003278       0x1c zephyr/arch/arch/arm/core/cortex_m/libarch__arm__core__cortex_m.a(prep_c.c.obj)
                0x0000000000003278                relocate_vector_table
 .text.z_prep_c
                0x0000000000003294       0x28 zephyr/arch/arch/arm/core/cortex_m/libarch__arm__core__cortex_m.a(prep_c.c.obj)
                0x0000000000003294                z_prep_c
 .text.arch_new_thread
                0x00000000000032bc       0x38 zephyr/arch/arch/arm/core/cortex_m/libarch__arm__core__cortex_m.a(thread.c.obj)
                0x00000000000032bc                arch_new_thread
 .text.z_check_thread_stack_fail
                0x00000000000032f4       0x30 zephyr/arch/arch/arm/core/cortex_m/libarch__arm__core__cortex_m.a(thread.c.obj)
                0x00000000000032f4                z_check_thread_stack_fail
 .text.arch_switch_to_main_thread
                0x0000000000003324       0x40 zephyr/arch/arch/arm/core/cortex_m/libarch__arm__core__cortex_m.a(thread.c.obj)
                0x0000000000003324                arch_switch_to_main_thread
 .text.z_arm_cpu_idle_init
                0x0000000000003364        0xc zephyr/arch/arch/arm/core/cortex_m/libarch__arm__core__cortex_m.a(cpu_idle.c.obj)
                0x0000000000003364                z_arm_cpu_idle_init
 .text.z_arm_interrupt_init
                0x0000000000003370       0x18 zephyr/arch/arch/arm/core/cortex_m/libarch__arm__core__cortex_m.a(irq_init.c.obj)
                0x0000000000003370                z_arm_interrupt_init
 .text._isr_wrapper
                0x0000000000003388       0x24 zephyr/arch/arch/arm/core/cortex_m/libarch__arm__core__cortex_m.a(isr_wrapper.c.obj)
                0x0000000000003388                _isr_wrapper
 .text.z_arm_configure_static_mpu_regions
                0x00000000000033ac       0x18 zephyr/arch/arch/arm/core/mpu/libarch__arm__core__mpu.a(arm_core_mpu.c.obj)
                0x00000000000033ac                z_arm_configure_static_mpu_regions
 .text.z_arm_configure_dynamic_mpu_regions
                0x00000000000033c4       0x24 zephyr/arch/arch/arm/core/mpu/libarch__arm__core__mpu.a(arm_core_mpu.c.obj)
                0x00000000000033c4                z_arm_configure_dynamic_mpu_regions
 .text.region_allocate_and_init
                0x00000000000033e8       0x54 zephyr/arch/arch/arm/core/mpu/libarch__arm__core__mpu.a(arm_mpu.c.obj)
 .text.mpu_configure_regions
                0x000000000000343c       0x68 zephyr/arch/arch/arm/core/mpu/libarch__arm__core__mpu.a(arm_mpu.c.obj)
 .text.arm_core_mpu_enable
                0x00000000000034a4       0x18 zephyr/arch/arch/arm/core/mpu/libarch__arm__core__mpu.a(arm_mpu.c.obj)
                0x00000000000034a4                arm_core_mpu_enable
 .text.arm_core_mpu_disable
                0x00000000000034bc       0x14 zephyr/arch/arch/arm/core/mpu/libarch__arm__core__mpu.a(arm_mpu.c.obj)
                0x00000000000034bc                arm_core_mpu_disable
 .text.arm_core_mpu_configure_static_mpu_regions
                0x00000000000034d0       0x4c zephyr/arch/arch/arm/core/mpu/libarch__arm__core__mpu.a(arm_mpu.c.obj)
                0x00000000000034d0                arm_core_mpu_configure_static_mpu_regions
 .text.arm_core_mpu_configure_dynamic_mpu_regions
                0x000000000000351c       0x6c zephyr/arch/arch/arm/core/mpu/libarch__arm__core__mpu.a(arm_mpu.c.obj)
                0x000000000000351c                arm_core_mpu_configure_dynamic_mpu_regions
 .text.z_arm_mpu_init
                0x0000000000003588      0x230 zephyr/arch/arch/arm/core/mpu/libarch__arm__core__mpu.a(arm_mpu.c.obj)
                0x0000000000003588                z_arm_mpu_init
 .text.cbvprintf
                0x00000000000037b8       0x38 zephyr/lib/libc/picolibc/liblib__libc__picolibc.a(cbprintf.c.obj)
                0x00000000000037b8                cbvprintf
 .text.z_impl_zephyr_fputc
                0x00000000000037f0       0x10 zephyr/lib/libc/picolibc/liblib__libc__picolibc.a(stdio.c.obj)
                0x00000000000037f0                z_impl_zephyr_fputc
 .text.__stdout_hook_install
                0x0000000000003800       0x18 zephyr/lib/libc/picolibc/liblib__libc__picolibc.a(stdio.c.obj)
                0x0000000000003800                __stdout_hook_install
 .text.malloc_prepare
                0x0000000000003818       0x24 zephyr/lib/libc/common/liblib__libc__common.a(malloc.c.obj)
 .text.nordicsemi_nrf52_init
                0x000000000000383c       0x18 zephyr/soc/soc/nrf52832/libsoc__nordic.a(soc.c.obj)
 .text.arch_busy_wait
                0x0000000000003854       0x24 zephyr/soc/soc/nrf52832/libsoc__nordic.a(soc.c.obj)
                0x0000000000003854                arch_busy_wait
 .text.gppi_init
                0x0000000000003878       0x1c zephyr/soc/soc/nrf52832/libsoc__nordic.a(gppi_init.c.obj)
 .text.onoff_start
                0x0000000000003894       0x3c zephyr/drivers/clock_control/libdrivers__clock_control.a(clock_control_nrf.c.obj)
 .text.get_status
                0x00000000000038d0       0x38 zephyr/drivers/clock_control/libdrivers__clock_control.a(clock_control_nrf.c.obj)
 .text.stop     0x0000000000003908       0x78 zephyr/drivers/clock_control/libdrivers__clock_control.a(clock_control_nrf.c.obj)
 .text.onoff_stop
                0x0000000000003980       0x28 zephyr/drivers/clock_control/libdrivers__clock_control.a(clock_control_nrf.c.obj)
 .text.clk_init
                0x00000000000039a8       0x58 zephyr/drivers/clock_control/libdrivers__clock_control.a(clock_control_nrf.c.obj)
 .text.api_blocking_start
                0x0000000000003a00       0x34 zephyr/drivers/clock_control/libdrivers__clock_control.a(clock_control_nrf.c.obj)
 .text.lfclk_start
                0x0000000000003a34       0x20 zephyr/drivers/clock_control/libdrivers__clock_control.a(clock_control_nrf.c.obj)
 .text.generic_hfclk_stop
                0x0000000000003a54       0x34 zephyr/drivers/clock_control/libdrivers__clock_control.a(clock_control_nrf.c.obj)
 .text.clkstarted_handle.constprop.0
                0x0000000000003a88       0x4c zephyr/drivers/clock_control/libdrivers__clock_control.a(clock_control_nrf.c.obj)
 .text.clock_event_handler
                0x0000000000003ad4       0x5c zephyr/drivers/clock_control/libdrivers__clock_control.a(clock_control_nrf.c.obj)
 .text.generic_hfclk_start
                0x0000000000003b30       0x78 zephyr/drivers/clock_control/libdrivers__clock_control.a(clock_control_nrf.c.obj)
 .text.z_nrf_clock_control_lf_on
                0x0000000000003ba8      0x13c zephyr/drivers/clock_control/libdrivers__clock_control.a(clock_control_nrf.c.obj)
                0x0000000000003ba8                z_nrf_clock_control_lf_on
 .text.rtt_console_init
                0x0000000000003ce4       0x18 zephyr/drivers/console/libdrivers__console.a(rtt_console.c.obj)
 .text.rtt_console_out
                0x0000000000003cfc       0x48 zephyr/drivers/console/libdrivers__console.a(rtt_console.c.obj)
 .text.uart_console_init
                0x0000000000003d44       0x28 zephyr/drivers/console/libdrivers__console.a(uart_console.c.obj)
 .text.console_out
                0x0000000000003d6c       0x28 zephyr/drivers/console/libdrivers__console.a(uart_console.c.obj)
 .text.gpio_nrfx_manage_callback
                0x0000000000003d94       0xa0 zephyr/drivers/gpio/libdrivers__gpio.a(gpio_nrfx.c.obj)
 .text.nrf_gpio_pin_port_decode
                0x0000000000003e34       0x3c zephyr/drivers/gpio/libdrivers__gpio.a(gpio_nrfx.c.obj)
 .text.gpio_nrfx_pin_interrupt_configure
                0x0000000000003e70      0x104 zephyr/drivers/gpio/libdrivers__gpio.a(gpio_nrfx.c.obj)
 .text.nrfx_gpio_handler
                0x0000000000003f74       0x68 zephyr/drivers/gpio/libdrivers__gpio.a(gpio_nrfx.c.obj)
 .text.gpio_nrfx_pin_configure
                0x0000000000003fdc      0x18c zephyr/drivers/gpio/libdrivers__gpio.a(gpio_nrfx.c.obj)
 .text.gpio_nrfx_init
                0x0000000000004168       0x3c zephyr/drivers/gpio/libdrivers__gpio.a(gpio_nrfx.c.obj)
 .text.i2c_nrfx_twi_transfer
                0x00000000000041a4       0xc0 zephyr/drivers/i2c/libdrivers__i2c.a(i2c_nrfx_twi.c.obj)
 .text.i2c_nrfx_twi_init
                0x0000000000004264       0x54 zephyr/drivers/i2c/libdrivers__i2c.a(i2c_nrfx_twi_common.c.obj)
                0x0000000000004264                i2c_nrfx_twi_init
 .text.i2c_nrfx_twi_configure
                0x00000000000042b8       0x48 zephyr/drivers/i2c/libdrivers__i2c.a(i2c_nrfx_twi_common.c.obj)
                0x00000000000042b8                i2c_nrfx_twi_configure
 .text.i2c_nrfx_twi_msg_transfer
                0x0000000000004300       0x74 zephyr/drivers/i2c/libdrivers__i2c.a(i2c_nrfx_twi_common.c.obj)
                0x0000000000004300                i2c_nrfx_twi_msg_transfer
 .text.pre_init0
                0x0000000000004374       0x20 zephyr/drivers/i2c/libdrivers__i2c.a(i2c_nrfx_twim.c.obj)
 .text.i2c_nrfx_twim_transfer
                0x0000000000004394      0x188 zephyr/drivers/i2c/libdrivers__i2c.a(i2c_nrfx_twim.c.obj)
 .text.i2c_nrfx_twim_configure
                0x000000000000451c       0x48 zephyr/drivers/i2c/libdrivers__i2c.a(i2c_nrfx_twim_common.c.obj)
                0x000000000000451c                i2c_nrfx_twim_configure
 .text.i2c_nrfx_twim_msg_transfer
                0x0000000000004564       0x64 zephyr/drivers/i2c/libdrivers__i2c.a(i2c_nrfx_twim_common.c.obj)
                0x0000000000004564                i2c_nrfx_twim_msg_transfer
 .text.i2c_nrfx_twim_common_init
                0x00000000000045c8       0x6c zephyr/drivers/i2c/libdrivers__i2c.a(i2c_nrfx_twim_common.c.obj)
                0x00000000000045c8                i2c_nrfx_twim_common_init
 .text.nrf_gpio_pin_port_decode
                0x0000000000004634       0x3c zephyr/drivers/pinctrl/libdrivers__pinctrl.a(pinctrl_nrf.c.obj)
 .text.pinctrl_configure_pins
                0x0000000000004670      0x164 zephyr/drivers/pinctrl/libdrivers__pinctrl.a(pinctrl_nrf.c.obj)
                0x0000000000004670                pinctrl_configure_pins
 .text.uarte_nrfx_poll_out
                0x00000000000047d4       0xb4 zephyr/drivers/serial/libdrivers__serial.a(uart_nrfx_uarte.c.obj)
 .text.uarte_0_init
                0x0000000000004888      0x10c zephyr/drivers/serial/libdrivers__serial.a(uart_nrfx_uarte.c.obj)
 .text.sys_clock_timeout_handler
                0x0000000000004994       0x48 zephyr/drivers/timer/libdrivers__timer.a(nrf_rtc_timer.c.obj)
 .text.compare_int_unlock.constprop.0
                0x00000000000049dc       0x50 zephyr/drivers/timer/libdrivers__timer.a(nrf_rtc_timer.c.obj)
 .text.compare_int_lock.constprop.0
                0x0000000000004a2c       0x3c zephyr/drivers/timer/libdrivers__timer.a(nrf_rtc_timer.c.obj)
 .text.z_nrf_rtc_timer_read
                0x0000000000004a68       0x60 zephyr/drivers/timer/libdrivers__timer.a(nrf_rtc_timer.c.obj)
                0x0000000000004a68                z_nrf_rtc_timer_read
 .text.rtc_nrf_isr
                0x0000000000004ac8       0xf4 zephyr/drivers/timer/libdrivers__timer.a(nrf_rtc_timer.c.obj)
                0x0000000000004ac8                rtc_nrf_isr
 .text.compare_set.constprop.0
                0x0000000000004bbc      0x10c zephyr/drivers/timer/libdrivers__timer.a(nrf_rtc_timer.c.obj)
 .text.sys_clock_driver_init
                0x0000000000004cc8       0xc8 zephyr/drivers/timer/libdrivers__timer.a(nrf_rtc_timer.c.obj)
 .text.sys_clock_set_timeout
                0x0000000000004d90       0x60 zephyr/drivers/timer/libdrivers__timer.a(nrf_rtc_timer.c.obj)
                0x0000000000004d90                sys_clock_set_timeout
 .text.sys_clock_elapsed
                0x0000000000004df0       0x14 zephyr/drivers/timer/libdrivers__timer.a(nrf_rtc_timer.c.obj)
                0x0000000000004df0                sys_clock_elapsed
 .text.nrf52_errata_16
                0x0000000000004e04       0x28 modules/hal_nordic/modules/hal_nordic/nrfx/libmodules__hal_nordic__nrfx.a(system_nrf52.c.obj)
 .text.nvmc_wait
                0x0000000000004e2c       0x10 modules/hal_nordic/modules/hal_nordic/nrfx/libmodules__hal_nordic__nrfx.a(system_nrf52.c.obj)
                0x0000000000004e2c                nvmc_wait
 .text.SystemInit
                0x0000000000004e3c      0x278 modules/hal_nordic/modules/hal_nordic/nrfx/libmodules__hal_nordic__nrfx.a(system_nrf52.c.obj)
                0x0000000000004e3c                SystemInit
 .text.nrfx_gppi_init
                0x00000000000050b4        0xc modules/hal_nordic/modules/hal_nordic/nrfx/libmodules__hal_nordic__nrfx.a(nrfx_gppi_ppi.c.obj)
                0x00000000000050b4                nrfx_gppi_init
 .text.nrfx_gppi_domain_conn_alloc
                0x00000000000050c0       0x3c modules/hal_nordic/modules/hal_nordic/nrfx/libmodules__hal_nordic__nrfx.a(nrfx_gppi_ppi.c.obj)
                0x00000000000050c0                nrfx_gppi_domain_conn_alloc
 .text.nrfx_gppi_conn_enable
                0x00000000000050fc       0x10 modules/hal_nordic/modules/hal_nordic/nrfx/libmodules__hal_nordic__nrfx.a(nrfx_gppi_ppi.c.obj)
                0x00000000000050fc                nrfx_gppi_conn_enable
 .text.hfclk_event_handler
                0x000000000000510c        0xc modules/hal_nordic/modules/hal_nordic/nrfx/libmodules__hal_nordic__nrfx.a(nrfx_clock.c.obj)
 .text.lfclk_event_handler
                0x0000000000005118        0xc modules/hal_nordic/modules/hal_nordic/nrfx/libmodules__hal_nordic__nrfx.a(nrfx_clock.c.obj)
 .text.nrfx_clock_init
                0x0000000000005124       0x40 modules/hal_nordic/modules/hal_nordic/nrfx/libmodules__hal_nordic__nrfx.a(nrfx_clock.c.obj)
                0x0000000000005124                nrfx_clock_init
 .text.nrfx_clock_enable
                0x0000000000005164       0x44 modules/hal_nordic/modules/hal_nordic/nrfx/libmodules__hal_nordic__nrfx.a(nrfx_clock.c.obj)
                0x0000000000005164                nrfx_clock_enable
 .text.nrfx_clock_start
                0x00000000000051a8       0x5c modules/hal_nordic/modules/hal_nordic/nrfx/libmodules__hal_nordic__nrfx.a(nrfx_clock.c.obj)
                0x00000000000051a8                nrfx_clock_start
 .text.nrfx_clock_stop
                0x0000000000005204       0x60 modules/hal_nordic/modules/hal_nordic/nrfx/libmodules__hal_nordic__nrfx.a(nrfx_clock.c.obj)
                0x0000000000005204                nrfx_clock_stop
 .text.nrf52_errata_201
                0x0000000000005264       0x40 modules/hal_nordic/modules/hal_nordic/nrfx/libmodules__hal_nordic__nrfx.a(nrfx_clock_hfclk.c.obj)
 .text.clock_stop
                0x00000000000052a4       0x4c modules/hal_nordic/modules/hal_nordic/nrfx/libmodules__hal_nordic__nrfx.a(nrfx_clock_hfclk.c.obj)
 .text.nrfx_clock_hfclk_init
                0x00000000000052f0       0x28 modules/hal_nordic/modules/hal_nordic/nrfx/libmodules__hal_nordic__nrfx.a(nrfx_clock_hfclk.c.obj)
                0x00000000000052f0                nrfx_clock_hfclk_init
 .text.nrfx_clock_hfclk_start
                0x0000000000005318       0x5c modules/hal_nordic/modules/hal_nordic/nrfx/libmodules__hal_nordic__nrfx.a(nrfx_clock_hfclk.c.obj)
                0x0000000000005318                nrfx_clock_hfclk_start
 .text.nrfx_clock_hfclk_stop
                0x0000000000005374       0x34 modules/hal_nordic/modules/hal_nordic/nrfx/libmodules__hal_nordic__nrfx.a(nrfx_clock_hfclk.c.obj)
                0x0000000000005374                nrfx_clock_hfclk_stop
 .text.nrfx_clock_hfclk_irq_handler
                0x00000000000053a8       0x40 modules/hal_nordic/modules/hal_nordic/nrfx/libmodules__hal_nordic__nrfx.a(nrfx_clock_hfclk.c.obj)
                0x00000000000053a8                nrfx_clock_hfclk_irq_handler
 .text.nrfx_clock_lfclk_init
                0x00000000000053e8       0x24 modules/hal_nordic/modules/hal_nordic/nrfx/libmodules__hal_nordic__nrfx.a(nrfx_clock_lfclk.c.obj)
                0x00000000000053e8                nrfx_clock_lfclk_init
 .text.nrfx_clock_lfclk_start
                0x000000000000540c       0xe0 modules/hal_nordic/modules/hal_nordic/nrfx/libmodules__hal_nordic__nrfx.a(nrfx_clock_lfclk.c.obj)
                0x000000000000540c                nrfx_clock_lfclk_start
 .text.nrfx_clock_lfclk_stop
                0x00000000000054ec       0x38 modules/hal_nordic/modules/hal_nordic/nrfx/libmodules__hal_nordic__nrfx.a(nrfx_clock_lfclk.c.obj)
                0x00000000000054ec                nrfx_clock_lfclk_stop
 .text.nrfx_clock_lfclk_irq_handler
                0x0000000000005524       0x94 modules/hal_nordic/modules/hal_nordic/nrfx/libmodules__hal_nordic__nrfx.a(nrfx_clock_lfclk.c.obj)
                0x0000000000005524                nrfx_clock_lfclk_irq_handler
 .text.nrf52_errata_173
                0x00000000000055b8       0x40 modules/hal_nordic/modules/hal_nordic/nrfx/libmodules__hal_nordic__nrfx.a(nrfx_gpiote.c.obj)
 .text.nrf_gpio_pin_port_decode
                0x00000000000055f8       0x5c modules/hal_nordic/modules/hal_nordic/nrfx/libmodules__hal_nordic__nrfx.a(nrfx_gpiote.c.obj)
 .text.nrf_gpiote_in_event_get
                0x0000000000005654       0x34 modules/hal_nordic/modules/hal_nordic/nrfx/libmodules__hal_nordic__nrfx.a(nrfx_gpiote.c.obj)
 .text.release_handler
                0x0000000000005688       0x6c modules/hal_nordic/modules/hal_nordic/nrfx/libmodules__hal_nordic__nrfx.a(nrfx_gpiote.c.obj)
 .text.pin_uninit
                0x00000000000056f4       0x70 modules/hal_nordic/modules/hal_nordic/nrfx/libmodules__hal_nordic__nrfx.a(nrfx_gpiote.c.obj)
 .text.nrfx_gpiote_input_configure
                0x0000000000005764      0x164 modules/hal_nordic/modules/hal_nordic/nrfx/libmodules__hal_nordic__nrfx.a(nrfx_gpiote.c.obj)
                0x0000000000005764                nrfx_gpiote_input_configure
 .text.nrfx_gpiote_output_configure
                0x00000000000058c8      0x100 modules/hal_nordic/modules/hal_nordic/nrfx/libmodules__hal_nordic__nrfx.a(nrfx_gpiote.c.obj)
                0x00000000000058c8                nrfx_gpiote_output_configure
 .text.nrfx_gpiote_global_callback_set
                0x00000000000059c8       0x30 modules/hal_nordic/modules/hal_nordic/nrfx/libmodules__hal_nordic__nrfx.a(nrfx_gpiote.c.obj)
                0x00000000000059c8                nrfx_gpiote_global_callback_set
 .text.nrfx_gpiote_channel_get
                0x00000000000059f8       0x64 modules/hal_nordic/modules/hal_nordic/nrfx/libmodules__hal_nordic__nrfx.a(nrfx_gpiote.c.obj)
                0x00000000000059f8                nrfx_gpiote_channel_get
 .text.nrfx_gpiote_init
                0x0000000000005a5c       0x80 modules/hal_nordic/modules/hal_nordic/nrfx/libmodules__hal_nordic__nrfx.a(nrfx_gpiote.c.obj)
                0x0000000000005a5c                nrfx_gpiote_init
 .text.nrfx_gpiote_init_check
                0x0000000000005adc       0x34 modules/hal_nordic/modules/hal_nordic/nrfx/libmodules__hal_nordic__nrfx.a(nrfx_gpiote.c.obj)
                0x0000000000005adc                nrfx_gpiote_init_check
 .text.nrfx_gpiote_pin_uninit
                0x0000000000005b10       0x30 modules/hal_nordic/modules/hal_nordic/nrfx/libmodules__hal_nordic__nrfx.a(nrfx_gpiote.c.obj)
                0x0000000000005b10                nrfx_gpiote_pin_uninit
 .text.nrfx_gpiote_channel_free
                0x0000000000005b40       0x38 modules/hal_nordic/modules/hal_nordic/nrfx/libmodules__hal_nordic__nrfx.a(nrfx_gpiote.c.obj)
                0x0000000000005b40                nrfx_gpiote_channel_free
 .text.nrfx_gpiote_channel_alloc
                0x0000000000005b78       0x40 modules/hal_nordic/modules/hal_nordic/nrfx/libmodules__hal_nordic__nrfx.a(nrfx_gpiote.c.obj)
                0x0000000000005b78                nrfx_gpiote_channel_alloc
 .text.nrfx_gpiote_trigger_enable
                0x0000000000005bb8      0x100 modules/hal_nordic/modules/hal_nordic/nrfx/libmodules__hal_nordic__nrfx.a(nrfx_gpiote.c.obj)
                0x0000000000005bb8                nrfx_gpiote_trigger_enable
 .text.nrfx_gpiote_trigger_disable
                0x0000000000005cb8       0x30 modules/hal_nordic/modules/hal_nordic/nrfx/libmodules__hal_nordic__nrfx.a(nrfx_gpiote.c.obj)
                0x0000000000005cb8                nrfx_gpiote_trigger_disable
 .text.nrfx_gpiote_irq_handler
                0x0000000000005ce8      0x19c modules/hal_nordic/modules/hal_nordic/nrfx/libmodules__hal_nordic__nrfx.a(nrfx_gpiote.c.obj)
                0x0000000000005ce8                nrfx_gpiote_irq_handler
 .text.nrf_gpio_cfg.constprop.0
                0x0000000000005e84       0x58 modules/hal_nordic/modules/hal_nordic/nrfx/libmodules__hal_nordic__nrfx.a(nrfx_twi.c.obj)
 .text.twi_configure
                0x0000000000005edc       0x3c modules/hal_nordic/modules/hal_nordic/nrfx/libmodules__hal_nordic__nrfx.a(nrfx_twi.c.obj)
 .text.twi_tx_start_transfer
                0x0000000000005f18       0xec modules/hal_nordic/modules/hal_nordic/nrfx/libmodules__hal_nordic__nrfx.a(nrfx_twi.c.obj)
 .text.twi_rx_start_transfer
                0x0000000000006004       0xcc modules/hal_nordic/modules/hal_nordic/nrfx/libmodules__hal_nordic__nrfx.a(nrfx_twi.c.obj)
 .text.nrfx_twi_init
                0x00000000000060d0       0xbc modules/hal_nordic/modules/hal_nordic/nrfx/libmodules__hal_nordic__nrfx.a(nrfx_twi.c.obj)
                0x00000000000060d0                nrfx_twi_init
 .text.nrfx_twi_enable
                0x000000000000618c       0x4c modules/hal_nordic/modules/hal_nordic/nrfx/libmodules__hal_nordic__nrfx.a(nrfx_twi.c.obj)
                0x000000000000618c                nrfx_twi_enable
 .text.nrfx_twi_disable
                0x00000000000061d8       0x64 modules/hal_nordic/modules/hal_nordic/nrfx/libmodules__hal_nordic__nrfx.a(nrfx_twi.c.obj)
                0x00000000000061d8                nrfx_twi_disable
 .text.nrfx_twi_xfer
                0x000000000000623c      0x18c modules/hal_nordic/modules/hal_nordic/nrfx/libmodules__hal_nordic__nrfx.a(nrfx_twi.c.obj)
                0x000000000000623c                nrfx_twi_xfer
 .text.SPIM0_SPIS0_TWIM0_TWIS0_SPI0_TWI0_IRQHandler
                0x00000000000063c8      0x100 modules/hal_nordic/modules/hal_nordic/nrfx/libmodules__hal_nordic__nrfx.a(nrfx_twi.c.obj)
                0x00000000000063c8                SPIM0_SPIS0_TWIM0_TWIS0_SPI0_TWI0_IRQHandler
 .text.nrf52_errata_109
                0x00000000000064c8       0x40 modules/hal_nordic/modules/hal_nordic/nrfx/libmodules__hal_nordic__nrfx.a(nrfx_twim.c.obj)
 .text.nrf_gpio_cfg.constprop.0
                0x0000000000006508       0x58 modules/hal_nordic/modules/hal_nordic/nrfx/libmodules__hal_nordic__nrfx.a(nrfx_twim.c.obj)
 .text.pins_configure
                0x0000000000006560       0x4c modules/hal_nordic/modules/hal_nordic/nrfx/libmodules__hal_nordic__nrfx.a(nrfx_twim.c.obj)
 .text.nrfx_twim_init
                0x00000000000065ac       0x90 modules/hal_nordic/modules/hal_nordic/nrfx/libmodules__hal_nordic__nrfx.a(nrfx_twim.c.obj)
                0x00000000000065ac                nrfx_twim_init
 .text.nrfx_twim_enable
                0x000000000000663c       0x58 modules/hal_nordic/modules/hal_nordic/nrfx/libmodules__hal_nordic__nrfx.a(nrfx_twim.c.obj)
                0x000000000000663c                nrfx_twim_enable
 .text.nrfx_twim_disable
                0x0000000000006694       0xb4 modules/hal_nordic/modules/hal_nordic/nrfx/libmodules__hal_nordic__nrfx.a(nrfx_twim.c.obj)
                0x0000000000006694                nrfx_twim_disable
 .text.nrfx_twim_uninit
                0x0000000000006748       0x8c modules/hal_nordic/modules/hal_nordic/nrfx/libmodules__hal_nordic__nrfx.a(nrfx_twim.c.obj)
                0x0000000000006748                nrfx_twim_uninit
 .text.nrfx_twim_xfer
                0x00000000000067d4      0x408 modules/hal_nordic/modules/hal_nordic/nrfx/libmodules__hal_nordic__nrfx.a(nrfx_twim.c.obj)
                0x00000000000067d4                nrfx_twim_xfer
 .text.nrfx_twim_irq_handler
                0x0000000000006bdc      0x23c modules/hal_nordic/modules/hal_nordic/nrfx/libmodules__hal_nordic__nrfx.a(nrfx_twim.c.obj)
                0x0000000000006bdc                nrfx_twim_irq_handler
 .text.nrf_gpio_pin_port_decode
                0x0000000000006e18       0x3c modules/hal_nordic/modules/hal_nordic/nrfx/libmodules__hal_nordic__nrfx.a(nrfx_twi_twim.c.obj)
 .text.nrfx_twi_twim_bus_recover
                0x0000000000006e54       0xd4 modules/hal_nordic/modules/hal_nordic/nrfx/libmodules__hal_nordic__nrfx.a(nrfx_twi_twim.c.obj)
                0x0000000000006e54                nrfx_twi_twim_bus_recover
 .text._DoInit  0x0000000000006f28       0x60 modules/segger/libmodules__segger.a(SEGGER_RTT.c.obj)
 .text.SEGGER_RTT_WriteSkipNoLock
                0x0000000000006f88       0x88 modules/segger/libmodules__segger.a(SEGGER_RTT.c.obj)
                0x0000000000006f88                SEGGER_RTT_WriteSkipNoLock
 .text.SEGGER_RTT_WriteNoLock
                0x0000000000007010       0x58 modules/segger/libmodules__segger.a(SEGGER_RTT.c.obj)
                0x0000000000007010                SEGGER_RTT_WriteNoLock
 .text.SEGGER_RTT_Write
                0x0000000000007068       0x34 modules/segger/libmodules__segger.a(SEGGER_RTT.c.obj)
                0x0000000000007068                SEGGER_RTT_Write
 .text.SEGGER_RTT_HasDataUp
                0x000000000000709c       0x14 modules/segger/libmodules__segger.a(SEGGER_RTT.c.obj)
                0x000000000000709c                SEGGER_RTT_HasDataUp
 .text.SEGGER_RTT_Init
                0x00000000000070b0       0x2c modules/segger/libmodules__segger.a(SEGGER_RTT.c.obj)
                0x00000000000070b0                SEGGER_RTT_Init
 .text.do_device_init
                0x00000000000070dc       0x60 zephyr/kernel/libkernel.a(device.c.obj)
                0x00000000000070dc                do_device_init
 .text.k_sys_fatal_error_handler
                0x000000000000713c       0x20 zephyr/kernel/libkernel.a(fatal.c.obj)
                0x000000000000713c                k_sys_fatal_error_handler
 .text.z_fatal_error
                0x000000000000715c      0x114 zephyr/kernel/libkernel.a(fatal.c.obj)
                0x000000000000715c                z_fatal_error
 .text.z_sys_init_run_level
                0x0000000000007270       0x30 zephyr/kernel/libkernel.a(init.c.obj)
 .text.bg_thread_main
                0x00000000000072a0      0x108 zephyr/kernel/libkernel.a(init.c.obj)
 .text.z_init_cpu
                0x00000000000073a8       0x78 zephyr/kernel/libkernel.a(init.c.obj)
                0x00000000000073a8                z_init_cpu
 .text.z_cstart
                0x0000000000007420      0x110 zephyr/kernel/libkernel.a(init.c.obj)
                0x0000000000007420                z_cstart
 .text.idle     0x0000000000007530       0x48 zephyr/kernel/libkernel.a(idle.c.obj)
                0x0000000000007530                idle
 .text.unpend_thread_no_timeout
                0x0000000000007578       0x40 zephyr/kernel/libkernel.a(sem.c.obj)
 .text.z_impl_k_sem_give
                0x00000000000075b8       0xfc zephyr/kernel/libkernel.a(sem.c.obj)
                0x00000000000075b8                z_impl_k_sem_give
 .text.z_impl_k_sem_take
                0x00000000000076b4       0xf4 zephyr/kernel/libkernel.a(sem.c.obj)
                0x00000000000076b4                z_impl_k_sem_take
 .text.z_impl_k_thread_name_set
                0x00000000000077a8       0x20 zephyr/kernel/libkernel.a(thread.c.obj)
                0x00000000000077a8                z_impl_k_thread_name_set
 .text.z_setup_new_thread
                0x00000000000077c8      0x19c zephyr/kernel/libkernel.a(thread.c.obj)
                0x00000000000077c8                z_setup_new_thread
 .text.z_impl_k_thread_create
                0x0000000000007964       0x8c zephyr/kernel/libkernel.a(thread.c.obj)
                0x0000000000007964                z_impl_k_thread_create
 .text.z_dummy_thread_init
                0x00000000000079f0       0x1c zephyr/kernel/libkernel.a(thread.c.obj)
                0x00000000000079f0                z_dummy_thread_init
 .text.unready_thread
                0x0000000000007a0c       0xa4 zephyr/kernel/libkernel.a(sched.c.obj)
 .text.unpend_thread_no_timeout
                0x0000000000007ab0       0x38 zephyr/kernel/libkernel.a(sched.c.obj)
 .text.ready_thread
                0x0000000000007ae8       0xd4 zephyr/kernel/libkernel.a(sched.c.obj)
 .text.z_swap_irqlock
                0x0000000000007bbc       0x6c zephyr/kernel/libkernel.a(sched.c.obj)
 .text.move_thread_to_end_of_prio_q
                0x0000000000007c28       0xf4 zephyr/kernel/libkernel.a(sched.c.obj)
                0x0000000000007c28                move_thread_to_end_of_prio_q
 .text.z_ready_thread
                0x0000000000007d1c       0x8c zephyr/kernel/libkernel.a(sched.c.obj)
                0x0000000000007d1c                z_ready_thread
 .text.z_unpend_thread_no_timeout
                0x0000000000007da8       0x90 zephyr/kernel/libkernel.a(sched.c.obj)
                0x0000000000007da8                z_unpend_thread_no_timeout
 .text.z_sched_wake_thread
                0x0000000000007e38       0xa8 zephyr/kernel/libkernel.a(sched.c.obj)
                0x0000000000007e38                z_sched_wake_thread
 .text.z_pend_curr
                0x0000000000007ee0      0x10c zephyr/kernel/libkernel.a(sched.c.obj)
                0x0000000000007ee0                z_pend_curr
 .text.z_unpend1_no_timeout
                0x0000000000007fec       0x9c zephyr/kernel/libkernel.a(sched.c.obj)
                0x0000000000007fec                z_unpend1_no_timeout
 .text.z_reschedule
                0x0000000000008088       0x8c zephyr/kernel/libkernel.a(sched.c.obj)
                0x0000000000008088                z_reschedule
 .text.z_reschedule_irqlock
                0x0000000000008114       0x28 zephyr/kernel/libkernel.a(sched.c.obj)
                0x0000000000008114                z_reschedule_irqlock
 .text.k_sched_lock
                0x000000000000813c       0xe4 zephyr/kernel/libkernel.a(sched.c.obj)
                0x000000000000813c                k_sched_lock
 .text.k_sched_unlock
                0x0000000000008220      0x120 zephyr/kernel/libkernel.a(sched.c.obj)
                0x0000000000008220                k_sched_unlock
 .text.z_sched_init
                0x0000000000008340       0x10 zephyr/kernel/libkernel.a(sched.c.obj)
                0x0000000000008340                z_sched_init
 .text.z_impl_k_yield
                0x0000000000008350      0x120 zephyr/kernel/libkernel.a(sched.c.obj)
                0x0000000000008350                z_impl_k_yield
 .text.z_tick_sleep
                0x0000000000008470      0x114 zephyr/kernel/libkernel.a(sched.c.obj)
 .text.z_impl_k_sleep
                0x0000000000008584       0x88 zephyr/kernel/libkernel.a(sched.c.obj)
                0x0000000000008584                z_impl_k_sleep
 .text.z_impl_k_wakeup
                0x000000000000860c       0xb0 zephyr/kernel/libkernel.a(sched.c.obj)
                0x000000000000860c                z_impl_k_wakeup
 .text.z_impl_k_sched_current_thread_query
                0x00000000000086bc        0xc zephyr/kernel/libkernel.a(sched.c.obj)
                0x00000000000086bc                z_impl_k_sched_current_thread_query
 .text.z_thread_abort
                0x00000000000086c8      0x258 zephyr/kernel/libkernel.a(sched.c.obj)
                0x00000000000086c8                z_thread_abort
 .text.slice_timeout
                0x0000000000008920       0x5c zephyr/kernel/libkernel.a(timeslicing.c.obj)
 .text.thread_is_sliceable
                0x000000000000897c       0x3c zephyr/kernel/libkernel.a(timeslicing.c.obj)
                0x000000000000897c                thread_is_sliceable
 .text.z_reset_time_slice
                0x00000000000089b8       0x50 zephyr/kernel/libkernel.a(timeslicing.c.obj)
                0x00000000000089b8                z_reset_time_slice
 .text.z_time_slice
                0x0000000000008a08       0xc8 zephyr/kernel/libkernel.a(timeslicing.c.obj)
                0x0000000000008a08                z_time_slice
 .text.z_spin_lock_valid
                0x0000000000008ad0       0x1c zephyr/kernel/libkernel.a(spinlock_validate.c.obj)
                0x0000000000008ad0                z_spin_lock_valid
 .text.z_spin_unlock_valid
                0x0000000000008aec       0x2c zephyr/kernel/libkernel.a(spinlock_validate.c.obj)
                0x0000000000008aec                z_spin_unlock_valid
 .text.z_spin_lock_set_owner
                0x0000000000008b18       0x10 zephyr/kernel/libkernel.a(spinlock_validate.c.obj)
                0x0000000000008b18                z_spin_lock_set_owner
 .text.z_thread_monitor_exit
                0x0000000000008b28       0xa8 zephyr/kernel/libkernel.a(thread_monitor.c.obj)
                0x0000000000008b28                z_thread_monitor_exit
 .text.first    0x0000000000008bd0       0x10 zephyr/kernel/libkernel.a(timeout.c.obj)
 .text.elapsed  0x0000000000008be0       0x14 zephyr/kernel/libkernel.a(timeout.c.obj)
 .text.remove_timeout
                0x0000000000008bf4       0x38 zephyr/kernel/libkernel.a(timeout.c.obj)
 .text.z_add_timeout
                0x0000000000008c2c      0x1b8 zephyr/kernel/libkernel.a(timeout.c.obj)
                0x0000000000008c2c                z_add_timeout
 .text.z_abort_timeout
                0x0000000000008de4       0xbc zephyr/kernel/libkernel.a(timeout.c.obj)
                0x0000000000008de4                z_abort_timeout
 .text.sys_clock_announce
                0x0000000000008ea0      0x14c zephyr/kernel/libkernel.a(timeout.c.obj)
                0x0000000000008ea0                sys_clock_announce
 .text.sys_clock_tick_get
                0x0000000000008fec       0x9c zephyr/kernel/libkernel.a(timeout.c.obj)
                0x0000000000008fec                sys_clock_tick_get
 .text.z_timer_expiration_handler
                0x0000000000009088      0x1ac zephyr/kernel/libkernel.a(timer.c.obj)
                0x0000000000009088                z_timer_expiration_handler
 .text.z_impl_k_timer_start
                0x0000000000009234       0xdc zephyr/kernel/libkernel.a(timer.c.obj)
                0x0000000000009234                z_impl_k_timer_start
 .text.snprintf
                0x0000000000009310       0x58 c:\ncs\toolchains\fd21892d0f\opt\zephyr-sdk\arm-zephyr-eabi\bin\../lib/gcc/../../picolibc/arm-zephyr-eabi/lib/thumb/v7e-m/nofp\libc.a(libc_tinystdio_snprintf.c.o)
                0x0000000000009310                snprintf
 .text.skip_to_arg
                0x0000000000009368      0x138 c:\ncs\toolchains\fd21892d0f\opt\zephyr-sdk\arm-zephyr-eabi\bin\../lib/gcc/../../picolibc/arm-zephyr-eabi/lib/thumb/v7e-m/nofp\libc.a(libc_tinystdio_vfprintf.c.o)
 .text.vfprintf
                0x00000000000094a0      0x9c4 c:\ncs\toolchains\fd21892d0f\opt\zephyr-sdk\arm-zephyr-eabi\bin\../lib/gcc/../../picolibc/arm-zephyr-eabi/lib/thumb/v7e-m/nofp\libc.a(libc_tinystdio_vfprintf.c.o)
                0x00000000000094a0                __d_vfprintf
 .text.div10    0x0000000000009e64       0x28 c:\ncs\toolchains\fd21892d0f\opt\zephyr-sdk\arm-zephyr-eabi\bin\../lib/gcc/../../picolibc/arm-zephyr-eabi/lib/thumb/v7e-m/nofp\libc.a(libc_tinystdio_dtoa_ryu.c.o)
 .text.__dtoa_engine
                0x0000000000009e8c      0x49c c:\ncs\toolchains\fd21892d0f\opt\zephyr-sdk\arm-zephyr-eabi\bin\../lib/gcc/../../picolibc/arm-zephyr-eabi/lib/thumb/v7e-m/nofp\libc.a(libc_tinystdio_dtoa_ryu.c.o)
                0x0000000000009e8c                __dtoa_engine
 .text.__log10Pow2
                0x000000000000a328        0xc c:\ncs\toolchains\fd21892d0f\opt\zephyr-sdk\arm-zephyr-eabi\bin\../lib/gcc/../../picolibc/arm-zephyr-eabi/lib/thumb/v7e-m/nofp\libc.a(libc_tinystdio_ryu_log10.c.o)
                0x000000000000a328                __log10Pow2
 .text.__log10Pow5
                0x000000000000a334        0xc c:\ncs\toolchains\fd21892d0f\opt\zephyr-sdk\arm-zephyr-eabi\bin\../lib/gcc/../../picolibc/arm-zephyr-eabi/lib/thumb/v7e-m/nofp\libc.a(libc_tinystdio_ryu_log10.c.o)
                0x000000000000a334                __log10Pow5
 .text.__pow5bits
                0x000000000000a340       0x10 c:\ncs\toolchains\fd21892d0f\opt\zephyr-sdk\arm-zephyr-eabi\bin\../lib/gcc/../../picolibc/arm-zephyr-eabi/lib/thumb/v7e-m/nofp\libc.a(libc_tinystdio_ryu_pow5bits.c.o)
                0x000000000000a340                __pow5bits
 .text.__pow5Factor
                0x000000000000a350       0x30 c:\ncs\toolchains\fd21892d0f\opt\zephyr-sdk\arm-zephyr-eabi\bin\../lib/gcc/../../picolibc/arm-zephyr-eabi/lib/thumb/v7e-m/nofp\libc.a(libc_tinystdio_ryu_table.c.o)
                0x000000000000a350                __pow5Factor
 .text.__double_computePow5
                0x000000000000a380       0xe8 c:\ncs\toolchains\fd21892d0f\opt\zephyr-sdk\arm-zephyr-eabi\bin\../lib/gcc/../../picolibc/arm-zephyr-eabi/lib/thumb/v7e-m/nofp\libc.a(libc_tinystdio_ryu_table.c.o)
                0x000000000000a380                __double_computePow5
 .text.__double_computeInvPow5
                0x000000000000a468       0xf8 c:\ncs\toolchains\fd21892d0f\opt\zephyr-sdk\arm-zephyr-eabi\bin\../lib/gcc/../../picolibc/arm-zephyr-eabi/lib/thumb/v7e-m/nofp\libc.a(libc_tinystdio_ryu_table.c.o)
                0x000000000000a468                __double_computeInvPow5
 .text._OffsetAbsSyms
                0x000000000000a560        0x2 zephyr/CMakeFiles/offsets.dir/./arch/arm/core/offsets/offsets.c.obj
                0x000000000000a560                _OffsetAbsSyms
 .text.chunk_field
                0x000000000000a562       0x16 zephyr/libzephyr.a(heap.c.obj)
 .text.chunk_set
                0x000000000000a578       0x16 zephyr/libzephyr.a(heap.c.obj)
 .text.chunk_size
                0x000000000000a58e        0xc zephyr/libzephyr.a(heap.c.obj)
 .text.set_chunk_used
                0x000000000000a59a       0x30 zephyr/libzephyr.a(heap.c.obj)
 .text.set_chunk_size
                0x000000000000a5ca        0x8 zephyr/libzephyr.a(heap.c.obj)
 .text.bucket_idx
                0x000000000000a5d2       0x1e zephyr/libzephyr.a(heap.c.obj)
 .text.free_list_add
                0x000000000000a5f0       0x84 zephyr/libzephyr.a(heap.c.obj)
 .text.cbpprintf_external
                0x000000000000a674       0x62 zephyr/libzephyr.a(cbprintf_packaged.c.obj)
                0x000000000000a674                cbpprintf_external
 .text.is_ptr   0x000000000000a6d6       0x4a zephyr/libzephyr.a(cbprintf_packaged.c.obj)
                0x000000000000a6d6                is_ptr
 .text.arch_printk_char_out
                0x000000000000a720        0x4 zephyr/libzephyr.a(printk.c.obj)
                0x000000000000a720                arch_printk_char_out
 .text.vprintk  0x000000000000a724        0x4 zephyr/libzephyr.a(printk.c.obj)
                0x000000000000a724                vprintk
 .text.printk   0x000000000000a728       0x1a zephyr/libzephyr.a(printk.c.obj)
                0x000000000000a728                printk
 .text.assert_post_action
                0x000000000000a742       0x12 zephyr/libzephyr.a(assert.c.obj)
                0x000000000000a742                assert_post_action
 .text.assert_print
                0x000000000000a754       0x1a zephyr/libzephyr.a(assert.c.obj)
                0x000000000000a754                assert_print
 .text.free_space
                0x000000000000a76e       0x26 zephyr/libzephyr.a(mpsc_pbuf.c.obj)
 .text.get_usage
                0x000000000000a794       0x22 zephyr/libzephyr.a(mpsc_pbuf.c.obj)
 .text.idx_inc  0x000000000000a7b6       0x1c zephyr/libzephyr.a(mpsc_pbuf.c.obj)
 .text.rd_idx_inc
                0x000000000000a7d2       0x18 zephyr/libzephyr.a(mpsc_pbuf.c.obj)
 .text.add_skip_item
                0x000000000000a7ea       0x3a zephyr/libzephyr.a(mpsc_pbuf.c.obj)
 .text.drop_item_locked
                0x000000000000a824      0x100 zephyr/libzephyr.a(mpsc_pbuf.c.obj)
 .text.post_drop_action
                0x000000000000a924       0x36 zephyr/libzephyr.a(mpsc_pbuf.c.obj)
 .text.max_utilization_update
                0x000000000000a95a       0x1a zephyr/libzephyr.a(mpsc_pbuf.c.obj)
 .text.process_recheck
                0x000000000000a974       0x38 zephyr/libzephyr.a(onoff.c.obj)
 .text.validate_args
                0x000000000000a9ac       0x20 zephyr/libzephyr.a(onoff.c.obj)
 .text.notify_one
                0x000000000000a9cc       0x2c zephyr/libzephyr.a(onoff.c.obj)
 .text.onoff_manager_init
                0x000000000000a9f8       0x26 zephyr/libzephyr.a(onoff.c.obj)
                0x000000000000a9f8                onoff_manager_init
 .text.sys_notify_validate
                0x000000000000aa1e       0x22 zephyr/libzephyr.a(notify.c.obj)
                0x000000000000aa1e                sys_notify_validate
 .text._ConfigAbsSyms
                0x000000000000aa40        0x2 zephyr/libzephyr.a(configs.c.obj)
                0x000000000000aa40                _ConfigAbsSyms
 .text.log_msg_generic_get_wlen
                0x000000000000aa42       0x20 zephyr/libzephyr.a(log_core.c.obj)
 .text.dummy_timestamp
                0x000000000000aa62        0x4 zephyr/libzephyr.a(log_core.c.obj)
 .text.default_get_timestamp
                0x000000000000aa66        0x4 zephyr/libzephyr.a(log_core.c.obj)
 .text.atomic_inc
                0x000000000000aa6a       0x1a zephyr/libzephyr.a(log_core.c.obj)
 .text.z_log_vprintk
                0x000000000000aa84       0x1c zephyr/libzephyr.a(log_core.c.obj)
                0x000000000000aa84                z_log_vprintk
 .text.z_log_notify_drop
                0x000000000000aaa0        0x6 zephyr/libzephyr.a(log_core.c.obj)
 .text.z_log_get_tag
                0x000000000000aaa6        0x4 zephyr/libzephyr.a(log_core.c.obj)
                0x000000000000aaa6                z_log_get_tag
 .text.log_backend_enable
                0x000000000000aaaa       0x12 zephyr/libzephyr.a(log_mgmt.c.obj)
                0x000000000000aaaa                log_backend_enable
 .text.z_cbprintf_cpy
                0x000000000000aabc       0x2e zephyr/libzephyr.a(log_msg.c.obj)
 .text.z_log_msg_finalize
                0x000000000000aaea       0x32 zephyr/libzephyr.a(log_msg.c.obj)
                0x000000000000aaea                z_log_msg_finalize
 .text.z_log_msg_simple_create
                0x000000000000ab1c       0x6e zephyr/libzephyr.a(log_msg.c.obj)
 .text.z_impl_z_log_msg_simple_create_0
                0x000000000000ab8a       0x12 zephyr/libzephyr.a(log_msg.c.obj)
                0x000000000000ab8a                z_impl_z_log_msg_simple_create_0
 .text.z_impl_z_log_msg_simple_create_1
                0x000000000000ab9c       0x14 zephyr/libzephyr.a(log_msg.c.obj)
                0x000000000000ab9c                z_impl_z_log_msg_simple_create_1
 .text.z_impl_z_log_msg_simple_create_2
                0x000000000000abb0       0x18 zephyr/libzephyr.a(log_msg.c.obj)
                0x000000000000abb0                z_impl_z_log_msg_simple_create_2
 .text.log_output_write
                0x000000000000abc8       0x1c zephyr/libzephyr.a(log_output.c.obj)
 .text.log_output_flush
                0x000000000000abe4       0x1a zephyr/libzephyr.a(log_output.c.obj)
 .text.cr_out_func
                0x000000000000abfe       0x1c zephyr/libzephyr.a(log_output.c.obj)
 .text.log_output_msg_process
                0x000000000000ac1a       0x6a zephyr/libzephyr.a(log_output.c.obj)
                0x000000000000ac1a                log_output_msg_process
 .text.format_set
                0x000000000000ac84        0xc zephyr/libzephyr.a(log_backend_uart.c.obj)
 .text.panic    0x000000000000ac90       0x32 zephyr/libzephyr.a(log_backend_uart.c.obj)
 .text.dropped  0x000000000000acc2        0xa zephyr/libzephyr.a(log_backend_uart.c.obj)
 .text.process  0x000000000000accc       0x1e zephyr/libzephyr.a(log_backend_uart.c.obj)
 .text.arch_early_memset
                0x000000000000acea        0x4 zephyr/arch/common/libarch__common.a(init.c.obj)
                0x000000000000acea                arch_early_memset
 .text.arch_early_memcpy
                0x000000000000acee        0x4 zephyr/arch/common/libarch__common.a(init.c.obj)
                0x000000000000acee                arch_early_memcpy
 .text.z_do_kernel_oops
                0x000000000000acf2        0x8 zephyr/arch/arch/arm/core/libarch__arm__core.a(fatal.c.obj)
                0x000000000000acf2                z_do_kernel_oops
 .text.z_arm_nmi
                0x000000000000acfa        0xe zephyr/arch/arch/arm/core/libarch__arm__core.a(nmi.c.obj)
                0x000000000000acfa                z_arm_nmi
 .text.z_log_msg_simple_create_0.constprop.0
                0x000000000000ad08        0x8 zephyr/arch/arch/arm/core/cortex_m/libarch__arm__core__cortex_m.a(fault.c.obj)
 .text.z_irq_spurious
                0x000000000000ad10        0x8 zephyr/arch/arch/arm/core/cortex_m/libarch__arm__core__cortex_m.a(irq_manage.c.obj)
                0x000000000000ad10                z_irq_spurious
 .text.arch_coprocessors_disable
                0x000000000000ad18        0x6 zephyr/arch/arch/arm/core/cortex_m/libarch__arm__core__cortex_m.a(thread.c.obj)
                0x000000000000ad18                arch_coprocessors_disable
 .text.arch_irq_unlock_outlined
                0x000000000000ad1e        0xe zephyr/arch/arch/arm/core/cortex_m/libarch__arm__core__cortex_m.a(thread.c.obj)
                0x000000000000ad1e                arch_irq_unlock_outlined
 .text.arch_cpu_idle
                0x000000000000ad2c       0x1a zephyr/arch/arch/arm/core/cortex_m/libarch__arm__core__cortex_m.a(cpu_idle.c.obj)
                0x000000000000ad2c                arch_cpu_idle
 .text.arch_cpu_atomic_idle
                0x000000000000ad46       0x1e zephyr/arch/arch/arm/core/cortex_m/libarch__arm__core__cortex_m.a(cpu_idle.c.obj)
                0x000000000000ad46                arch_cpu_atomic_idle
 .text.size_to_mpu_rasr_size
                0x000000000000ad64       0x20 zephyr/arch/arch/arm/core/mpu/libarch__arm__core__mpu.a(arm_mpu.c.obj)
 .text.cbputc   0x000000000000ad84        0xc zephyr/lib/libc/picolibc/liblib__libc__picolibc.a(cbprintf.c.obj)
 .text.picolibc_put
                0x000000000000ad90        0xa zephyr/lib/libc/picolibc/liblib__libc__picolibc.a(stdio.c.obj)
 .text.async_start
                0x000000000000ad9a       0x5a zephyr/drivers/clock_control/libdrivers__clock_control.a(clock_control_nrf.c.obj)
 .text.api_start
                0x000000000000adf4        0xe zephyr/drivers/clock_control/libdrivers__clock_control.a(clock_control_nrf.c.obj)
 .text.onoff_started_callback
                0x000000000000ae02        0xc zephyr/drivers/clock_control/libdrivers__clock_control.a(clock_control_nrf.c.obj)
 .text.blocking_start_callback
                0x000000000000ae0e        0x6 zephyr/drivers/clock_control/libdrivers__clock_control.a(clock_control_nrf.c.obj)
 .text.lfclk_stop
                0x000000000000ae14        0x4 zephyr/drivers/clock_control/libdrivers__clock_control.a(clock_control_nrf.c.obj)
 .text.api_stop
                0x000000000000ae18        0x6 zephyr/drivers/clock_control/libdrivers__clock_control.a(clock_control_nrf.c.obj)
 .text.gpio_nrfx_port_get_raw
                0x000000000000ae1e        0xe zephyr/drivers/gpio/libdrivers__gpio.a(gpio_nrfx.c.obj)
 .text.gpio_nrfx_port_set_masked_raw
                0x000000000000ae2c       0x18 zephyr/drivers/gpio/libdrivers__gpio.a(gpio_nrfx.c.obj)
 .text.gpio_nrfx_port_set_bits_raw
                0x000000000000ae44        0xc zephyr/drivers/gpio/libdrivers__gpio.a(gpio_nrfx.c.obj)
 .text.gpio_nrfx_port_clear_bits_raw
                0x000000000000ae50        0xc zephyr/drivers/gpio/libdrivers__gpio.a(gpio_nrfx.c.obj)
 .text.gpio_nrfx_port_toggle_bits
                0x000000000000ae5c       0x1a zephyr/drivers/gpio/libdrivers__gpio.a(gpio_nrfx.c.obj)
 .text.gpio_nrfx_gpiote_irq_handler
                0x000000000000ae76        0x4 zephyr/drivers/gpio/libdrivers__gpio.a(gpio_nrfx.c.obj)
                0x000000000000ae76                gpio_nrfx_gpiote_irq_handler
 .text.twi_0_init
                0x000000000000ae7a       0x40 zephyr/drivers/i2c/libdrivers__i2c.a(i2c_nrfx_twi.c.obj)
 .text.event_handler
                0x000000000000aeba       0x2a zephyr/drivers/i2c/libdrivers__i2c.a(i2c_nrfx_twi.c.obj)
 .text.i2c_nrfx_twi_recover_bus
                0x000000000000aee4       0x10 zephyr/drivers/i2c/libdrivers__i2c.a(i2c_nrfx_twi_common.c.obj)
                0x000000000000aee4                i2c_nrfx_twi_recover_bus
 .text.event_handler
                0x000000000000aef4       0x2a zephyr/drivers/i2c/libdrivers__i2c.a(i2c_nrfx_twim.c.obj)
 .text.i2c_nrfx_twim_deinit
                0x000000000000af1e        0x4 zephyr/drivers/i2c/libdrivers__i2c.a(i2c_nrfx_twim.c.obj)
 .text.i2c_nrfx_twim_init
                0x000000000000af22       0x28 zephyr/drivers/i2c/libdrivers__i2c.a(i2c_nrfx_twim.c.obj)
 .text.i2c_nrfx_twim_exclusive_access_acquire
                0x000000000000af4a        0x8 zephyr/drivers/i2c/libdrivers__i2c.a(i2c_nrfx_twim.c.obj)
                0x000000000000af4a                i2c_nrfx_twim_exclusive_access_acquire
 .text.i2c_nrfx_twim_exclusive_access_release
                0x000000000000af52        0x8 zephyr/drivers/i2c/libdrivers__i2c.a(i2c_nrfx_twim.c.obj)
                0x000000000000af52                i2c_nrfx_twim_exclusive_access_release
 .text.pinctrl_apply_state.isra.0
                0x000000000000af5a       0x1e zephyr/drivers/i2c/libdrivers__i2c.a(i2c_nrfx_twim_common.c.obj)
 .text.i2c_nrfx_twim_recover_bus
                0x000000000000af78       0x30 zephyr/drivers/i2c/libdrivers__i2c.a(i2c_nrfx_twim_common.c.obj)
                0x000000000000af78                i2c_nrfx_twim_recover_bus
 .text.twim_nrfx_pm_resume
                0x000000000000afa8       0x16 zephyr/drivers/i2c/libdrivers__i2c.a(i2c_nrfx_twim_common.c.obj)
                0x000000000000afa8                twim_nrfx_pm_resume
 .text.twim_nrfx_pm_suspend
                0x000000000000afbe       0x16 zephyr/drivers/i2c/libdrivers__i2c.a(i2c_nrfx_twim_common.c.obj)
                0x000000000000afbe                twim_nrfx_pm_suspend
 .text.i2c_nrfx_twim_common_deinit
                0x000000000000afd4       0x12 zephyr/drivers/i2c/libdrivers__i2c.a(i2c_nrfx_twim_common.c.obj)
                0x000000000000afd4                i2c_nrfx_twim_common_deinit
 .text.pinctrl_lookup_state
                0x000000000000afe6       0x26 zephyr/drivers/pinctrl/libdrivers__pinctrl.a(common.c.obj)
                0x000000000000afe6                pinctrl_lookup_state
 .text.uarte_nrfx_err_check
                0x000000000000b00c        0xe zephyr/drivers/serial/libdrivers__serial.a(uart_nrfx_uarte.c.obj)
 .text.uarte_nrfx_poll_in
                0x000000000000b01a       0x26 zephyr/drivers/serial/libdrivers__serial.a(uart_nrfx_uarte.c.obj)
 .text.is_tx_ready.isra.0
                0x000000000000b040       0x20 zephyr/drivers/serial/libdrivers__serial.a(uart_nrfx_uarte.c.obj)
 .text.uarte_nrfx_isr_int
                0x000000000000b060       0x42 zephyr/drivers/serial/libdrivers__serial.a(uart_nrfx_uarte.c.obj)
 .text.pinctrl_apply_state.isra.0
                0x000000000000b0a2       0x1e zephyr/drivers/serial/libdrivers__serial.a(uart_nrfx_uarte.c.obj)
 .text.uarte_instance_deinit
                0x000000000000b0c0        0x6 zephyr/drivers/serial/libdrivers__serial.a(uart_nrfx_uarte.c.obj)
 .text.sys_clock_cycle_get_32
                0x000000000000b0c6        0x8 zephyr/drivers/timer/libdrivers__timer.a(nrf_rtc_timer.c.obj)
                0x000000000000b0c6                sys_clock_cycle_get_32
 .text.nrf52_errata_12
                0x000000000000b0ce       0x1c modules/hal_nordic/modules/hal_nordic/nrfx/libmodules__hal_nordic__nrfx.a(system_nrf52.c.obj)
 .text.nrfx_isr
                0x000000000000b0ea        0x6 modules/hal_nordic/modules/hal_nordic/nrfx/libmodules__hal_nordic__nrfx.a(nrfx_glue.c.obj)
                0x000000000000b0ea                nrfx_isr
 .text.nrfx_busy_wait
                0x000000000000b0f0        0x4 modules/hal_nordic/modules/hal_nordic/nrfx/libmodules__hal_nordic__nrfx.a(nrfx_glue.c.obj)
                0x000000000000b0f0                nrfx_busy_wait
 .text.nrfx_flag32_alloc
                0x000000000000b0f4       0x3c modules/hal_nordic/modules/hal_nordic/nrfx/libmodules__hal_nordic__nrfx.a(nrfx_flag32_allocator.c.obj)
                0x000000000000b0f4                nrfx_flag32_alloc
 .text.nrfx_flag32_free
                0x000000000000b130       0x3a modules/hal_nordic/modules/hal_nordic/nrfx/libmodules__hal_nordic__nrfx.a(nrfx_flag32_allocator.c.obj)
                0x000000000000b130                nrfx_flag32_free
 .text.nrfx_gppi_conn_alloc
                0x000000000000b16a       0x2c modules/hal_nordic/modules/hal_nordic/nrfx/libmodules__hal_nordic__nrfx.a(nrfx_gppi_ppi.c.obj)
                0x000000000000b16a                nrfx_gppi_conn_alloc
 .text.POWER_CLOCK_IRQHandler
                0x000000000000b196        0xe modules/hal_nordic/modules/hal_nordic/nrfx/libmodules__hal_nordic__nrfx.a(nrfx_clock.c.obj)
                0x000000000000b196                POWER_CLOCK_IRQHandler
 .text.clock_stop
                0x000000000000b1a4       0x32 modules/hal_nordic/modules/hal_nordic/nrfx/libmodules__hal_nordic__nrfx.a(nrfx_clock_lfclk.c.obj)
 .text.nrf_gpio_pin_present_check
                0x000000000000b1d6       0x14 modules/hal_nordic/modules/hal_nordic/nrfx/libmodules__hal_nordic__nrfx.a(nrfx_gpiote.c.obj)
 .text.pin_in_use_by_te
                0x000000000000b1ea        0xe modules/hal_nordic/modules/hal_nordic/nrfx/libmodules__hal_nordic__nrfx.a(nrfx_gpiote.c.obj)
 .text.pin_is_output
                0x000000000000b1f8        0xe modules/hal_nordic/modules/hal_nordic/nrfx/libmodules__hal_nordic__nrfx.a(nrfx_gpiote.c.obj)
 .text.pin_is_task_output
                0x000000000000b206       0x1a modules/hal_nordic/modules/hal_nordic/nrfx/libmodules__hal_nordic__nrfx.a(nrfx_gpiote.c.obj)
 .text.call_handler
                0x000000000000b220       0x3a modules/hal_nordic/modules/hal_nordic/nrfx/libmodules__hal_nordic__nrfx.a(nrfx_gpiote.c.obj)
 .text.nrf_gpio_reconfigure
                0x000000000000b25a       0x9a modules/hal_nordic/modules/hal_nordic/nrfx/libmodules__hal_nordic__nrfx.a(nrfx_gpiote.c.obj)
 .text.nrf_gpio_cfg_sense_set
                0x000000000000b2f4       0x1e modules/hal_nordic/modules/hal_nordic/nrfx/libmodules__hal_nordic__nrfx.a(nrfx_gpiote.c.obj)
 .text.latch_pending_read_and_check
                0x000000000000b312       0x28 modules/hal_nordic/modules/hal_nordic/nrfx/libmodules__hal_nordic__nrfx.a(nrfx_gpiote.c.obj)
 .text.__nrfy_internal_gpiote_events_process
                0x000000000000b33a       0x5a modules/hal_nordic/modules/hal_nordic/nrfx/libmodules__hal_nordic__nrfx.a(nrfx_gpiote.c.obj)
 .text.pin_trigger_disable
                0x000000000000b394       0x4a modules/hal_nordic/modules/hal_nordic/nrfx/libmodules__hal_nordic__nrfx.a(nrfx_gpiote.c.obj)
 .text.twi_transfer
                0x000000000000b3de      0x130 modules/hal_nordic/modules/hal_nordic/nrfx/libmodules__hal_nordic__nrfx.a(nrfx_twi.c.obj)
 .text.xfer_completeness_check
                0x000000000000b50e       0x62 modules/hal_nordic/modules/hal_nordic/nrfx/libmodules__hal_nordic__nrfx.a(nrfx_twim.c.obj)
 .text.__nrfy_internal_twim_event_handle.isra.0
                0x000000000000b570       0x22 modules/hal_nordic/modules/hal_nordic/nrfx/libmodules__hal_nordic__nrfx.a(nrfx_twim.c.obj)
 .text.__nrfy_internal_twim_events_process.constprop.0
                0x000000000000b592       0x54 modules/hal_nordic/modules/hal_nordic/nrfx/libmodules__hal_nordic__nrfx.a(nrfx_twim.c.obj)
 .text.twim_configure
                0x000000000000b5e6       0x42 modules/hal_nordic/modules/hal_nordic/nrfx/libmodules__hal_nordic__nrfx.a(nrfx_twim.c.obj)
 .text.nrf_gpio_pin_set
                0x000000000000b628       0x1a modules/hal_nordic/modules/hal_nordic/nrfx/libmodules__hal_nordic__nrfx.a(nrfx_twi_twim.c.obj)
 .text._GetAvailWriteSpace
                0x000000000000b642       0x12 modules/segger/libmodules__segger.a(SEGGER_RTT.c.obj)
 .text._WriteNoCheck
                0x000000000000b654       0x36 modules/segger/libmodules__segger.a(SEGGER_RTT.c.obj)
 .text._WriteBlocking
                0x000000000000b68a       0x54 modules/segger/libmodules__segger.a(SEGGER_RTT.c.obj)
 .text.rtt_init
                0x000000000000b6de        0xa modules/segger/libmodules__segger.a(SEGGER_RTT_zephyr.c.obj)
 .text.zephyr_rtt_irq_lock
                0x000000000000b6e8       0x10 modules/segger/libmodules__segger.a(SEGGER_RTT_zephyr.c.obj)
                0x000000000000b6e8                zephyr_rtt_irq_lock
 .text.zephyr_rtt_irq_unlock
                0x000000000000b6f8        0xa modules/segger/libmodules__segger.a(SEGGER_RTT_zephyr.c.obj)
                0x000000000000b6f8                zephyr_rtt_irq_unlock
 .text.z_impl_k_busy_wait
                0x000000000000b702        0x8 zephyr/kernel/libkernel.a(busy_wait.c.obj)
                0x000000000000b702                z_impl_k_busy_wait
 .text.z_impl_device_is_ready
                0x000000000000b70a       0x16 zephyr/kernel/libkernel.a(device.c.obj)
                0x000000000000b70a                z_impl_device_is_ready
 .text.arch_system_halt
                0x000000000000b720       0x10 zephyr/kernel/libkernel.a(fatal.c.obj)
                0x000000000000b720                arch_system_halt
 .text.z_impl_k_sem_init
                0x000000000000b730       0x18 zephyr/kernel/libkernel.a(sem.c.obj)
                0x000000000000b730                z_impl_k_sem_init
 .text.k_is_in_isr
                0x000000000000b748        0xc zephyr/kernel/libkernel.a(thread.c.obj)
                0x000000000000b748                k_is_in_isr
 .text.k_thread_name_get
                0x000000000000b754        0x4 zephyr/kernel/libkernel.a(thread.c.obj)
                0x000000000000b754                k_thread_name_get
 .text.sys_dlist_remove
                0x000000000000b758       0x10 zephyr/kernel/libkernel.a(sched.c.obj)
 .text.add_to_waitq_locked
                0x000000000000b768       0x50 zephyr/kernel/libkernel.a(sched.c.obj)
 .text.z_thread_timeout
                0x000000000000b7b8        0x8 zephyr/kernel/libkernel.a(sched.c.obj)
                0x000000000000b7b8                z_thread_timeout
 .text.next_timeout
                0x000000000000b7c0       0x2e zephyr/kernel/libkernel.a(timeout.c.obj)
 .text.sys_clock_tick_get_32
                0x000000000000b7ee        0x8 zephyr/kernel/libkernel.a(timeout.c.obj)
                0x000000000000b7ee                sys_clock_tick_get_32
 .text.z_impl_k_uptime_ticks
                0x000000000000b7f6        0x4 zephyr/kernel/libkernel.a(timeout.c.obj)
                0x000000000000b7f6                z_impl_k_uptime_ticks
 .text.k_timer_init
                0x000000000000b7fa       0x18 zephyr/kernel/libkernel.a(timer.c.obj)
                0x000000000000b7fa                k_timer_init
 .text.z_impl_k_timer_stop
                0x000000000000b812       0x38 zephyr/kernel/libkernel.a(timer.c.obj)
                0x000000000000b812                z_impl_k_timer_stop
 .text.memcpy   0x000000000000b84a       0x1c c:\ncs\toolchains\fd21892d0f\opt\zephyr-sdk\arm-zephyr-eabi\bin\../lib/gcc/../../picolibc/arm-zephyr-eabi/lib/thumb/v7e-m/nofp\libc.a(memcpy.c.o)
                0x000000000000b84a                __aeabi_memcpy
                0x000000000000b84a                __aeabi_memcpy4
                0x000000000000b84a                __aeabi_memcpy8
                0x000000000000b84a                memcpy
 .text.memset   0x000000000000b866       0x10 c:\ncs\toolchains\fd21892d0f\opt\zephyr-sdk\arm-zephyr-eabi\bin\../lib/gcc/../../picolibc/arm-zephyr-eabi/lib/thumb/v7e-m/nofp\libc.a(memset.c.o)
                0x000000000000b866                memset
 .text.strncpy  0x000000000000b876       0x20 c:\ncs\toolchains\fd21892d0f\opt\zephyr-sdk\arm-zephyr-eabi\bin\../lib/gcc/../../picolibc/arm-zephyr-eabi/lib/thumb/v7e-m/nofp\libc.a(libc_string_strncpy.c.o)
                0x000000000000b876                strncpy
 .text.strnlen  0x000000000000b896       0x18 c:\ncs\toolchains\fd21892d0f\opt\zephyr-sdk\arm-zephyr-eabi\bin\../lib/gcc/../../picolibc/arm-zephyr-eabi/lib/thumb/v7e-m/nofp\libc.a(libc_string_strnlen.c.o)
                0x000000000000b896                strnlen
 .text.__ultoa_invert
                0x000000000000b8ae       0x50 c:\ncs\toolchains\fd21892d0f\opt\zephyr-sdk\arm-zephyr-eabi\bin\../lib/gcc/../../picolibc/arm-zephyr-eabi/lib/thumb/v7e-m/nofp\libc.a(libc_tinystdio_vfprintf.c.o)
 .text.mulShiftAll64
                0x000000000000b8fe      0x176 c:\ncs\toolchains\fd21892d0f\opt\zephyr-sdk\arm-zephyr-eabi\bin\../lib/gcc/../../picolibc/arm-zephyr-eabi/lib/thumb/v7e-m/nofp\libc.a(libc_tinystdio_dtoa_ryu.c.o)
 .text.__umul128
                0x000000000000ba74       0x36 c:\ncs\toolchains\fd21892d0f\opt\zephyr-sdk\arm-zephyr-eabi\bin\../lib/gcc/../../picolibc/arm-zephyr-eabi/lib/thumb/v7e-m/nofp\libc.a(libc_tinystdio_ryu_umul128.c.o)
                0x000000000000ba74                __umul128
 .text.__shiftright128
                0x000000000000baaa       0x3e c:\ncs\toolchains\fd21892d0f\opt\zephyr-sdk\arm-zephyr-eabi\bin\../lib/gcc/../../picolibc/arm-zephyr-eabi/lib/thumb/v7e-m/nofp\libc.a(libc_tinystdio_ryu_umul128.c.o)
                0x000000000000baaa                __shiftright128
 .text.__dtox_engine
                0x000000000000bae8      0x128 c:\ncs\toolchains\fd21892d0f\opt\zephyr-sdk\arm-zephyr-eabi\bin\../lib/gcc/../../picolibc/arm-zephyr-eabi/lib/thumb/v7e-m/nofp\libc.a(libc_tinystdio_dtox_engine.c.o)
                0x000000000000bae8                __dtox_engine
 .text.__file_str_put
                0x000000000000bc10       0x10 c:\ncs\toolchains\fd21892d0f\opt\zephyr-sdk\arm-zephyr-eabi\bin\../lib/gcc/../../picolibc/arm-zephyr-eabi/lib/thumb/v7e-m/nofp\libc.a(libc_tinystdio_filestrput.c.o)
                0x000000000000bc10                __file_str_put
 *(SORT_BY_ALIGNMENT(.TEXT.*))
 .TEXT.__aeabi_read_tp
                0x000000000000bc20        0xc zephyr/arch/arch/arm/core/cortex_m/libarch__arm__core__cortex_m.a(__aeabi_read_tp.S.obj)
                0x000000000000bc20                __aeabi_read_tp
 *(SORT_BY_ALIGNMENT(.gnu.linkonce.t.*))
 *(SORT_BY_ALIGNMENT(.glue_7t))
 .glue_7t       0x000000000000bc2c        0x0 linker stubs
 *(SORT_BY_ALIGNMENT(.glue_7))
 .glue_7        0x000000000000bc2c        0x0 linker stubs
 *(SORT_BY_ALIGNMENT(.vfp11_veneer))
 .vfp11_veneer  0x000000000000bc2c        0x0 linker stubs
 *(SORT_BY_ALIGNMENT(.v4_bx))
 .v4_bx         0x000000000000bc2c        0x0 linker stubs
                0x000000000000bc2c                . = ALIGN (0x4)
                0x000000000000bc2c                __text_region_end = .

.ARM.exidx      0x000000000000bc2c        0x8
                0x000000000000bc2c                __exidx_start = .
 *(SORT_BY_ALIGNMENT(.ARM.exidx*) SORT_BY_ALIGNMENT(gnu.linkonce.armexidx.*))
 .ARM.exidx     0x000000000000bc2c        0x8 c:\ncs\toolchains\fd21892d0f\opt\zephyr-sdk\arm-zephyr-eabi\bin\../lib/gcc/../../picolibc/arm-zephyr-eabi/lib/thumb/v7e-m/nofp\libc.a(strlen.S.o)
 .ARM.exidx     0x000000000000bc34        0x0 c:/ncs/toolchains/fd21892d0f/opt/zephyr-sdk/arm-zephyr-eabi/bin/../lib/gcc/arm-zephyr-eabi/12.2.0/thumb/v7e-m/nofp\libgcc.a(_udivmoddi4.o)
                                          0x8 (size before relaxing)
                0x000000000000bc34                __exidx_end = .
                0x000000000000bc34                __rodata_region_start = .

initlevel       0x000000000000bc34       0x68
                0x000000000000bc34                __init_start = .
                0x000000000000bc34                __init_EARLY_start = .
 *(SORT_BY_NAME(SORT_BY_ALIGNMENT(.z_init_EARLY_P_?_*)))
 *(SORT_BY_NAME(SORT_BY_ALIGNMENT(.z_init_EARLY_P_??_*)))
 *(SORT_BY_NAME(SORT_BY_ALIGNMENT(.z_init_EARLY_P_???_*)))
                0x000000000000bc34                __init_PRE_KERNEL_1_start = .
 *(SORT_BY_NAME(SORT_BY_ALIGNMENT(.z_init_PRE_KERNEL_1_P_?_*)))
 .z_init_PRE_KERNEL_1_P_0_SUB_0_
                0x000000000000bc34        0x8 zephyr/soc/soc/nrf52832/libsoc__nordic.a(soc.c.obj)
 .z_init_PRE_KERNEL_1_P_0_SUB_0_
                0x000000000000bc3c        0x8 zephyr/soc/soc/nrf52832/libsoc__nordic.a(gppi_init.c.obj)
 *(SORT_BY_NAME(SORT_BY_ALIGNMENT(.z_init_PRE_KERNEL_1_P_??_*)))
 .z_init_PRE_KERNEL_1_P_30_SUB_00062_
                0x000000000000bc44        0x8 zephyr/drivers/clock_control/libdrivers__clock_control.a(clock_control_nrf.c.obj)
 .z_init_PRE_KERNEL_1_P_30_SUB_0_
                0x000000000000bc4c        0x8 modules/segger/libmodules__segger.a(SEGGER_RTT_zephyr.c.obj)
 .z_init_PRE_KERNEL_1_P_40_SUB_00011_
                0x000000000000bc54        0x8 zephyr/drivers/gpio/libdrivers__gpio.a(gpio_nrfx.c.obj)
 .z_init_PRE_KERNEL_1_P_50_SUB_00096_
                0x000000000000bc5c        0x8 zephyr/drivers/serial/libdrivers__serial.a(uart_nrfx_uarte.c.obj)
 .z_init_PRE_KERNEL_1_P_60_SUB_0_
                0x000000000000bc64        0x8 zephyr/drivers/console/libdrivers__console.a(rtt_console.c.obj)
 .z_init_PRE_KERNEL_1_P_60_SUB_0_
                0x000000000000bc6c        0x8 zephyr/drivers/console/libdrivers__console.a(uart_console.c.obj)
 *(SORT_BY_NAME(SORT_BY_ALIGNMENT(.z_init_PRE_KERNEL_1_P_???_*)))
                0x000000000000bc74                __init_PRE_KERNEL_2_start = .
 *(SORT_BY_NAME(SORT_BY_ALIGNMENT(.z_init_PRE_KERNEL_2_P_?_*)))
 .z_init_PRE_KERNEL_2_P_0_SUB_0_
                0x000000000000bc74        0x8 zephyr/drivers/timer/libdrivers__timer.a(nrf_rtc_timer.c.obj)
 *(SORT_BY_NAME(SORT_BY_ALIGNMENT(.z_init_PRE_KERNEL_2_P_??_*)))
 *(SORT_BY_NAME(SORT_BY_ALIGNMENT(.z_init_PRE_KERNEL_2_P_???_*)))
                0x000000000000bc7c                __init_POST_KERNEL_start = .
 *(SORT_BY_NAME(SORT_BY_ALIGNMENT(.z_init_POST_KERNEL_P_?_*)))
 .z_init_POST_KERNEL_P_0_SUB_0_
                0x000000000000bc7c        0x8 zephyr/libzephyr.a(log_core.c.obj)
 *(SORT_BY_NAME(SORT_BY_ALIGNMENT(.z_init_POST_KERNEL_P_??_*)))
 .z_init_POST_KERNEL_P_35_SUB_0_
                0x000000000000bc84        0x8 zephyr/lib/libc/common/liblib__libc__common.a(malloc.c.obj)
 .z_init_POST_KERNEL_P_50_SUB_00072_
                0x000000000000bc8c        0x8 zephyr/drivers/i2c/libdrivers__i2c.a(i2c_nrfx_twi.c.obj)
 .z_init_POST_KERNEL_P_50_SUB_00073_
                0x000000000000bc94        0x8 zephyr/drivers/i2c/libdrivers__i2c.a(i2c_nrfx_twim.c.obj)
 *(SORT_BY_NAME(SORT_BY_ALIGNMENT(.z_init_POST_KERNEL_P_???_*)))
                0x000000000000bc9c                __init_APPLICATION_start = .
 *(SORT_BY_NAME(SORT_BY_ALIGNMENT(.z_init_APPLICATION_P_?_*)))
 *(SORT_BY_NAME(SORT_BY_ALIGNMENT(.z_init_APPLICATION_P_??_*)))
 *(SORT_BY_NAME(SORT_BY_ALIGNMENT(.z_init_APPLICATION_P_???_*)))
                0x000000000000bc9c                __init_SMP_start = .
 *(SORT_BY_NAME(SORT_BY_ALIGNMENT(.z_init_SMP_P_?_*)))
 *(SORT_BY_NAME(SORT_BY_ALIGNMENT(.z_init_SMP_P_??_*)))
 *(SORT_BY_NAME(SORT_BY_ALIGNMENT(.z_init_SMP_P_???_*)))
                0x000000000000bc9c                __init_end = .

device_area     0x000000000000bc9c       0xa0
                0x000000000000bc9c                _device_list_start = .
 *(SORT_BY_NAME(SORT_BY_ALIGNMENT(._device.static.*_?_*)))
 *(SORT_BY_NAME(SORT_BY_ALIGNMENT(._device.static.*_??_*)))
 ._device.static.1_30_
                0x000000000000bc9c       0x20 zephyr/drivers/clock_control/libdrivers__clock_control.a(clock_control_nrf.c.obj)
                0x000000000000bc9c                __device_dts_ord_62
 ._device.static.1_40_
                0x000000000000bcbc       0x20 zephyr/drivers/gpio/libdrivers__gpio.a(gpio_nrfx.c.obj)
                0x000000000000bcbc                __device_dts_ord_11
 ._device.static.1_50_
                0x000000000000bcdc       0x20 zephyr/drivers/serial/libdrivers__serial.a(uart_nrfx_uarte.c.obj)
                0x000000000000bcdc                __device_dts_ord_96
 ._device.static.3_50_
                0x000000000000bcfc       0x20 zephyr/drivers/i2c/libdrivers__i2c.a(i2c_nrfx_twi.c.obj)
                0x000000000000bcfc                __device_dts_ord_72
 ._device.static.3_50_
                0x000000000000bd1c       0x20 zephyr/drivers/i2c/libdrivers__i2c.a(i2c_nrfx_twim.c.obj)
                0x000000000000bd1c                __device_dts_ord_73
 *(SORT_BY_NAME(SORT_BY_ALIGNMENT(._device.static.*_???_*)))
 *(SORT_BY_NAME(SORT_BY_ALIGNMENT(._device.static.*_????_*)))
 *(SORT_BY_NAME(SORT_BY_ALIGNMENT(._device.static.*_?????_*)))
                0x000000000000bd3c                _device_list_end = .

sw_isr_table    0x000000000000bd3c      0x138
                0x000000000000bd3c                . = ALIGN (0x4)
 *(SORT_BY_ALIGNMENT(.gnu.linkonce.sw_isr_table*))
 .gnu.linkonce.sw_isr_table
                0x000000000000bd3c      0x138 zephyr/CMakeFiles/zephyr_final.dir/isr_tables.c.obj
                0x000000000000bd3c                _sw_isr_table

initlevel_error
                0x000000000000bc34        0x0
 *(SORT_BY_NAME(SORT_BY_ALIGNMENT(.z_init_*)))
                0x0000000000000001                ASSERT ((SIZEOF (initlevel_error) == 0x0), Undefined initialization levels used.)

app_shmem_regions
                0x000000000000be74        0x0
                0x000000000000be74                __app_shmem_regions_start = .
 *(SORT_BY_NAME(SORT_BY_ALIGNMENT(.app_regions.*)))
                0x000000000000be74                __app_shmem_regions_end = .

k_p4wq_initparam_area
                0x000000000000be74        0x0
                0x000000000000be74                _k_p4wq_initparam_list_start = .
 *(SORT_BY_NAME(SORT_BY_ALIGNMENT(._k_p4wq_initparam.static.*)))
                0x000000000000be74                _k_p4wq_initparam_list_end = .

_static_thread_data_area
                0x000000000000be74        0x0
                0x000000000000be74                __static_thread_data_list_start = .
 *(SORT_BY_NAME(SORT_BY_ALIGNMENT(.__static_thread_data.static.*)))
                0x000000000000be74                __static_thread_data_list_end = .

device_deps     0x000000000000be74        0x0
                0x000000000000be74                __device_deps_start = .
 *(SORT_BY_NAME(SORT_BY_ALIGNMENT(.__device_deps_pass2*)))
                0x000000000000be74                __device_deps_end = .

gpio_driver_api_area
                0x000000000000be74       0x24
                0x000000000000be74                _gpio_driver_api_list_start = .
 *(SORT_BY_NAME(SORT_BY_ALIGNMENT(._gpio_driver_api.static.*)))
 ._gpio_driver_api.static.gpio_nrfx_drv_api_funcs_
                0x000000000000be74       0x24 zephyr/drivers/gpio/libdrivers__gpio.a(gpio_nrfx.c.obj)
                0x000000000000be98                _gpio_driver_api_list_end = .

i2c_driver_api_area
                0x000000000000be98       0x30
                0x000000000000be98                _i2c_driver_api_list_start = .
 *(SORT_BY_NAME(SORT_BY_ALIGNMENT(._i2c_driver_api.static.*)))
 ._i2c_driver_api.static.i2c_nrfx_twi_driver_api_
                0x000000000000be98       0x18 zephyr/drivers/i2c/libdrivers__i2c.a(i2c_nrfx_twi.c.obj)
 ._i2c_driver_api.static.i2c_nrfx_twim_driver_api_
                0x000000000000beb0       0x18 zephyr/drivers/i2c/libdrivers__i2c.a(i2c_nrfx_twim.c.obj)
                0x000000000000bec8                _i2c_driver_api_list_end = .

i2c_target_driver_api_area
                0x000000000000bec8        0x0
                0x000000000000bec8                _i2c_target_driver_api_list_start = .
 *(SORT_BY_NAME(SORT_BY_ALIGNMENT(._i2c_target_driver_api.static.*)))
                0x000000000000bec8                _i2c_target_driver_api_list_end = .

shared_irq_driver_api_area
                0x000000000000bec8        0x0
                0x000000000000bec8                _shared_irq_driver_api_list_start = .
 *(SORT_BY_NAME(SORT_BY_ALIGNMENT(._shared_irq_driver_api.static.*)))
                0x000000000000bec8                _shared_irq_driver_api_list_end = .

crypto_driver_api_area
                0x000000000000bec8        0x0
                0x000000000000bec8                _crypto_driver_api_list_start = .
 *(SORT_BY_NAME(SORT_BY_ALIGNMENT(._crypto_driver_api.static.*)))
                0x000000000000bec8                _crypto_driver_api_list_end = .

adc_driver_api_area
                0x000000000000bec8        0x0
                0x000000000000bec8                _adc_driver_api_list_start = .
 *(SORT_BY_NAME(SORT_BY_ALIGNMENT(._adc_driver_api.static.*)))
                0x000000000000bec8                _adc_driver_api_list_end = .

auxdisplay_driver_api_area
                0x000000000000bec8        0x0
                0x000000000000bec8                _auxdisplay_driver_api_list_start = .
 *(SORT_BY_NAME(SORT_BY_ALIGNMENT(._auxdisplay_driver_api.static.*)))
                0x000000000000bec8                _auxdisplay_driver_api_list_end = .

bbram_driver_api_area
                0x000000000000bec8        0x0
                0x000000000000bec8                _bbram_driver_api_list_start = .
 *(SORT_BY_NAME(SORT_BY_ALIGNMENT(._bbram_driver_api.static.*)))
                0x000000000000bec8                _bbram_driver_api_list_end = .

bt_hci_driver_api_area
                0x000000000000bec8        0x0
                0x000000000000bec8                _bt_hci_driver_api_list_start = .
 *(SORT_BY_NAME(SORT_BY_ALIGNMENT(._bt_hci_driver_api.static.*)))
                0x000000000000bec8                _bt_hci_driver_api_list_end = .

can_driver_api_area
                0x000000000000bec8        0x0
                0x000000000000bec8                _can_driver_api_list_start = .
 *(SORT_BY_NAME(SORT_BY_ALIGNMENT(._can_driver_api.static.*)))
                0x000000000000bec8                _can_driver_api_list_end = .

cellular_driver_api_area
                0x000000000000bec8        0x0
                0x000000000000bec8                _cellular_driver_api_list_start = .
 *(SORT_BY_NAME(SORT_BY_ALIGNMENT(._cellular_driver_api.static.*)))
                0x000000000000bec8                _cellular_driver_api_list_end = .

charger_driver_api_area
                0x000000000000bec8        0x0
                0x000000000000bec8                _charger_driver_api_list_start = .
 *(SORT_BY_NAME(SORT_BY_ALIGNMENT(._charger_driver_api.static.*)))
                0x000000000000bec8                _charger_driver_api_list_end = .

clock_control_driver_api_area
                0x000000000000bec8       0x1c
                0x000000000000bec8                _clock_control_driver_api_list_start = .
 *(SORT_BY_NAME(SORT_BY_ALIGNMENT(._clock_control_driver_api.static.*)))