Archive member included to satisfy reference by file (symbol)

app/libapp.a(main.c.obj)      (--whole-archive)
app/libapp.a(eink.c.obj)      (--whole-archive)
zephyr/libzephyr.a(validate_libc.c.obj)
                              (--whole-archive)
zephyr/libzephyr.a(heap.c.obj)
                              (--whole-archive)
zephyr/libzephyr.a(cbprintf_packaged.c.obj)
                              (--whole-archive)
zephyr/libzephyr.a(clock.c.obj)
                              (--whole-archive)
zephyr/libzephyr.a(printk.c.obj)
                              (--whole-archive)
zephyr/libzephyr.a(sem.c.obj)
                              (--whole-archive)
zephyr/libzephyr.a(thread_entry.c.obj)
                              (--whole-archive)
zephyr/libzephyr.a(cbprintf_complete.c.obj)
                              (--whole-archive)
zephyr/libzephyr.a(assert.c.obj)
                              (--whole-archive)
zephyr/libzephyr.a(mpsc_pbuf.c.obj)
                              (--whole-archive)
zephyr/libzephyr.a(dec.c.obj)
                              (--whole-archive)
zephyr/libzephyr.a(hex.c.obj)
                              (--whole-archive)
zephyr/libzephyr.a(rb.c.obj)  (--whole-archive)
zephyr/libzephyr.a(timeutil.c.obj)
                              (--whole-archive)
zephyr/libzephyr.a(bitarray.c.obj)
                              (--whole-archive)
zephyr/libzephyr.a(bitmask.c.obj)
                              (--whole-archive)
zephyr/libzephyr.a(onoff.c.obj)
                              (--whole-archive)
zephyr/libzephyr.a(notify.c.obj)
                              (--whole-archive)
zephyr/libzephyr.a(ring_buffer.c.obj)
                              (--whole-archive)
zephyr/libzephyr.a(last_section_id.c.obj)
                              (--whole-archive)
zephyr/libzephyr.a(configs.c.obj)
                              (--whole-archive)
zephyr/libzephyr.a(thread_info.c.obj)
                              (--whole-archive)
zephyr/libzephyr.a(log_core.c.obj)
                              (--whole-archive)
zephyr/libzephyr.a(log_mgmt.c.obj)
                              (--whole-archive)
zephyr/libzephyr.a(log_cache.c.obj)
                              (--whole-archive)
zephyr/libzephyr.a(log_msg.c.obj)
                              (--whole-archive)
zephyr/libzephyr.a(log_output.c.obj)
                              (--whole-archive)
zephyr/libzephyr.a(log_backend_rtt.c.obj)
                              (--whole-archive)
zephyr/libzephyr.a(mem_attr.c.obj)
                              (--whole-archive)
zephyr/libzephyr.a(tracing_none.c.obj)
                              (--whole-archive)
zephyr/libzephyr.a(banner.c.obj)
                              (--whole-archive)
zephyr/libzephyr.a(flash_map_partition_manager.c.obj)
                              (--whole-archive)
zephyr/arch/common/libarch__common.a(sw_isr_common.c.obj)
                              (--whole-archive)
zephyr/arch/common/libarch__common.a(init.c.obj)
                              (--whole-archive)
zephyr/arch/common/libarch__common.a(xip.c.obj)
                              (--whole-archive)
zephyr/arch/arch/arm/core/libarch__arm__core.a(fatal.c.obj)
                              (--whole-archive)
zephyr/arch/arch/arm/core/libarch__arm__core.a(nmi.c.obj)
                              (--whole-archive)
zephyr/arch/arch/arm/core/libarch__arm__core.a(nmi_on_reset.S.obj)
                              (--whole-archive)
zephyr/arch/arch/arm/core/libarch__arm__core.a(tls.c.obj)
                              (--whole-archive)
zephyr/arch/arch/arm/core/cortex_m/libarch__arm__core__cortex_m.a(exc_exit.c.obj)
                              (--whole-archive)
zephyr/arch/arch/arm/core/cortex_m/libarch__arm__core__cortex_m.a(fault.c.obj)
                              (--whole-archive)
zephyr/arch/arch/arm/core/cortex_m/libarch__arm__core__cortex_m.a(fault_s.S.obj)
                              (--whole-archive)
zephyr/arch/arch/arm/core/cortex_m/libarch__arm__core__cortex_m.a(fpu.c.obj)
                              (--whole-archive)
zephyr/arch/arch/arm/core/cortex_m/libarch__arm__core__cortex_m.a(reset.S.obj)
                              (--whole-archive)
zephyr/arch/arch/arm/core/cortex_m/libarch__arm__core__cortex_m.a(scb.c.obj)
                              (--whole-archive)
zephyr/arch/arch/arm/core/cortex_m/libarch__arm__core__cortex_m.a(thread_abort.c.obj)
                              (--whole-archive)
zephyr/arch/arch/arm/core/cortex_m/libarch__arm__core__cortex_m.a(vector_table.S.obj)
                              (--whole-archive)
zephyr/arch/arch/arm/core/cortex_m/libarch__arm__core__cortex_m.a(swap_helper.S.obj)
                              (--whole-archive)
zephyr/arch/arch/arm/core/cortex_m/libarch__arm__core__cortex_m.a(irq_manage.c.obj)
                              (--whole-archive)
zephyr/arch/arch/arm/core/cortex_m/libarch__arm__core__cortex_m.a(prep_c.c.obj)
                              (--whole-archive)
[...]
Memory Configuration

Name             Origin             Length             Attributes
FLASH            0x0000000000000000 0x0000000000080000 xr
RAM              0x0000000020000000 0x0000000000010000 xw
IDT_LIST         0x00000000ffff7fff 0x0000000000008000 xw
*default*        0x0000000000000000 0xffffffffffffffff

Linker script and memory map

                0x0000000000005c04                vfprintf = __d_vfprintf
                0x0000000000000000                vfscanf = __d_vfscanf
LOAD zephyr/CMakeFiles/zephyr_pre0.dir/misc/empty_file.c.obj
LOAD zephyr/CMakeFiles/offsets.dir/./arch/arm/core/offsets/offsets.c.obj
LOAD app/libapp.a
LOAD zephyr/libzephyr.a
LOAD zephyr/arch/common/libarch__common.a
LOAD zephyr/arch/arch/arm/core/libarch__arm__core.a
LOAD zephyr/arch/arch/arm/core/cortex_m/libarch__arm__core__cortex_m.a
LOAD zephyr/arch/arch/arm/core/mpu/libarch__arm__core__mpu.a
LOAD zephyr/lib/libc/picolibc/liblib__libc__picolibc.a
LOAD zephyr/lib/libc/common/liblib__libc__common.a
LOAD zephyr/soc/soc/nrf52832/libsoc__nordic.a
LOAD zephyr/drivers/clock_control/libdrivers__clock_control.a
LOAD zephyr/drivers/console/libdrivers__console.a
LOAD zephyr/drivers/gpio/libdrivers__gpio.a
LOAD zephyr/drivers/pinctrl/libdrivers__pinctrl.a
LOAD zephyr/drivers/serial/libdrivers__serial.a
LOAD zephyr/drivers/spi/libdrivers__spi.a
LOAD zephyr/drivers/timer/libdrivers__timer.a
LOAD modules/hal_nordic/modules/hal_nordic/nrfx/libmodules__hal_nordic__nrfx.a
LOAD modules/segger/libmodules__segger.a
LOAD zephyr/kernel/libkernel.a
LOAD zephyr/arch/common/libisr_tables.a
LOAD c:\ncs\toolchains\fd21892d0f\opt\zephyr-sdk\arm-zephyr-eabi\bin\../lib/gcc/../../picolibc/arm-zephyr-eabi/lib/thumb/v7e-m/nofp\libc.a
LOAD c:/ncs/toolchains/fd21892d0f/opt/zephyr-sdk/arm-zephyr-eabi/bin/../lib/gcc/arm-zephyr-eabi/12.2.0/thumb/v7e-m/nofp\libgcc.a
                0x0000000000000020                _region_min_align = 0x20

.rel.plt        0x0000000000000000        0x0
 *(SORT_BY_ALIGNMENT(.rel.plt))
                [!provide]                        PROVIDE (__rel_iplt_start = .)
 *(SORT_BY_ALIGNMENT(.rel.iplt))
 .rel.iplt      0x0000000000000000        0x0 app/libapp.a(main.c.obj)
                [!provide]                        PROVIDE (__rel_iplt_end = .)

.rela.plt       0x0000000000000000        0x0
 *(SORT_BY_ALIGNMENT(.rela.plt))
                [!provide]                        PROVIDE (__rela_iplt_start = .)
 *(SORT_BY_ALIGNMENT(.rela.iplt))
                [!provide]                        PROVIDE (__rela_iplt_end = .)

.rel.dyn
 *(SORT_BY_ALIGNMENT(.rel.*))

.rela.dyn
 *(SORT_BY_ALIGNMENT(.rela.*))

/DISCARD/
 *(SORT_BY_ALIGNMENT(.plt))

/DISCARD/
 *(SORT_BY_ALIGNMENT(.iplt))
                0x0000000000000000                __rom_region_start = 0x0

rom_start       0x0000000000000000       0xdc
                0x0000000000000000                __rom_start_address = .
 FILL mask 0x00
                0x0000000000000000                . = (. + (0x0 - (. - __rom_start_address)))
                0x0000000000000000                . = ALIGN (0x4)
                0x0000000000000000                . = ALIGN (0x80)
                0x0000000000000000                . = ALIGN (0x100)
                0x0000000000000000                _vector_start = .
 *(SORT_BY_ALIGNMENT(.exc_vector_table))
 *(SORT_BY_ALIGNMENT(.exc_vector_table.*))
 .exc_vector_table._vector_table_section
                0x0000000000000000       0x40 zephyr/arch/arch/arm/core/cortex_m/libarch__arm__core__cortex_m.a(vector_table.S.obj)
                0x0000000000000000                _vector_table
 *(SORT_BY_ALIGNMENT(.vectors))
                0x00000000000000dc                _vector_end = .
                0x0000000000000040                . = ALIGN (0x4)
 *(SORT_BY_ALIGNMENT(.gnu.linkonce.irq_vector_table*))
 .gnu.linkonce.irq_vector_table
                0x0000000000000040       0x9c zephyr/arch/common/libisr_tables.a(isr_tables.c.obj)
                0x0000000000000040                _irq_vector_table
                0x00000000000000dc                _vector_end = .

text            0x00000000000000dc     0x9148
                0x00000000000000dc                __text_region_start = .
 *(SORT_BY_ALIGNMENT(.text))
 .text          0x00000000000000dc       0x30 c:/ncs/toolchains/fd21892d0f/opt/zephyr-sdk/arm-zephyr-eabi/bin/../lib/gcc/arm-zephyr-eabi/12.2.0/thumb/v7e-m/nofp\libgcc.a(_aeabi_uldivmod.o)
                0x00000000000000dc                __aeabi_uldivmod
 .text          0x000000000000010c        0x4 c:/ncs/toolchains/fd21892d0f/opt/zephyr-sdk/arm-zephyr-eabi/bin/../lib/gcc/arm-zephyr-eabi/12.2.0/thumb/v7e-m/nofp\libgcc.a(_dvmd_tls.o)
                0x000000000000010c                __aeabi_idiv0
                0x000000000000010c                __aeabi_ldiv0
 .text          0x0000000000000110       0x10 c:\ncs\toolchains\fd21892d0f\opt\zephyr-sdk\arm-zephyr-eabi\bin\../lib/gcc/../../picolibc/arm-zephyr-eabi/lib/thumb/v7e-m/nofp\libc.a(strcpy.S.o)
                0x0000000000000110                strcpy
 .text          0x0000000000000120       0x10 c:\ncs\toolchains\fd21892d0f\opt\zephyr-sdk\arm-zephyr-eabi\bin\../lib/gcc/../../picolibc/arm-zephyr-eabi/lib/thumb/v7e-m/nofp\libc.a(strlen.S.o)
                0x0000000000000120                strlen
 .text          0x0000000000000130      0x2a0 c:/ncs/toolchains/fd21892d0f/opt/zephyr-sdk/arm-zephyr-eabi/bin/../lib/gcc/arm-zephyr-eabi/12.2.0/thumb/v7e-m/nofp\libgcc.a(_udivmoddi4.o)
                0x0000000000000130                __udivmoddi4
 *(SORT_BY_ALIGNMENT(.text.*))
 .text.setTransformedPixel
                0x00000000000003d0       0x2c app/libapp.a(main.c.obj)
 .text.buildAlph2x.part.0
                0x00000000000003fc       0x84 app/libapp.a(main.c.obj)
 .text.reset_framebuff
                0x0000000000000480       0x24 app/libapp.a(main.c.obj)
                0x0000000000000480                reset_framebuff
 .text.draw     0x00000000000004a4       0xcc app/libapp.a(main.c.obj)
                0x00000000000004a4                draw
 .text.displayBattery
                0x0000000000000570       0x80 app/libapp.a(main.c.obj)
                0x0000000000000570                displayBattery
 .text.drawScaled
                0x00000000000005f0       0xc8 app/libapp.a(main.c.obj)
                0x00000000000005f0                drawScaled
 .text.displayCard
                0x00000000000006b8       0x54 app/libapp.a(main.c.obj)
                0x00000000000006b8                displayCard
 .text.main     0x000000000000070c       0x7c app/libapp.a(main.c.obj)
                0x000000000000070c                main
 .text.nrf_gpio_cfg_output
                0x0000000000000788       0x2c app/libapp.a(eink.c.obj)
 .text.SpiTransfer
                0x00000000000007b4       0x60 app/libapp.a(eink.c.obj)
                0x00000000000007b4                SpiTransfer
 .text.Reset    0x0000000000000814       0x3c app/libapp.a(eink.c.obj)
                0x0000000000000814                Reset
 .text.eink_init
                0x0000000000000850       0x74 app/libapp.a(eink.c.obj)
                0x0000000000000850                eink_init
 .text.cbvprintf_package
                0x00000000000008c4      0x3a4 zephyr/libzephyr.a(cbprintf_packaged.c.obj)
                0x00000000000008c4                cbvprintf_package
 .text.cbprintf_package_convert
                0x0000000000000c68      0x3cc zephyr/libzephyr.a(cbprintf_packaged.c.obj)
                0x0000000000000c68                cbprintf_package_convert
 .text.__printk_hook_install
                0x0000000000001034        0xc zephyr/libzephyr.a(printk.c.obj)
                0x0000000000001034                __printk_hook_install
 .text.z_thread_entry
                0x0000000000001040       0x34 zephyr/libzephyr.a(thread_entry.c.obj)
                0x0000000000001040                z_thread_entry
 .text.process_event
                0x0000000000001074      0x21c zephyr/libzephyr.a(onoff.c.obj)
 .text.activate_foreach_backend
                0x0000000000001290       0x64 zephyr/libzephyr.a(log_core.c.obj)
 .text.enable_logger
                0x00000000000012f4       0x5c zephyr/libzephyr.a(log_core.c.obj)
 .text.log_process_thread_timer_expiry_fn
                0x0000000000001350        0xc zephyr/libzephyr.a(log_core.c.obj)
 .text.z_log_init
                0x000000000000135c       0x98 zephyr/libzephyr.a(log_core.c.obj)
 .text.log_format_func_t_get
                0x00000000000013f4        0xc zephyr/libzephyr.a(log_core.c.obj)
                0x00000000000013f4                log_format_func_t_get
 .text.log_set_timestamp_func
                0x0000000000001400       0x20 zephyr/libzephyr.a(log_core.c.obj)
                0x0000000000001400                log_set_timestamp_func
 .text.z_log_notify_backend_enabled
                0x0000000000001420       0x1c zephyr/libzephyr.a(log_core.c.obj)
                0x0000000000001420                z_log_notify_backend_enabled
 .text.z_log_dropped
                0x000000000000143c       0x44 zephyr/libzephyr.a(log_core.c.obj)
                0x000000000000143c                z_log_dropped
 .text.z_log_dropped_read_and_clear
                0x0000000000001480       0x20 zephyr/libzephyr.a(log_core.c.obj)
                0x0000000000001480                z_log_dropped_read_and_clear
 .text.dropped_notify
                0x00000000000014a0       0x30 zephyr/libzephyr.a(log_core.c.obj)
                0x00000000000014a0                dropped_notify
 .text.z_log_msg_init
                0x00000000000014d0       0x20 zephyr/libzephyr.a(log_core.c.obj)
                0x00000000000014d0                z_log_msg_init
 .text.log_core_init
                0x00000000000014f0       0x50 zephyr/libzephyr.a(log_core.c.obj)
                0x00000000000014f0                log_core_init
 .text.z_log_msg_alloc
                0x0000000000001540       0x10 zephyr/libzephyr.a(log_core.c.obj)
                0x0000000000001540                z_log_msg_alloc
 .text.z_log_msg_local_claim
                0x0000000000001550        0xc zephyr/libzephyr.a(log_core.c.obj)
                0x0000000000001550                z_log_msg_local_claim
 .text.z_log_msg_free
                0x000000000000155c       0x10 zephyr/libzephyr.a(log_core.c.obj)
                0x000000000000155c                z_log_msg_free
 .text.z_log_msg_pending
                0x000000000000156c        0xc zephyr/libzephyr.a(log_core.c.obj)
                0x000000000000156c                z_log_msg_pending
 .text.z_impl_log_process
                0x0000000000001578       0xc0 zephyr/libzephyr.a(log_core.c.obj)
                0x0000000000001578                z_impl_log_process
 .text.z_impl_log_panic
                0x0000000000001638       0x44 zephyr/libzephyr.a(log_core.c.obj)
                0x0000000000001638                z_impl_log_panic
 .text.log_process_thread_func
                0x000000000000167c       0xa4 zephyr/libzephyr.a(log_core.c.obj)
 .text.z_log_msg_post_finalize
                0x0000000000001720       0x78 zephyr/libzephyr.a(log_core.c.obj)
 .text.z_log_msg_commit
                0x0000000000001798       0x24 zephyr/libzephyr.a(log_core.c.obj)
                0x0000000000001798                z_log_msg_commit
 .text.log_source_name_get
                0x00000000000017bc       0x1c zephyr/libzephyr.a(log_mgmt.c.obj)
                0x00000000000017bc                log_source_name_get
 .text.z_impl_z_log_msg_static_create
                0x00000000000017d8      0x108 zephyr/libzephyr.a(log_msg.c.obj)
                0x00000000000017d8                z_impl_z_log_msg_static_create
 .text.z_log_msg_runtime_vcreate
                0x00000000000018e0       0xa0 zephyr/libzephyr.a(log_msg.c.obj)
                0x00000000000018e0                z_log_msg_runtime_vcreate
 .text.log_msg_get_source_id
                0x0000000000001980       0x18 zephyr/libzephyr.a(log_msg.c.obj)
                0x0000000000001980                log_msg_get_source_id
 .text.print_formatted
                0x0000000000001998       0x24 zephyr/libzephyr.a(log_output.c.obj)
 .text.newline_print
                0x00000000000019bc       0x1c zephyr/libzephyr.a(log_output.c.obj)
 .text.log_output_process
                0x00000000000019d8      0x2d4 zephyr/libzephyr.a(log_output.c.obj)
                0x00000000000019d8                log_output_process
 .text.log_output_dropped_process
                0x0000000000001cac       0x58 zephyr/libzephyr.a(log_output.c.obj)
                0x0000000000001cac                log_output_dropped_process
 .text.log_output_timestamp_freq_set
                0x0000000000001d04       0x2c zephyr/libzephyr.a(log_output.c.obj)
                0x0000000000001d04                log_output_timestamp_freq_set
 .text.log_backend_rtt_init
                0x0000000000001d30        0xc zephyr/libzephyr.a(log_backend_rtt.c.obj)
 .text.format_set
                0x0000000000001d3c        0xc zephyr/libzephyr.a(log_backend_rtt.c.obj)
 .text.dropped  0x0000000000001d48        0xc zephyr/libzephyr.a(log_backend_rtt.c.obj)
 .text.process  0x0000000000001d54       0x24 zephyr/libzephyr.a(log_backend_rtt.c.obj)
 .text.panic    0x0000000000001d78       0x34 zephyr/libzephyr.a(log_backend_rtt.c.obj)
 .text.on_failed_write
                0x0000000000001dac       0x28 zephyr/libzephyr.a(log_backend_rtt.c.obj)
 .text.data_out
                0x0000000000001dd4       0x88 zephyr/libzephyr.a(log_backend_rtt.c.obj)
 .text.mem_attr_get_regions
                0x0000000000001e5c        0xc zephyr/libzephyr.a(mem_attr.c.obj)
                0x0000000000001e5c                mem_attr_get_regions
 .text.boot_banner
                0x0000000000001e68       0x1c zephyr/libzephyr.a(banner.c.obj)
                0x0000000000001e68                boot_banner
 .text.arch_bss_zero
                0x0000000000001e84       0x18 zephyr/arch/common/libarch__common.a(init.c.obj)
                0x0000000000001e84                arch_bss_zero
 .text.arch_data_copy
                0x0000000000001e9c       0x38 zephyr/arch/common/libarch__common.a(xip.c.obj)
                0x0000000000001e9c                arch_data_copy
 .text.z_arm_fatal_error
                0x0000000000001ed4       0xb8 zephyr/arch/arch/arm/core/libarch__arm__core.a(fatal.c.obj)
                0x0000000000001ed4                z_arm_fatal_error
 .text.z_SysNmiOnReset
                0x0000000000001f8c        0x8 zephyr/arch/arch/arm/core/libarch__arm__core.a(nmi_on_reset.S.obj)
                0x0000000000001f8c                z_SysNmiOnReset
 .text.arch_tls_stack_setup
                0x0000000000001f94       0x40 zephyr/arch/arch/arm/core/libarch__arm__core.a(tls.c.obj)
                0x0000000000001f94                arch_tls_stack_setup
 .text._HandlerModeExit
                0x0000000000001fd4       0x20 zephyr/arch/arch/arm/core/cortex_m/libarch__arm__core__cortex_m.a(exc_exit.c.obj)
                0x0000000000001fd4                z_arm_int_exit
                0x0000000000001fd4                z_arm_exc_exit
 .text.bus_fault.constprop.0
                0x0000000000001ff4       0xd0 zephyr/arch/arch/arm/core/cortex_m/libarch__arm__core__cortex_m.a(fault.c.obj)
 .text.usage_fault.constprop.0
                0x00000000000020c4       0xa8 zephyr/arch/arch/arm/core/cortex_m/libarch__arm__core__cortex_m.a(fault.c.obj)
 .text.mem_manage_fault
                0x000000000000216c      0x104 zephyr/arch/arch/arm/core/cortex_m/libarch__arm__core__cortex_m.a(fault.c.obj)
 .text.z_arm_fault
                0x0000000000002270      0x1d4 zephyr/arch/arch/arm/core/cortex_m/libarch__arm__core__cortex_m.a(fault.c.obj)
                0x0000000000002270                z_arm_fault
 .text.z_arm_fault_init
                0x0000000000002444       0x18 zephyr/arch/arch/arm/core/cortex_m/libarch__arm__core__cortex_m.a(fault.c.obj)
                0x0000000000002444                z_arm_fault_init
 .text.__fault  0x000000000000245c       0x14 zephyr/arch/arch/arm/core/cortex_m/libarch__arm__core__cortex_m.a(fault_s.S.obj)
                0x000000000000245c                z_arm_usage_fault
                0x000000000000245c                z_arm_mpu_fault
                0x000000000000245c                z_arm_exc_spurious
                0x000000000000245c                z_arm_debug_monitor
                0x000000000000245c                z_arm_hard_fault
                0x000000000000245c                z_arm_bus_fault
 .text._reset_section
                0x0000000000002470       0x60 zephyr/arch/arch/arm/core/cortex_m/libarch__arm__core__cortex_m.a(reset.S.obj)
                0x0000000000002470                __start
                0x0000000000002470                z_arm_reset
 .text.z_arm_clear_arm_mpu_config
                0x00000000000024d0       0x24 zephyr/arch/arch/arm/core/cortex_m/libarch__arm__core__cortex_m.a(scb.c.obj)
                0x00000000000024d0                z_arm_clear_arm_mpu_config
 .text.z_arm_init_arch_hw_at_boot
                0x00000000000024f4       0x64 zephyr/arch/arch/arm/core/cortex_m/libarch__arm__core__cortex_m.a(scb.c.obj)
                0x00000000000024f4                z_arm_init_arch_hw_at_boot
 .text.z_impl_k_thread_abort
                0x0000000000002558       0x2c zephyr/arch/arch/arm/core/cortex_m/libarch__arm__core__cortex_m.a(thread_abort.c.obj)
                0x0000000000002558                z_impl_k_thread_abort
 .text.z_arm_pendsv
                0x0000000000002584       0x64 zephyr/arch/arch/arm/core/cortex_m/libarch__arm__core__cortex_m.a(swap_helper.S.obj)
                0x0000000000002584                z_arm_pendsv
 .text.z_arm_svc
                0x00000000000025e8       0x24 zephyr/arch/arch/arm/core/cortex_m/libarch__arm__core__cortex_m.a(swap_helper.S.obj)
                0x00000000000025e8                z_arm_svc
 .text.arm_irq_enable
                0x000000000000260c       0x1c zephyr/arch/arch/arm/core/cortex_m/libarch__arm__core__cortex_m.a(irq_manage.c.obj)
                0x000000000000260c                arm_irq_enable
 .text.arm_irq_disable
                0x0000000000002628       0x28 zephyr/arch/arch/arm/core/cortex_m/libarch__arm__core__cortex_m.a(irq_manage.c.obj)
                0x0000000000002628                arm_irq_disable
 .text.arm_irq_is_enabled
                0x0000000000002650       0x1c zephyr/arch/arch/arm/core/cortex_m/libarch__arm__core__cortex_m.a(irq_manage.c.obj)
                0x0000000000002650                arm_irq_is_enabled
 .text.arm_irq_priority_set
                0x000000000000266c       0x30 zephyr/arch/arch/arm/core/cortex_m/libarch__arm__core__cortex_m.a(irq_manage.c.obj)
                0x000000000000266c                arm_irq_priority_set
 .text.relocate_vector_table
                0x000000000000269c       0x1c zephyr/arch/arch/arm/core/cortex_m/libarch__arm__core__cortex_m.a(prep_c.c.obj)
                0x000000000000269c                relocate_vector_table
 .text.z_prep_c
                0x00000000000026b8       0x28 zephyr/arch/arch/arm/core/cortex_m/libarch__arm__core__cortex_m.a(prep_c.c.obj)
                0x00000000000026b8                z_prep_c
 .text.arch_new_thread
                0x00000000000026e0       0x38 zephyr/arch/arch/arm/core/cortex_m/libarch__arm__core__cortex_m.a(thread.c.obj)
                0x00000000000026e0                arch_new_thread
 .text.z_check_thread_stack_fail
                0x0000000000002718       0x30 zephyr/arch/arch/arm/core/cortex_m/libarch__arm__core__cortex_m.a(thread.c.obj)
                0x0000000000002718                z_check_thread_stack_fail
 .text.arch_switch_to_main_thread
                0x0000000000002748       0x40 zephyr/arch/arch/arm/core/cortex_m/libarch__arm__core__cortex_m.a(thread.c.obj)
                0x0000000000002748                arch_switch_to_main_thread
 .text.z_arm_cpu_idle_init
                0x0000000000002788        0xc zephyr/arch/arch/arm/core/cortex_m/libarch__arm__core__cortex_m.a(cpu_idle.c.obj)
                0x0000000000002788                z_arm_cpu_idle_init
 .text.z_arm_interrupt_init
                0x0000000000002794       0x18 zephyr/arch/arch/arm/core/cortex_m/libarch__arm__core__cortex_m.a(irq_init.c.obj)
                0x0000000000002794                z_arm_interrupt_init
 .text._isr_wrapper
                0x00000000000027ac       0x24 zephyr/arch/arch/arm/core/cortex_m/libarch__arm__core__cortex_m.a(isr_wrapper.c.obj)
                0x00000000000027ac                _isr_wrapper
 .text.z_arm_configure_static_mpu_regions
                0x00000000000027d0       0x18 zephyr/arch/arch/arm/core/mpu/libarch__arm__core__mpu.a(arm_core_mpu.c.obj)
                0x00000000000027d0                z_arm_configure_static_mpu_regions
 .text.z_arm_configure_dynamic_mpu_regions
                0x00000000000027e8       0x24 zephyr/arch/arch/arm/core/mpu/libarch__arm__core__mpu.a(arm_core_mpu.c.obj)
                0x00000000000027e8                z_arm_configure_dynamic_mpu_regions
 .text.region_allocate_and_init
                0x000000000000280c       0x54 zephyr/arch/arch/arm/core/mpu/libarch__arm__core__mpu.a(arm_mpu.c.obj)
 .text.mpu_configure_regions
                0x0000000000002860       0x68 zephyr/arch/arch/arm/core/mpu/libarch__arm__core__mpu.a(arm_mpu.c.obj)
 .text.arm_core_mpu_enable
                0x00000000000028c8       0x18 zephyr/arch/arch/arm/core/mpu/libarch__arm__core__mpu.a(arm_mpu.c.obj)
                0x00000000000028c8                arm_core_mpu_enable
 .text.arm_core_mpu_disable
                0x00000000000028e0       0x14 zephyr/arch/arch/arm/core/mpu/libarch__arm__core__mpu.a(arm_mpu.c.obj)
                0x00000000000028e0                arm_core_mpu_disable
 .text.arm_core_mpu_configure_static_mpu_regions
                0x00000000000028f4       0x14 zephyr/arch/arch/arm/core/mpu/libarch__arm__core__mpu.a(arm_mpu.c.obj)
                0x00000000000028f4                arm_core_mpu_configure_static_mpu_regions
 .text.arm_core_mpu_configure_dynamic_mpu_regions
                0x0000000000002908       0x38 zephyr/arch/arch/arm/core/mpu/libarch__arm__core__mpu.a(arm_mpu.c.obj)
                0x0000000000002908                arm_core_mpu_configure_dynamic_mpu_regions
 .text.z_arm_mpu_init
                0x0000000000002940      0x17c zephyr/arch/arch/arm/core/mpu/libarch__arm__core__mpu.a(arm_mpu.c.obj)
                0x0000000000002940                z_arm_mpu_init
 .text.cbvprintf
                0x0000000000002abc       0x38 zephyr/lib/libc/picolibc/liblib__libc__picolibc.a(cbprintf.c.obj)
                0x0000000000002abc                cbvprintf
 .text.z_impl_zephyr_fputc
                0x0000000000002af4       0x10 zephyr/lib/libc/picolibc/liblib__libc__picolibc.a(stdio.c.obj)
                0x0000000000002af4                z_impl_zephyr_fputc
 .text.__stdout_hook_install
                0x0000000000002b04       0x18 zephyr/lib/libc/picolibc/liblib__libc__picolibc.a(stdio.c.obj)
                0x0000000000002b04                __stdout_hook_install
 .text.malloc_prepare
                0x0000000000002b1c       0x24 zephyr/lib/libc/common/liblib__libc__common.a(malloc.c.obj)
 .text.nordicsemi_nrf52_init
                0x0000000000002b40       0x18 zephyr/soc/soc/nrf52832/libsoc__nordic.a(soc.c.obj)
 .text.arch_busy_wait
                0x0000000000002b58       0x24 zephyr/soc/soc/nrf52832/libsoc__nordic.a(soc.c.obj)
                0x0000000000002b58                arch_busy_wait
 .text.gppi_init
                0x0000000000002b7c       0x1c zephyr/soc/soc/nrf52832/libsoc__nordic.a(gppi_init.c.obj)
 .text.onoff_stop
                0x0000000000002b98       0x30 zephyr/drivers/clock_control/libdrivers__clock_control.a(clock_control_nrf.c.obj)
 .text.onoff_start
                0x0000000000002bc8       0x44 zephyr/drivers/clock_control/libdrivers__clock_control.a(clock_control_nrf.c.obj)
 .text.clk_init
                0x0000000000002c0c       0x58 zephyr/drivers/clock_control/libdrivers__clock_control.a(clock_control_nrf.c.obj)
 .text.api_blocking_start
                0x0000000000002c64       0x34 zephyr/drivers/clock_control/libdrivers__clock_control.a(clock_control_nrf.c.obj)
 .text.lfclk_start
                0x0000000000002c98       0x20 zephyr/drivers/clock_control/libdrivers__clock_control.a(clock_control_nrf.c.obj)
 .text.generic_hfclk_stop
                0x0000000000002cb8       0x34 zephyr/drivers/clock_control/libdrivers__clock_control.a(clock_control_nrf.c.obj)
 .text.clkstarted_handle.constprop.0
                0x0000000000002cec       0x4c zephyr/drivers/clock_control/libdrivers__clock_control.a(clock_control_nrf.c.obj)
 .text.generic_hfclk_start
                0x0000000000002d38       0x78 zephyr/drivers/clock_control/libdrivers__clock_control.a(clock_control_nrf.c.obj)
 .text.clock_event_handler
                0x0000000000002db0       0x1c zephyr/drivers/clock_control/libdrivers__clock_control.a(clock_control_nrf.c.obj)
 .text.z_nrf_clock_control_lf_on
                0x0000000000002dcc       0xfc zephyr/drivers/clock_control/libdrivers__clock_control.a(clock_control_nrf.c.obj)
                0x0000000000002dcc                z_nrf_clock_control_lf_on
 .text.rtt_console_init
                0x0000000000002ec8       0x18 zephyr/drivers/console/libdrivers__console.a(rtt_console.c.obj)
 .text.rtt_console_out
                0x0000000000002ee0       0x48 zephyr/drivers/console/libdrivers__console.a(rtt_console.c.obj)
 .text.nrfx_gpio_handler
                0x0000000000002f28       0x3c zephyr/drivers/gpio/libdrivers__gpio.a(gpio_nrfx.c.obj)
 .text.gpio_nrfx_init
                0x0000000000002f64       0x3c zephyr/drivers/gpio/libdrivers__gpio.a(gpio_nrfx.c.obj)
 .text.pinctrl_configure_pins
                0x0000000000002fa0      0x17c zephyr/drivers/pinctrl/libdrivers__pinctrl.a(pinctrl_nrf.c.obj)
                0x0000000000002fa0                pinctrl_configure_pins
 .text.uarte_nrfx_poll_out
                0x000000000000311c       0xb4 zephyr/drivers/serial/libdrivers__serial.a(uart_nrfx_uarte.c.obj)
 .text.uarte_0_init
                0x00000000000031d0      0x10c zephyr/drivers/serial/libdrivers__serial.a(uart_nrfx_uarte.c.obj)
 .text.spi_nrfx_init
                0x00000000000032dc      0x11c zephyr/drivers/spi/libdrivers__spi.a(spi_nrfx_spi.c.obj)
 .text.event_handler
                0x00000000000033f8       0xc0 zephyr/drivers/spi/libdrivers__spi.a(spi_nrfx_spi.c.obj)
 .text.spi_nrfx_transceive
                0x00000000000034b8      0x3d4 zephyr/drivers/spi/libdrivers__spi.a(spi_nrfx_spi.c.obj)
 .text.spi_nrfx_wake_request
                0x000000000000388c       0x84 zephyr/drivers/spi/libdrivers__spi.a(spi_nrfx_common.c.obj)
                0x000000000000388c                spi_nrfx_wake_request
 .text.compare_int_lock
                0x0000000000003910       0x48 zephyr/drivers/timer/libdrivers__timer.a(nrf_rtc_timer.c.obj)
 .text.sys_clock_timeout_handler
                0x0000000000003958       0x48 zephyr/drivers/timer/libdrivers__timer.a(nrf_rtc_timer.c.obj)
 .text.compare_int_unlock
                0x00000000000039a0       0x5c zephyr/drivers/timer/libdrivers__timer.a(nrf_rtc_timer.c.obj)
 .text.z_nrf_rtc_timer_read
                0x00000000000039fc       0x60 zephyr/drivers/timer/libdrivers__timer.a(nrf_rtc_timer.c.obj)
                0x00000000000039fc                z_nrf_rtc_timer_read
 .text.compare_set
                0x0000000000003a5c      0x138 zephyr/drivers/timer/libdrivers__timer.a(nrf_rtc_timer.c.obj)
 .text.sys_clock_driver_init
                0x0000000000003b94       0xcc zephyr/drivers/timer/libdrivers__timer.a(nrf_rtc_timer.c.obj)
 .text.rtc_nrf_isr
                0x0000000000003c60       0xf4 zephyr/drivers/timer/libdrivers__timer.a(nrf_rtc_timer.c.obj)
                0x0000000000003c60                rtc_nrf_isr
 .text.sys_clock_set_timeout
                0x0000000000003d54       0x64 zephyr/drivers/timer/libdrivers__timer.a(nrf_rtc_timer.c.obj)
                0x0000000000003d54                sys_clock_set_timeout
 .text.sys_clock_elapsed
                0x0000000000003db8       0x14 zephyr/drivers/timer/libdrivers__timer.a(nrf_rtc_timer.c.obj)
                0x0000000000003db8                sys_clock_elapsed
 .text.nrf52_errata_16
                0x0000000000003dcc       0x28 modules/hal_nordic/modules/hal_nordic/nrfx/libmodules__hal_nordic__nrfx.a(system_nrf52.c.obj)
 .text.nvmc_wait
                0x0000000000003df4       0x10 modules/hal_nordic/modules/hal_nordic/nrfx/libmodules__hal_nordic__nrfx.a(system_nrf52.c.obj)
                0x0000000000003df4                nvmc_wait
 .text.SystemInit
                0x0000000000003e04      0x278 modules/hal_nordic/modules/hal_nordic/nrfx/libmodules__hal_nordic__nrfx.a(system_nrf52.c.obj)
                0x0000000000003e04                SystemInit
 .text.nrfx_gppi_init
                0x000000000000407c        0xc modules/hal_nordic/modules/hal_nordic/nrfx/libmodules__hal_nordic__nrfx.a(nrfx_gppi_ppi.c.obj)
                0x000000000000407c                nrfx_gppi_init
 .text.nrfx_gppi_domain_conn_alloc
                0x0000000000004088       0x1c modules/hal_nordic/modules/hal_nordic/nrfx/libmodules__hal_nordic__nrfx.a(nrfx_gppi_ppi.c.obj)
                0x0000000000004088                nrfx_gppi_domain_conn_alloc
 .text.nrfx_gppi_conn_enable
                0x00000000000040a4       0x10 modules/hal_nordic/modules/hal_nordic/nrfx/libmodules__hal_nordic__nrfx.a(nrfx_gppi_ppi.c.obj)
                0x00000000000040a4                nrfx_gppi_conn_enable
 .text.hfclk_event_handler
                0x00000000000040b4        0xc modules/hal_nordic/modules/hal_nordic/nrfx/libmodules__hal_nordic__nrfx.a(nrfx_clock.c.obj)
 .text.lfclk_event_handler
                0x00000000000040c0        0xc modules/hal_nordic/modules/hal_nordic/nrfx/libmodules__hal_nordic__nrfx.a(nrfx_clock.c.obj)
 .text.nrfx_clock_init
                0x00000000000040cc       0x40 modules/hal_nordic/modules/hal_nordic/nrfx/libmodules__hal_nordic__nrfx.a(nrfx_clock.c.obj)
                0x00000000000040cc                nrfx_clock_init
 .text.nrfx_clock_enable
                0x000000000000410c       0x20 modules/hal_nordic/modules/hal_nordic/nrfx/libmodules__hal_nordic__nrfx.a(nrfx_clock.c.obj)
                0x000000000000410c                nrfx_clock_enable
 .text.nrf52_errata_201
                0x000000000000412c       0x40 modules/hal_nordic/modules/hal_nordic/nrfx/libmodules__hal_nordic__nrfx.a(nrfx_clock_hfclk.c.obj)
 .text.clock_stop
                0x000000000000416c       0x4c modules/hal_nordic/modules/hal_nordic/nrfx/libmodules__hal_nordic__nrfx.a(nrfx_clock_hfclk.c.obj)
 .text.nrfx_clock_hfclk_init
                0x00000000000041b8       0x28 modules/hal_nordic/modules/hal_nordic/nrfx/libmodules__hal_nordic__nrfx.a(nrfx_clock_hfclk.c.obj)
                0x00000000000041b8                nrfx_clock_hfclk_init
 .text.nrfx_clock_hfclk_start
                0x00000000000041e0       0x38 modules/hal_nordic/modules/hal_nordic/nrfx/libmodules__hal_nordic__nrfx.a(nrfx_clock_hfclk.c.obj)
                0x00000000000041e0                nrfx_clock_hfclk_start
 .text.nrfx_clock_hfclk_irq_handler
                0x0000000000004218       0x40 modules/hal_nordic/modules/hal_nordic/nrfx/libmodules__hal_nordic__nrfx.a(nrfx_clock_hfclk.c.obj)
                0x0000000000004218                nrfx_clock_hfclk_irq_handler
 .text.nrfx_clock_lfclk_init
                0x0000000000004258       0x24 modules/hal_nordic/modules/hal_nordic/nrfx/libmodules__hal_nordic__nrfx.a(nrfx_clock_lfclk.c.obj)
                0x0000000000004258                nrfx_clock_lfclk_init
 .text.nrfx_clock_lfclk_start
                0x000000000000427c       0xc0 modules/hal_nordic/modules/hal_nordic/nrfx/libmodules__hal_nordic__nrfx.a(nrfx_clock_lfclk.c.obj)
                0x000000000000427c                nrfx_clock_lfclk_start
 .text.nrfx_clock_lfclk_irq_handler
                0x000000000000433c       0x70 modules/hal_nordic/modules/hal_nordic/nrfx/libmodules__hal_nordic__nrfx.a(nrfx_clock_lfclk.c.obj)
                0x000000000000433c                nrfx_clock_lfclk_irq_handler
 .text.nrf52_errata_173
                0x00000000000043ac       0x40 modules/hal_nordic/modules/hal_nordic/nrfx/libmodules__hal_nordic__nrfx.a(nrfx_gpiote.c.obj)
 .text.pin_uninit
                0x00000000000043ec       0x68 modules/hal_nordic/modules/hal_nordic/nrfx/libmodules__hal_nordic__nrfx.a(nrfx_gpiote.c.obj)
 .text.nrfx_gpiote_channel_free
                0x0000000000004454        0xc modules/hal_nordic/modules/hal_nordic/nrfx/libmodules__hal_nordic__nrfx.a(nrfx_gpiote.c.obj)
                0x0000000000004454                nrfx_gpiote_channel_free
 .text.nrfx_gpiote_channel_alloc
                0x0000000000004460       0x18 modules/hal_nordic/modules/hal_nordic/nrfx/libmodules__hal_nordic__nrfx.a(nrfx_gpiote.c.obj)
                0x0000000000004460                nrfx_gpiote_channel_alloc
 .text.nrf_gpio_cfg_output
                0x0000000000004478       0x2c modules/hal_nordic/modules/hal_nordic/nrfx/libmodules__hal_nordic__nrfx.a(nrfx_spi.c.obj)
 .text.spi_configure
                0x00000000000044a4      0x120 modules/hal_nordic/modules/hal_nordic/nrfx/libmodules__hal_nordic__nrfx.a(nrfx_spi.c.obj)
 .text.nrf_gpio_cfg_default
                0x00000000000045c4       0x2c modules/hal_nordic/modules/hal_nordic/nrfx/libmodules__hal_nordic__nrfx.a(nrfx_spi.c.obj)
 .text.nrfx_spi_init
                0x00000000000045f0       0x60 modules/hal_nordic/modules/hal_nordic/nrfx/libmodules__hal_nordic__nrfx.a(nrfx_spi.c.obj)
                0x00000000000045f0                nrfx_spi_init
 .text.nrfx_spi_uninit
                0x0000000000004650       0x70 modules/hal_nordic/modules/hal_nordic/nrfx/libmodules__hal_nordic__nrfx.a(nrfx_spi.c.obj)
                0x0000000000004650                nrfx_spi_uninit
 .text.nrfx_spi_xfer
                0x00000000000046c0       0xf4 modules/hal_nordic/modules/hal_nordic/nrfx/libmodules__hal_nordic__nrfx.a(nrfx_spi.c.obj)
                0x00000000000046c0                nrfx_spi_xfer
 .text.SPIM1_SPIS1_TWIM1_TWIS1_SPI1_TWI1_IRQHandler
                0x00000000000047b4       0x10 modules/hal_nordic/modules/hal_nordic/nrfx/libmodules__hal_nordic__nrfx.a(nrfx_spi.c.obj)
                0x00000000000047b4                SPIM1_SPIS1_TWIM1_TWIS1_SPI1_TWI1_IRQHandler
 .text.SPIM2_SPIS2_SPI2_IRQHandler
                0x00000000000047c4       0x10 modules/hal_nordic/modules/hal_nordic/nrfx/libmodules__hal_nordic__nrfx.a(nrfx_spi.c.obj)
                0x00000000000047c4                SPIM2_SPIS2_SPI2_IRQHandler
 .text._DoInit  0x00000000000047d4       0x60 modules/segger/libmodules__segger.a(SEGGER_RTT.c.obj)
 .text.SEGGER_RTT_WriteSkipNoLock
                0x0000000000004834       0x88 modules/segger/libmodules__segger.a(SEGGER_RTT.c.obj)
                0x0000000000004834                SEGGER_RTT_WriteSkipNoLock
 .text.SEGGER_RTT_WriteNoLock
                0x00000000000048bc       0x58 modules/segger/libmodules__segger.a(SEGGER_RTT.c.obj)
                0x00000000000048bc                SEGGER_RTT_WriteNoLock
 .text.SEGGER_RTT_Write
                0x0000000000004914       0x34 modules/segger/libmodules__segger.a(SEGGER_RTT.c.obj)
                0x0000000000004914                SEGGER_RTT_Write
 .text.SEGGER_RTT_HasDataUp
                0x0000000000004948       0x14 modules/segger/libmodules__segger.a(SEGGER_RTT.c.obj)
                0x0000000000004948                SEGGER_RTT_HasDataUp
 .text.SEGGER_RTT_Init
                0x000000000000495c       0x2c modules/segger/libmodules__segger.a(SEGGER_RTT.c.obj)
                0x000000000000495c                SEGGER_RTT_Init
 .text.k_sys_fatal_error_handler
                0x0000000000004988       0x20 zephyr/kernel/libkernel.a(fatal.c.obj)
                0x0000000000004988                k_sys_fatal_error_handler
 .text.z_fatal_error
                0x00000000000049a8       0xe8 zephyr/kernel/libkernel.a(fatal.c.obj)
                0x00000000000049a8                z_fatal_error
 .text.z_sys_init_run_level
                0x0000000000004a90       0x30 zephyr/kernel/libkernel.a(init.c.obj)
 .text.bg_thread_main
                0x0000000000004ac0       0xc0 zephyr/kernel/libkernel.a(init.c.obj)
 .text.z_init_cpu
                0x0000000000004b80       0x78 zephyr/kernel/libkernel.a(init.c.obj)
                0x0000000000004b80                z_init_cpu
 .text.z_cstart
                0x0000000000004bf8       0xd0 zephyr/kernel/libkernel.a(init.c.obj)
                0x0000000000004bf8                z_cstart
 .text.z_impl_k_sem_give
                0x0000000000004cc8       0x68 zephyr/kernel/libkernel.a(sem.c.obj)
                0x0000000000004cc8                z_impl_k_sem_give
 .text.z_impl_k_sem_take
                0x0000000000004d30       0x4c zephyr/kernel/libkernel.a(sem.c.obj)
                0x0000000000004d30                z_impl_k_sem_take
 .text.z_impl_k_sem_reset
                0x0000000000004d7c       0x74 zephyr/kernel/libkernel.a(sem.c.obj)
                0x0000000000004d7c                z_impl_k_sem_reset
 .text.z_impl_k_thread_name_set
                0x0000000000004df0       0x20 zephyr/kernel/libkernel.a(thread.c.obj)
                0x0000000000004df0                z_impl_k_thread_name_set
 .text.z_setup_new_thread
                0x0000000000004e10       0xec zephyr/kernel/libkernel.a(thread.c.obj)
                0x0000000000004e10                z_setup_new_thread
 .text.z_impl_k_thread_create
                0x0000000000004efc       0x58 zephyr/kernel/libkernel.a(thread.c.obj)
                0x0000000000004efc                z_impl_k_thread_create
 .text.z_dummy_thread_init
                0x0000000000004f54       0x1c zephyr/kernel/libkernel.a(thread.c.obj)
                0x0000000000004f54                z_dummy_thread_init
 .text.z_swap_irqlock
                0x0000000000004f70       0x34 zephyr/kernel/libkernel.a(sched.c.obj)
 .text.ready_thread
                0x0000000000004fa4       0x84 zephyr/kernel/libkernel.a(sched.c.obj)
 .text.unready_thread
                0x0000000000005028       0x54 zephyr/kernel/libkernel.a(sched.c.obj)
 .text.add_thread_timeout
                0x000000000000507c       0x1c zephyr/kernel/libkernel.a(sched.c.obj)
 .text.move_thread_to_end_of_prio_q
                0x0000000000005098       0x90 zephyr/kernel/libkernel.a(sched.c.obj)
                0x0000000000005098                move_thread_to_end_of_prio_q
 .text.z_pend_curr
                0x0000000000005128       0x44 zephyr/kernel/libkernel.a(sched.c.obj)
                0x0000000000005128                z_pend_curr
 .text.z_reschedule
                0x000000000000516c       0x24 zephyr/kernel/libkernel.a(sched.c.obj)
                0x000000000000516c                z_reschedule
 .text.z_reschedule_irqlock
                0x0000000000005190       0x28 zephyr/kernel/libkernel.a(sched.c.obj)
                0x0000000000005190                z_reschedule_irqlock
 .text.k_sched_lock
                0x00000000000051b8       0x28 zephyr/kernel/libkernel.a(sched.c.obj)
                0x00000000000051b8                k_sched_lock
 .text.k_sched_unlock
                0x00000000000051e0       0x68 zephyr/kernel/libkernel.a(sched.c.obj)
                0x00000000000051e0                k_sched_unlock
 .text.z_sched_init
                0x0000000000005248       0x10 zephyr/kernel/libkernel.a(sched.c.obj)
                0x0000000000005248                z_sched_init
 .text.z_impl_k_yield
                0x0000000000005258       0x88 zephyr/kernel/libkernel.a(sched.c.obj)
                0x0000000000005258                z_impl_k_yield
 .text.z_tick_sleep
                0x00000000000052e0       0x78 zephyr/kernel/libkernel.a(sched.c.obj)
 .text.z_impl_k_wakeup
                0x0000000000005358       0x48 zephyr/kernel/libkernel.a(sched.c.obj)
                0x0000000000005358                z_impl_k_wakeup
 .text.z_impl_k_sched_current_thread_query
                0x00000000000053a0        0xc zephyr/kernel/libkernel.a(sched.c.obj)
                0x00000000000053a0                z_impl_k_sched_current_thread_query
 .text.z_thread_abort
                0x00000000000053ac      0x144 zephyr/kernel/libkernel.a(sched.c.obj)
                0x00000000000053ac                z_thread_abort
 .text.slice_timeout
                0x00000000000054f0       0x20 zephyr/kernel/libkernel.a(timeslicing.c.obj)
 .text.thread_is_sliceable
                0x0000000000005510       0x3c zephyr/kernel/libkernel.a(timeslicing.c.obj)
                0x0000000000005510                thread_is_sliceable
 .text.z_reset_time_slice
                0x000000000000554c       0x50 zephyr/kernel/libkernel.a(timeslicing.c.obj)
                0x000000000000554c                z_reset_time_slice
 .text.z_time_slice
                0x000000000000559c       0x60 zephyr/kernel/libkernel.a(timeslicing.c.obj)
                0x000000000000559c                z_time_slice
 .text.z_thread_monitor_exit
                0x00000000000055fc       0x3c zephyr/kernel/libkernel.a(thread_monitor.c.obj)
                0x00000000000055fc                z_thread_monitor_exit
 .text.first    0x0000000000005638       0x10 zephyr/kernel/libkernel.a(timeout.c.obj)
 .text.elapsed  0x0000000000005648       0x14 zephyr/kernel/libkernel.a(timeout.c.obj)
 .text.remove_timeout
                0x000000000000565c       0x38 zephyr/kernel/libkernel.a(timeout.c.obj)
 .text.z_add_timeout
                0x0000000000005694      0x120 zephyr/kernel/libkernel.a(timeout.c.obj)
                0x0000000000005694                z_add_timeout
 .text.sys_clock_announce
                0x00000000000057b4       0xc0 zephyr/kernel/libkernel.a(timeout.c.obj)
                0x00000000000057b4                sys_clock_announce
 .text.sys_clock_tick_get
                0x0000000000005874       0x30 zephyr/kernel/libkernel.a(timeout.c.obj)
                0x0000000000005874                sys_clock_tick_get
 .text.z_timer_expiration_handler
                0x00000000000058a4      0x110 zephyr/kernel/libkernel.a(timer.c.obj)
                0x00000000000058a4                z_timer_expiration_handler
 .text.z_impl_k_timer_start
                0x00000000000059b4       0x70 zephyr/kernel/libkernel.a(timer.c.obj)
                0x00000000000059b4                z_impl_k_timer_start
 .text.snprintf
                0x0000000000005a24       0x58 c:\ncs\toolchains\fd21892d0f\opt\zephyr-sdk\arm-zephyr-eabi\bin\../lib/gcc/../../picolibc/arm-zephyr-eabi/lib/thumb/v7e-m/nofp\libc.a(libc_tinystdio_snprintf.c.o)
                0x0000000000005a24                snprintf
 .text.sprintf  0x0000000000005a7c       0x50 c:\ncs\toolchains\fd21892d0f\opt\zephyr-sdk\arm-zephyr-eabi\bin\../lib/gcc/../../picolibc/arm-zephyr-eabi/lib/thumb/v7e-m/nofp\libc.a(libc_tinystdio_sprintf.c.o)
                0x0000000000005a7c                sprintf
 .text.skip_to_arg
                0x0000000000005acc      0x138 c:\ncs\toolchains\fd21892d0f\opt\zephyr-sdk\arm-zephyr-eabi\bin\../lib/gcc/../../picolibc/arm-zephyr-eabi/lib/thumb/v7e-m/nofp\libc.a(libc_tinystdio_vfprintf.c.o)
 .text.vfprintf
                0x0000000000005c04      0x9c4 c:\ncs\toolchains\fd21892d0f\opt\zephyr-sdk\arm-zephyr-eabi\bin\../lib/gcc/../../picolibc/arm-zephyr-eabi/lib/thumb/v7e-m/nofp\libc.a(libc_tinystdio_vfprintf.c.o)
                0x0000000000005c04                __d_vfprintf
 .text.div10    0x00000000000065c8       0x28 c:\ncs\toolchains\fd21892d0f\opt\zephyr-sdk\arm-zephyr-eabi\bin\../lib/gcc/../../picolibc/arm-zephyr-eabi/lib/thumb/v7e-m/nofp\libc.a(libc_tinystdio_dtoa_ryu.c.o)
 .text.__dtoa_engine
                0x00000000000065f0      0x49c c:\ncs\toolchains\fd21892d0f\opt\zephyr-sdk\arm-zephyr-eabi\bin\../lib/gcc/../../picolibc/arm-zephyr-eabi/lib/thumb/v7e-m/nofp\libc.a(libc_tinystdio_dtoa_ryu.c.o)
                0x00000000000065f0                __dtoa_engine
 .text.__log10Pow2
                0x0000000000006a8c        0xc c:\ncs\toolchains\fd21892d0f\opt\zephyr-sdk\arm-zephyr-eabi\bin\../lib/gcc/../../picolibc/arm-zephyr-eabi/lib/thumb/v7e-m/nofp\libc.a(libc_tinystdio_ryu_log10.c.o)
                0x0000000000006a8c                __log10Pow2
 .text.__log10Pow5
                0x0000000000006a98        0xc c:\ncs\toolchains\fd21892d0f\opt\zephyr-sdk\arm-zephyr-eabi\bin\../lib/gcc/../../picolibc/arm-zephyr-eabi/lib/thumb/v7e-m/nofp\libc.a(libc_tinystdio_ryu_log10.c.o)
                0x0000000000006a98                __log10Pow5
 .text.__pow5bits
                0x0000000000006aa4       0x10 c:\ncs\toolchains\fd21892d0f\opt\zephyr-sdk\arm-zephyr-eabi\bin\../lib/gcc/../../picolibc/arm-zephyr-eabi/lib/thumb/v7e-m/nofp\libc.a(libc_tinystdio_ryu_pow5bits.c.o)
                0x0000000000006aa4                __pow5bits
 .text.__pow5Factor
                0x0000000000006ab4       0x30 c:\ncs\toolchains\fd21892d0f\opt\zephyr-sdk\arm-zephyr-eabi\bin\../lib/gcc/../../picolibc/arm-zephyr-eabi/lib/thumb/v7e-m/nofp\libc.a(libc_tinystdio_ryu_table.c.o)
                0x0000000000006ab4                __pow5Factor
 .text.__double_computePow5
                0x0000000000006ae4       0xe8 c:\ncs\toolchains\fd21892d0f\opt\zephyr-sdk\arm-zephyr-eabi\bin\../lib/gcc/../../picolibc/arm-zephyr-eabi/lib/thumb/v7e-m/nofp\libc.a(libc_tinystdio_ryu_table.c.o)
                0x0000000000006ae4                __double_computePow5
 .text.__double_computeInvPow5
                0x0000000000006bcc       0xf8 c:\ncs\toolchains\fd21892d0f\opt\zephyr-sdk\arm-zephyr-eabi\bin\../lib/gcc/../../picolibc/arm-zephyr-eabi/lib/thumb/v7e-m/nofp\libc.a(libc_tinystdio_ryu_table.c.o)
                0x0000000000006bcc                __double_computeInvPow5
 .text._OffsetAbsSyms
                0x0000000000006cc4        0x2 zephyr/CMakeFiles/offsets.dir/./arch/arm/core/offsets/offsets.c.obj
                0x0000000000006cc4                _OffsetAbsSyms
 .text.nrf_gpio_pin_port_decode
                0x0000000000006cc6       0x14 app/libapp.a(eink.c.obj)
 .text.nrf_gpio_pin_set
                0x0000000000006cda       0x1a app/libapp.a(eink.c.obj)
 .text.nrf_gpio_pin_clear
                0x0000000000006cf4       0x1a app/libapp.a(eink.c.obj)
 .text.k_sleep.isra.0
                0x0000000000006d0e        0x4 app/libapp.a(eink.c.obj)
 .text.SendCommand
                0x0000000000006d12       0x14 app/libapp.a(eink.c.obj)
                0x0000000000006d12                SendCommand
 .text.SendData
                0x0000000000006d26       0x14 app/libapp.a(eink.c.obj)
                0x0000000000006d26                SendData
 .text.WaitUntilIdle
                0x0000000000006d3a       0x2e app/libapp.a(eink.c.obj)
                0x0000000000006d3a                WaitUntilIdle
 .text.SetWindows
                0x0000000000006d68       0x3e app/libapp.a(eink.c.obj)
                0x0000000000006d68                SetWindows
 .text.SetCursor
                0x0000000000006da6       0x28 app/libapp.a(eink.c.obj)
                0x0000000000006da6                SetCursor
 .text.Init     0x0000000000006dce      0x160 app/libapp.a(eink.c.obj)
                0x0000000000006dce                Init
 .text.Display  0x0000000000006f2e       0x48 app/libapp.a(eink.c.obj)
                0x0000000000006f2e                Display
 .text.chunk_field
                0x0000000000006f76       0x16 zephyr/libzephyr.a(heap.c.obj)
 .text.chunk_set
                0x0000000000006f8c       0x16 zephyr/libzephyr.a(heap.c.obj)
 .text.chunk_size
                0x0000000000006fa2        0xc zephyr/libzephyr.a(heap.c.obj)
 .text.set_chunk_used
                0x0000000000006fae       0x30 zephyr/libzephyr.a(heap.c.obj)
 .text.set_chunk_size
                0x0000000000006fde        0x8 zephyr/libzephyr.a(heap.c.obj)
 .text.bucket_idx
                0x0000000000006fe6       0x1e zephyr/libzephyr.a(heap.c.obj)
 .text.free_list_add
                0x0000000000007004       0x84 zephyr/libzephyr.a(heap.c.obj)
 .text.sys_heap_init
                0x0000000000007088       0xb0 zephyr/libzephyr.a(heap.c.obj)
                0x0000000000007088                sys_heap_init
 .text.cbpprintf_external
                0x0000000000007138       0x62 zephyr/libzephyr.a(cbprintf_packaged.c.obj)
                0x0000000000007138                cbpprintf_external
 .text.is_ptr   0x000000000000719a       0x4a zephyr/libzephyr.a(cbprintf_packaged.c.obj)
                0x000000000000719a                is_ptr
 .text.arch_printk_char_out
                0x00000000000071e4        0x4 zephyr/libzephyr.a(printk.c.obj)
                0x00000000000071e4                arch_printk_char_out
 .text.printk   0x00000000000071e8       0x1a zephyr/libzephyr.a(printk.c.obj)
                0x00000000000071e8                printk
 .text.free_space
                0x0000000000007202       0x26 zephyr/libzephyr.a(mpsc_pbuf.c.obj)
 .text.get_usage
                0x0000000000007228       0x22 zephyr/libzephyr.a(mpsc_pbuf.c.obj)
 .text.idx_inc  0x000000000000724a       0x1c zephyr/libzephyr.a(mpsc_pbuf.c.obj)
 .text.rd_idx_inc
                0x0000000000007266       0x18 zephyr/libzephyr.a(mpsc_pbuf.c.obj)
 .text.add_skip_item
                0x000000000000727e       0x3a zephyr/libzephyr.a(mpsc_pbuf.c.obj)
 .text.drop_item_locked
                0x00000000000072b8      0x100 zephyr/libzephyr.a(mpsc_pbuf.c.obj)
 .text.post_drop_action
                0x00000000000073b8       0x36 zephyr/libzephyr.a(mpsc_pbuf.c.obj)
 .text.max_utilization_update
                0x00000000000073ee       0x1a zephyr/libzephyr.a(mpsc_pbuf.c.obj)
 .text.mpsc_pbuf_init
                0x0000000000007408       0x42 zephyr/libzephyr.a(mpsc_pbuf.c.obj)
                0x0000000000007408                mpsc_pbuf_init
 .text.mpsc_pbuf_alloc
                0x000000000000744a       0xfe zephyr/libzephyr.a(mpsc_pbuf.c.obj)
                0x000000000000744a                mpsc_pbuf_alloc
 .text.mpsc_pbuf_commit
                0x0000000000007548       0x3e zephyr/libzephyr.a(mpsc_pbuf.c.obj)
                0x0000000000007548                mpsc_pbuf_commit
 .text.mpsc_pbuf_claim
                0x0000000000007586       0xa8 zephyr/libzephyr.a(mpsc_pbuf.c.obj)
                0x0000000000007586                mpsc_pbuf_claim
 .text.mpsc_pbuf_free
                0x000000000000762e       0x76 zephyr/libzephyr.a(mpsc_pbuf.c.obj)
                0x000000000000762e                mpsc_pbuf_free
 .text.mpsc_pbuf_is_pending
                0x00000000000076a4       0x32 zephyr/libzephyr.a(mpsc_pbuf.c.obj)
                0x00000000000076a4                mpsc_pbuf_is_pending
 .text.process_recheck
                0x00000000000076d6       0x38 zephyr/libzephyr.a(onoff.c.obj)
 .text.validate_args
                0x000000000000770e       0x20 zephyr/libzephyr.a(onoff.c.obj)
 .text.notify_one
                0x000000000000772e       0x2c zephyr/libzephyr.a(onoff.c.obj)
 .text.transition_complete
                0x000000000000775a       0x1a zephyr/libzephyr.a(onoff.c.obj)
 .text.onoff_manager_init
                0x0000000000007774       0x26 zephyr/libzephyr.a(onoff.c.obj)
                0x0000000000007774                onoff_manager_init
 .text.onoff_request
                0x000000000000779a       0xae zephyr/libzephyr.a(onoff.c.obj)
                0x000000000000779a                onoff_request
 .text.sys_notify_validate
                0x0000000000007848       0x22 zephyr/libzephyr.a(notify.c.obj)
                0x0000000000007848                sys_notify_validate
 .text.sys_notify_finalize
                0x000000000000786a       0x1a zephyr/libzephyr.a(notify.c.obj)
                0x000000000000786a                sys_notify_finalize
 .text._ConfigAbsSyms
                0x0000000000007884        0x2 zephyr/libzephyr.a(configs.c.obj)
                0x0000000000007884                _ConfigAbsSyms
 .text.log_msg_generic_get_wlen
                0x0000000000007886       0x20 zephyr/libzephyr.a(log_core.c.obj)
 .text.dummy_timestamp
                0x00000000000078a6        0x4 zephyr/libzephyr.a(log_core.c.obj)
 .text.default_get_timestamp
                0x00000000000078aa        0x4 zephyr/libzephyr.a(log_core.c.obj)
 .text.atomic_inc
                0x00000000000078ae       0x1a zephyr/libzephyr.a(log_core.c.obj)
 .text.z_log_vprintk
                0x00000000000078c8       0x1c zephyr/libzephyr.a(log_core.c.obj)
                0x00000000000078c8                z_log_vprintk
 .text.z_log_notify_drop
                0x00000000000078e4        0x6 zephyr/libzephyr.a(log_core.c.obj)
 .text.z_log_get_tag
                0x00000000000078ea        0x4 zephyr/libzephyr.a(log_core.c.obj)
                0x00000000000078ea                z_log_get_tag
 .text.log_backend_enable
                0x00000000000078ee       0x12 zephyr/libzephyr.a(log_mgmt.c.obj)
                0x00000000000078ee                log_backend_enable
 .text.z_cbprintf_cpy
                0x0000000000007900       0x2e zephyr/libzephyr.a(log_msg.c.obj)
 .text.z_log_msg_finalize
                0x000000000000792e       0x32 zephyr/libzephyr.a(log_msg.c.obj)
                0x000000000000792e                z_log_msg_finalize
 .text.z_log_msg_simple_create
                0x0000000000007960       0x6e zephyr/libzephyr.a(log_msg.c.obj)
 .text.z_impl_z_log_msg_simple_create_0
                0x00000000000079ce       0x12 zephyr/libzephyr.a(log_msg.c.obj)
                0x00000000000079ce                z_impl_z_log_msg_simple_create_0
 .text.z_impl_z_log_msg_simple_create_1
                0x00000000000079e0       0x14 zephyr/libzephyr.a(log_msg.c.obj)
                0x00000000000079e0                z_impl_z_log_msg_simple_create_1
 .text.log_output_write
                0x00000000000079f4       0x1c zephyr/libzephyr.a(log_output.c.obj)
 .text.log_output_flush
                0x0000000000007a10       0x1a zephyr/libzephyr.a(log_output.c.obj)
 .text.out_func
                0x0000000000007a2a       0x36 zephyr/libzephyr.a(log_output.c.obj)
 .text.cr_out_func
                0x0000000000007a60       0x1c zephyr/libzephyr.a(log_output.c.obj)
 .text.log_output_msg_process
                0x0000000000007a7c       0x6a zephyr/libzephyr.a(log_output.c.obj)
                0x0000000000007a7c                log_output_msg_process
 .text.arch_early_memset
                0x0000000000007ae6        0x4 zephyr/arch/common/libarch__common.a(init.c.obj)
                0x0000000000007ae6                arch_early_memset
 .text.arch_early_memcpy
                0x0000000000007aea        0x4 zephyr/arch/common/libarch__common.a(init.c.obj)
                0x0000000000007aea                arch_early_memcpy
 .text.z_do_kernel_oops
                0x0000000000007aee        0x8 zephyr/arch/arch/arm/core/libarch__arm__core.a(fatal.c.obj)
                0x0000000000007aee                z_do_kernel_oops
 .text.z_arm_nmi
                0x0000000000007af6        0xe zephyr/arch/arch/arm/core/libarch__arm__core.a(nmi.c.obj)
                0x0000000000007af6                z_arm_nmi
 .text.z_log_msg_simple_create_0.constprop.0
                0x0000000000007b04        0x8 zephyr/arch/arch/arm/core/cortex_m/libarch__arm__core__cortex_m.a(fault.c.obj)
 .text.z_irq_spurious
                0x0000000000007b0c        0x8 zephyr/arch/arch/arm/core/cortex_m/libarch__arm__core__cortex_m.a(irq_manage.c.obj)
                0x0000000000007b0c                z_irq_spurious
 .text.arch_coprocessors_disable
                0x0000000000007b14        0x6 zephyr/arch/arch/arm/core/cortex_m/libarch__arm__core__cortex_m.a(thread.c.obj)
                0x0000000000007b14                arch_coprocessors_disable
 .text.arch_irq_unlock_outlined
                0x0000000000007b1a        0xe zephyr/arch/arch/arm/core/cortex_m/libarch__arm__core__cortex_m.a(thread.c.obj)
                0x0000000000007b1a                arch_irq_unlock_outlined
 .text.arch_cpu_idle
                0x0000000000007b28       0x1a zephyr/arch/arch/arm/core/cortex_m/libarch__arm__core__cortex_m.a(cpu_idle.c.obj)
                0x0000000000007b28                arch_cpu_idle
 .text.arch_cpu_atomic_idle
                0x0000000000007b42       0x1e zephyr/arch/arch/arm/core/cortex_m/libarch__arm__core__cortex_m.a(cpu_idle.c.obj)
                0x0000000000007b42                arch_cpu_atomic_idle
 .text.size_to_mpu_rasr_size
                0x0000000000007b60       0x20 zephyr/arch/arch/arm/core/mpu/libarch__arm__core__mpu.a(arm_mpu.c.obj)
 .text.cbputc   0x0000000000007b80        0xc zephyr/lib/libc/picolibc/liblib__libc__picolibc.a(cbprintf.c.obj)
 .text.picolibc_put
                0x0000000000007b8c        0xa zephyr/lib/libc/picolibc/liblib__libc__picolibc.a(stdio.c.obj)
 .text.get_status
                0x0000000000007b96       0x12 zephyr/drivers/clock_control/libdrivers__clock_control.a(clock_control_nrf.c.obj)
 .text.stop     0x0000000000007ba8       0x50 zephyr/drivers/clock_control/libdrivers__clock_control.a(clock_control_nrf.c.obj)
 .text.api_stop
                0x0000000000007bf8        0x6 zephyr/drivers/clock_control/libdrivers__clock_control.a(clock_control_nrf.c.obj)
 .text.async_start
                0x0000000000007bfe       0x5a zephyr/drivers/clock_control/libdrivers__clock_control.a(clock_control_nrf.c.obj)
 .text.api_start
                0x0000000000007c58        0xe zephyr/drivers/clock_control/libdrivers__clock_control.a(clock_control_nrf.c.obj)
 .text.onoff_started_callback
                0x0000000000007c66       0x12 zephyr/drivers/clock_control/libdrivers__clock_control.a(clock_control_nrf.c.obj)
 .text.blocking_start_callback
                0x0000000000007c78        0x6 zephyr/drivers/clock_control/libdrivers__clock_control.a(clock_control_nrf.c.obj)
 .text.lfclk_stop
                0x0000000000007c7e        0x4 zephyr/drivers/clock_control/libdrivers__clock_control.a(clock_control_nrf.c.obj)
 .text.gpio_nrfx_port_get_raw
                0x0000000000007c82        0xe zephyr/drivers/gpio/libdrivers__gpio.a(gpio_nrfx.c.obj)
 .text.gpio_nrfx_port_set_masked_raw
                0x0000000000007c90       0x18 zephyr/drivers/gpio/libdrivers__gpio.a(gpio_nrfx.c.obj)
 .text.gpio_nrfx_port_set_bits_raw
                0x0000000000007ca8        0xc zephyr/drivers/gpio/libdrivers__gpio.a(gpio_nrfx.c.obj)
 .text.gpio_nrfx_port_clear_bits_raw
                0x0000000000007cb4        0xc zephyr/drivers/gpio/libdrivers__gpio.a(gpio_nrfx.c.obj)
 .text.gpio_nrfx_port_toggle_bits
                0x0000000000007cc0       0x1a zephyr/drivers/gpio/libdrivers__gpio.a(gpio_nrfx.c.obj)
 .text.gpio_nrfx_manage_callback
                0x0000000000007cda       0x52 zephyr/drivers/gpio/libdrivers__gpio.a(gpio_nrfx.c.obj)
 .text.gpio_nrfx_gpiote_irq_handler
                0x0000000000007d2c        0x4 zephyr/drivers/gpio/libdrivers__gpio.a(gpio_nrfx.c.obj)
                0x0000000000007d2c                gpio_nrfx_gpiote_irq_handler
 .text.gpio_nrfx_pin_configure
                0x0000000000007d30      0x172 zephyr/drivers/gpio/libdrivers__gpio.a(gpio_nrfx.c.obj)
 .text.gpio_nrfx_pin_interrupt_configure
                0x0000000000007ea2       0xf0 zephyr/drivers/gpio/libdrivers__gpio.a(gpio_nrfx.c.obj)
 .text.pinctrl_lookup_state
                0x0000000000007f92       0x26 zephyr/drivers/pinctrl/libdrivers__pinctrl.a(common.c.obj)
                0x0000000000007f92                pinctrl_lookup_state
 .text.uarte_nrfx_err_check
                0x0000000000007fb8        0xe zephyr/drivers/serial/libdrivers__serial.a(uart_nrfx_uarte.c.obj)
 .text.uarte_nrfx_poll_in
                0x0000000000007fc6       0x26 zephyr/drivers/serial/libdrivers__serial.a(uart_nrfx_uarte.c.obj)
 .text.is_tx_ready.isra.0
                0x0000000000007fec       0x20 zephyr/drivers/serial/libdrivers__serial.a(uart_nrfx_uarte.c.obj)
 .text.uarte_nrfx_isr_int
                0x000000000000800c       0x42 zephyr/drivers/serial/libdrivers__serial.a(uart_nrfx_uarte.c.obj)
 .text.pinctrl_apply_state.isra.0
                0x000000000000804e       0x1e zephyr/drivers/serial/libdrivers__serial.a(uart_nrfx_uarte.c.obj)
 .text.uarte_instance_deinit
                0x000000000000806c        0x6 zephyr/drivers/serial/libdrivers__serial.a(uart_nrfx_uarte.c.obj)
 .text.z_log_msg_simple_create_0
                0x0000000000008072        0x4 zephyr/drivers/spi/libdrivers__spi.a(spi_nrfx_spi.c.obj)
 .text.irq_connect1
                0x0000000000008076        0xa zephyr/drivers/spi/libdrivers__spi.a(spi_nrfx_spi.c.obj)
 .text.irq_connect2
                0x0000000000008080        0xa zephyr/drivers/spi/libdrivers__spi.a(spi_nrfx_spi.c.obj)
 .text.spi_context_get_next_buf.constprop.0
                0x000000000000808a       0x26 zephyr/drivers/spi/libdrivers__spi.a(spi_nrfx_spi.c.obj)
 .text.gpio_pin_set_dt.isra.0
                0x00000000000080b0       0x28 zephyr/drivers/spi/libdrivers__spi.a(spi_nrfx_spi.c.obj)
 .text.spi_context_unlock_unconditionally
                0x00000000000080d8       0x30 zephyr/drivers/spi/libdrivers__spi.a(spi_nrfx_spi.c.obj)
 .text.spi_nrfx_release
                0x0000000000008108       0x24 zephyr/drivers/spi/libdrivers__spi.a(spi_nrfx_spi.c.obj)
 .text.transfer_next_chunk
                0x000000000000812c       0x68 zephyr/drivers/spi/libdrivers__spi.a(spi_nrfx_spi.c.obj)
 .text.spi_nrfx_wake_init
                0x0000000000008194       0x50 zephyr/drivers/spi/libdrivers__spi.a(spi_nrfx_common.c.obj)
                0x0000000000008194                spi_nrfx_wake_init
 .text.event_clear
                0x00000000000081e4       0x18 zephyr/drivers/timer/libdrivers__timer.a(nrf_rtc_timer.c.obj)
 .text.sys_clock_cycle_get_32
                0x00000000000081fc        0x8 zephyr/drivers/timer/libdrivers__timer.a(nrf_rtc_timer.c.obj)
                0x00000000000081fc                sys_clock_cycle_get_32
 .text.nrf52_errata_12
                0x0000000000008204       0x1c modules/hal_nordic/modules/hal_nordic/nrfx/libmodules__hal_nordic__nrfx.a(system_nrf52.c.obj)
 .text.nrfx_isr
                0x0000000000008220        0x6 modules/hal_nordic/modules/hal_nordic/nrfx/libmodules__hal_nordic__nrfx.a(nrfx_glue.c.obj)
                0x0000000000008220                nrfx_isr
 .text.nrfx_busy_wait
                0x0000000000008226        0x4 modules/hal_nordic/modules/hal_nordic/nrfx/libmodules__hal_nordic__nrfx.a(nrfx_glue.c.obj)
                0x0000000000008226                nrfx_busy_wait
 .text.nrfx_flag32_alloc
                0x000000000000822a       0x3c modules/hal_nordic/modules/hal_nordic/nrfx/libmodules__hal_nordic__nrfx.a(nrfx_flag32_allocator.c.obj)
                0x000000000000822a                nrfx_flag32_alloc
 .text.nrfx_flag32_free
                0x0000000000008266       0x3a modules/hal_nordic/modules/hal_nordic/nrfx/libmodules__hal_nordic__nrfx.a(nrfx_flag32_allocator.c.obj)
                0x0000000000008266                nrfx_flag32_free
 .text.nrfx_gppi_conn_alloc
                0x00000000000082a0       0x2c modules/hal_nordic/modules/hal_nordic/nrfx/libmodules__hal_nordic__nrfx.a(nrfx_gppi_ppi.c.obj)
                0x00000000000082a0                nrfx_gppi_conn_alloc
 .text.nrfx_clock_start
                0x00000000000082cc       0x10 modules/hal_nordic/modules/hal_nordic/nrfx/libmodules__hal_nordic__nrfx.a(nrfx_clock.c.obj)
                0x00000000000082cc                nrfx_clock_start
 .text.nrfx_clock_stop
                0x00000000000082dc       0x10 modules/hal_nordic/modules/hal_nordic/nrfx/libmodules__hal_nordic__nrfx.a(nrfx_clock.c.obj)
                0x00000000000082dc                nrfx_clock_stop
 .text.POWER_CLOCK_IRQHandler
                0x00000000000082ec        0xe modules/hal_nordic/modules/hal_nordic/nrfx/libmodules__hal_nordic__nrfx.a(nrfx_clock.c.obj)
                0x00000000000082ec                POWER_CLOCK_IRQHandler
 .text.nrfx_clock_hfclk_stop
                0x00000000000082fa        0x4 modules/hal_nordic/modules/hal_nordic/nrfx/libmodules__hal_nordic__nrfx.a(nrfx_clock_hfclk.c.obj)
                0x00000000000082fa                nrfx_clock_hfclk_stop
 .text.clock_stop
                0x00000000000082fe       0x32 modules/hal_nordic/modules/hal_nordic/nrfx/libmodules__hal_nordic__nrfx.a(nrfx_clock_lfclk.c.obj)
 .text.nrfx_clock_lfclk_stop
                0x0000000000008330        0x4 modules/hal_nordic/modules/hal_nordic/nrfx/libmodules__hal_nordic__nrfx.a(nrfx_clock_lfclk.c.obj)
                0x0000000000008330                nrfx_clock_lfclk_stop
 .text.nrf_gpio_pin_port_decode
                0x0000000000008334       0x14 modules/hal_nordic/modules/hal_nordic/nrfx/libmodules__hal_nordic__nrfx.a(nrfx_gpiote.c.obj)
 .text.nrf_gpio_reconfigure
                0x0000000000008348       0x92 modules/hal_nordic/modules/hal_nordic/nrfx/libmodules__hal_nordic__nrfx.a(nrfx_gpiote.c.obj)
 .text.nrf_gpio_cfg_sense_set
                0x00000000000083da       0x1e modules/hal_nordic/modules/hal_nordic/nrfx/libmodules__hal_nordic__nrfx.a(nrfx_gpiote.c.obj)
 .text.call_handler
                0x00000000000083f8       0x3a modules/hal_nordic/modules/hal_nordic/nrfx/libmodules__hal_nordic__nrfx.a(nrfx_gpiote.c.obj)
 .text.release_handler
                0x0000000000008432       0x4a modules/hal_nordic/modules/hal_nordic/nrfx/libmodules__hal_nordic__nrfx.a(nrfx_gpiote.c.obj)
 .text.latch_pending_read_and_check
                0x000000000000847c       0x28 modules/hal_nordic/modules/hal_nordic/nrfx/libmodules__hal_nordic__nrfx.a(nrfx_gpiote.c.obj)
 .text.__nrfy_internal_gpiote_events_process
                0x00000000000084a4       0x50 modules/hal_nordic/modules/hal_nordic/nrfx/libmodules__hal_nordic__nrfx.a(nrfx_gpiote.c.obj)
 .text.pin_in_event_get
                0x00000000000084f4       0x1a modules/hal_nordic/modules/hal_nordic/nrfx/libmodules__hal_nordic__nrfx.a(nrfx_gpiote.c.obj)
 .text.pin_trigger_disable
                0x000000000000850e       0x3a modules/hal_nordic/modules/hal_nordic/nrfx/libmodules__hal_nordic__nrfx.a(nrfx_gpiote.c.obj)
 .text.nrfx_gpiote_input_configure
                0x0000000000008548      0x136 modules/hal_nordic/modules/hal_nordic/nrfx/libmodules__hal_nordic__nrfx.a(nrfx_gpiote.c.obj)
                0x0000000000008548                nrfx_gpiote_input_configure
 .text.nrfx_gpiote_output_configure
                0x000000000000867e       0xce modules/hal_nordic/modules/hal_nordic/nrfx/libmodules__hal_nordic__nrfx.a(nrfx_gpiote.c.obj)
                0x000000000000867e                nrfx_gpiote_output_configure
 .text.nrfx_gpiote_global_callback_set
                0x000000000000874c        0x6 modules/hal_nordic/modules/hal_nordic/nrfx/libmodules__hal_nordic__nrfx.a(nrfx_gpiote.c.obj)
                0x000000000000874c                nrfx_gpiote_global_callback_set
 .text.nrfx_gpiote_channel_get
                0x0000000000008752       0x18 modules/hal_nordic/modules/hal_nordic/nrfx/libmodules__hal_nordic__nrfx.a(nrfx_gpiote.c.obj)
                0x0000000000008752                nrfx_gpiote_channel_get
 .text.nrfx_gpiote_init
                0x000000000000876a       0x38 modules/hal_nordic/modules/hal_nordic/nrfx/libmodules__hal_nordic__nrfx.a(nrfx_gpiote.c.obj)
                0x000000000000876a                nrfx_gpiote_init
 .text.nrfx_gpiote_init_check
                0x00000000000087a2        0xc modules/hal_nordic/modules/hal_nordic/nrfx/libmodules__hal_nordic__nrfx.a(nrfx_gpiote.c.obj)
                0x00000000000087a2                nrfx_gpiote_init_check
 .text.nrfx_gpiote_pin_uninit
                0x00000000000087ae        0x4 modules/hal_nordic/modules/hal_nordic/nrfx/libmodules__hal_nordic__nrfx.a(nrfx_gpiote.c.obj)
                0x00000000000087ae                nrfx_gpiote_pin_uninit
 .text.nrfx_gpiote_trigger_enable
                0x00000000000087b2       0x8e modules/hal_nordic/modules/hal_nordic/nrfx/libmodules__hal_nordic__nrfx.a(nrfx_gpiote.c.obj)
                0x00000000000087b2                nrfx_gpiote_trigger_enable
 .text.nrfx_gpiote_trigger_disable
                0x0000000000008840        0x4 modules/hal_nordic/modules/hal_nordic/nrfx/libmodules__hal_nordic__nrfx.a(nrfx_gpiote.c.obj)
                0x0000000000008840                nrfx_gpiote_trigger_disable
 .text.nrfx_gpiote_in_event_get
                0x0000000000008844        0x4 modules/hal_nordic/modules/hal_nordic/nrfx/libmodules__hal_nordic__nrfx.a(nrfx_gpiote.c.obj)
                0x0000000000008844                nrfx_gpiote_in_event_get
 .text.nrfx_gpiote_irq_handler
                0x0000000000008848      0x172 modules/hal_nordic/modules/hal_nordic/nrfx/libmodules__hal_nordic__nrfx.a(nrfx_gpiote.c.obj)
                0x0000000000008848                nrfx_gpiote_irq_handler
 .text.nrf_gpio_pin_port_decode
                0x00000000000089ba       0x14 modules/hal_nordic/modules/hal_nordic/nrfx/libmodules__hal_nordic__nrfx.a(nrfx_spi.c.obj)
 .text.nrf_gpio_pin_set
                0x00000000000089ce       0x1a modules/hal_nordic/modules/hal_nordic/nrfx/libmodules__hal_nordic__nrfx.a(nrfx_spi.c.obj)
 .text.nrf_gpio_pin_clear
                0x00000000000089e8       0x1a modules/hal_nordic/modules/hal_nordic/nrfx/libmodules__hal_nordic__nrfx.a(nrfx_spi.c.obj)
 .text.transfer_byte
                0x0000000000008a02       0x66 modules/hal_nordic/modules/hal_nordic/nrfx/libmodules__hal_nordic__nrfx.a(nrfx_spi.c.obj)
 .text.irq_handler
                0x0000000000008a68       0x34 modules/hal_nordic/modules/hal_nordic/nrfx/libmodules__hal_nordic__nrfx.a(nrfx_spi.c.obj)
 .text._GetAvailWriteSpace
                0x0000000000008a9c       0x12 modules/segger/libmodules__segger.a(SEGGER_RTT.c.obj)
 .text._WriteNoCheck
                0x0000000000008aae       0x36 modules/segger/libmodules__segger.a(SEGGER_RTT.c.obj)
 .text._WriteBlocking
                0x0000000000008ae4       0x54 modules/segger/libmodules__segger.a(SEGGER_RTT.c.obj)
 .text.rtt_init
                0x0000000000008b38        0xa modules/segger/libmodules__segger.a(SEGGER_RTT_zephyr.c.obj)
 .text.zephyr_rtt_irq_lock
                0x0000000000008b42       0x10 modules/segger/libmodules__segger.a(SEGGER_RTT_zephyr.c.obj)
                0x0000000000008b42                zephyr_rtt_irq_lock
 .text.zephyr_rtt_irq_unlock
                0x0000000000008b52        0xa modules/segger/libmodules__segger.a(SEGGER_RTT_zephyr.c.obj)
                0x0000000000008b52                zephyr_rtt_irq_unlock
 .text.z_impl_k_busy_wait
                0x0000000000008b5c        0x8 zephyr/kernel/libkernel.a(busy_wait.c.obj)
                0x0000000000008b5c                z_impl_k_busy_wait
 .text.do_device_init
                0x0000000000008b64       0x30 zephyr/kernel/libkernel.a(device.c.obj)
                0x0000000000008b64                do_device_init
 .text.z_impl_device_is_ready
                0x0000000000008b94       0x16 zephyr/kernel/libkernel.a(device.c.obj)
                0x0000000000008b94                z_impl_device_is_ready
 .text.arch_system_halt
                0x0000000000008baa       0x10 zephyr/kernel/libkernel.a(fatal.c.obj)
                0x0000000000008baa                arch_system_halt
 .text.idle     0x0000000000008bba       0x16 zephyr/kernel/libkernel.a(idle.c.obj)
                0x0000000000008bba                idle
 .text.z_impl_k_sem_init
                0x0000000000008bd0       0x18 zephyr/kernel/libkernel.a(sem.c.obj)
                0x0000000000008bd0                z_impl_k_sem_init
 .text.k_is_in_isr
                0x0000000000008be8        0xc zephyr/kernel/libkernel.a(thread.c.obj)
                0x0000000000008be8                k_is_in_isr
 .text.k_thread_name_get
                0x0000000000008bf4        0x4 zephyr/kernel/libkernel.a(thread.c.obj)
                0x0000000000008bf4                k_thread_name_get
 .text.sys_dlist_remove
                0x0000000000008bf8       0x10 zephyr/kernel/libkernel.a(sched.c.obj)
 .text.unpend_thread_no_timeout
                0x0000000000008c08       0x14 zephyr/kernel/libkernel.a(sched.c.obj)
 .text.add_to_waitq_locked
                0x0000000000008c1c       0x50 zephyr/kernel/libkernel.a(sched.c.obj)
 .text.z_ready_thread
                0x0000000000008c6c       0x1e zephyr/kernel/libkernel.a(sched.c.obj)
                0x0000000000008c6c                z_ready_thread
 .text.z_unpend_thread_no_timeout
                0x0000000000008c8a       0x22 zephyr/kernel/libkernel.a(sched.c.obj)
                0x0000000000008c8a                z_unpend_thread_no_timeout
 .text.z_sched_wake_thread
                0x0000000000008cac       0x3a zephyr/kernel/libkernel.a(sched.c.obj)
                0x0000000000008cac                z_sched_wake_thread
 .text.z_thread_timeout
                0x0000000000008ce6        0x8 zephyr/kernel/libkernel.a(sched.c.obj)
                0x0000000000008ce6                z_thread_timeout
 .text.z_unpend1_no_timeout
                0x0000000000008cee       0x2c zephyr/kernel/libkernel.a(sched.c.obj)
                0x0000000000008cee                z_unpend1_no_timeout
 .text.z_impl_k_sleep
                0x0000000000008d1a       0x4e zephyr/kernel/libkernel.a(sched.c.obj)
                0x0000000000008d1a                z_impl_k_sleep
 .text.next_timeout
                0x0000000000008d68       0x2e zephyr/kernel/libkernel.a(timeout.c.obj)
 .text.z_abort_timeout
                0x0000000000008d96       0x50 zephyr/kernel/libkernel.a(timeout.c.obj)
                0x0000000000008d96                z_abort_timeout
 .text.sys_clock_tick_get_32
                0x0000000000008de6        0x8 zephyr/kernel/libkernel.a(timeout.c.obj)
                0x0000000000008de6                sys_clock_tick_get_32
 .text.z_impl_k_uptime_ticks
                0x0000000000008dee        0x4 zephyr/kernel/libkernel.a(timeout.c.obj)
                0x0000000000008dee                z_impl_k_uptime_ticks
 .text.k_timer_init
                0x0000000000008df2       0x18 zephyr/kernel/libkernel.a(timer.c.obj)
                0x0000000000008df2                k_timer_init
 .text.z_impl_k_timer_stop
                0x0000000000008e0a       0x38 zephyr/kernel/libkernel.a(timer.c.obj)
                0x0000000000008e0a                z_impl_k_timer_stop
 .text.memcpy   0x0000000000008e42       0x1c c:\ncs\toolchains\fd21892d0f\opt\zephyr-sdk\arm-zephyr-eabi\bin\../lib/gcc/../../picolibc/arm-zephyr-eabi/lib/thumb/v7e-m/nofp\libc.a(memcpy.c.o)
                0x0000000000008e42                __aeabi_memcpy
                0x0000000000008e42                __aeabi_memcpy4
                0x0000000000008e42                __aeabi_memcpy8
                0x0000000000008e42                memcpy
 .text.memset   0x0000000000008e5e       0x10 c:\ncs\toolchains\fd21892d0f\opt\zephyr-sdk\arm-zephyr-eabi\bin\../lib/gcc/../../picolibc/arm-zephyr-eabi/lib/thumb/v7e-m/nofp\libc.a(memset.c.o)
                0x0000000000008e5e                memset
 .text.strncpy  0x0000000000008e6e       0x20 c:\ncs\toolchains\fd21892d0f\opt\zephyr-sdk\arm-zephyr-eabi\bin\../lib/gcc/../../picolibc/arm-zephyr-eabi/lib/thumb/v7e-m/nofp\libc.a(libc_string_strncpy.c.o)
                0x0000000000008e6e                strncpy
 .text.strnlen  0x0000000000008e8e       0x18 c:\ncs\toolchains\fd21892d0f\opt\zephyr-sdk\arm-zephyr-eabi\bin\../lib/gcc/../../picolibc/arm-zephyr-eabi/lib/thumb/v7e-m/nofp\libc.a(libc_string_strnlen.c.o)
                0x0000000000008e8e                strnlen
 .text.__ultoa_invert
                0x0000000000008ea6       0x50 c:\ncs\toolchains\fd21892d0f\opt\zephyr-sdk\arm-zephyr-eabi\bin\../lib/gcc/../../picolibc/arm-zephyr-eabi/lib/thumb/v7e-m/nofp\libc.a(libc_tinystdio_vfprintf.c.o)
 .text.mulShiftAll64
                0x0000000000008ef6      0x176 c:\ncs\toolchains\fd21892d0f\opt\zephyr-sdk\arm-zephyr-eabi\bin\../lib/gcc/../../picolibc/arm-zephyr-eabi/lib/thumb/v7e-m/nofp\libc.a(libc_tinystdio_dtoa_ryu.c.o)
 .text.__umul128
                0x000000000000906c       0x36 c:\ncs\toolchains\fd21892d0f\opt\zephyr-sdk\arm-zephyr-eabi\bin\../lib/gcc/../../picolibc/arm-zephyr-eabi/lib/thumb/v7e-m/nofp\libc.a(libc_tinystdio_ryu_umul128.c.o)
                0x000000000000906c                __umul128
 .text.__shiftright128
                0x00000000000090a2       0x3e c:\ncs\toolchains\fd21892d0f\opt\zephyr-sdk\arm-zephyr-eabi\bin\../lib/gcc/../../picolibc/arm-zephyr-eabi/lib/thumb/v7e-m/nofp\libc.a(libc_tinystdio_ryu_umul128.c.o)
                0x00000000000090a2                __shiftright128
 .text.__dtox_engine
                0x00000000000090e0      0x128 c:\ncs\toolchains\fd21892d0f\opt\zephyr-sdk\arm-zephyr-eabi\bin\../lib/gcc/../../picolibc/arm-zephyr-eabi/lib/thumb/v7e-m/nofp\libc.a(libc_tinystdio_dtox_engine.c.o)
                0x00000000000090e0                __dtox_engine
 .text.__file_str_put
                0x0000000000009208       0x10 c:\ncs\toolchains\fd21892d0f\opt\zephyr-sdk\arm-zephyr-eabi\bin\../lib/gcc/../../picolibc/arm-zephyr-eabi/lib/thumb/v7e-m/nofp\libc.a(libc_tinystdio_filestrput.c.o)
                0x0000000000009208                __file_str_put
 *(SORT_BY_ALIGNMENT(.TEXT.*))
 .TEXT.__aeabi_read_tp
                0x0000000000009218        0xc zephyr/arch/arch/arm/core/cortex_m/libarch__arm__core__cortex_m.a(__aeabi_read_tp.S.obj)
                0x0000000000009218                __aeabi_read_tp
 *(SORT_BY_ALIGNMENT(.gnu.linkonce.t.*))
 *(SORT_BY_ALIGNMENT(.glue_7t))
 .glue_7t       0x0000000000009224        0x0 linker stubs
 *(SORT_BY_ALIGNMENT(.glue_7))
 .glue_7        0x0000000000009224        0x0 linker stubs
 *(SORT_BY_ALIGNMENT(.vfp11_veneer))
 .vfp11_veneer  0x0000000000009224        0x0 linker stubs
 *(SORT_BY_ALIGNMENT(.v4_bx))
 .v4_bx         0x0000000000009224        0x0 linker stubs
                0x0000000000009224                . = ALIGN (0x4)
                0x0000000000009224                __text_region_end = .

.ARM.exidx      0x0000000000009224        0x8
                0x0000000000009224                __exidx_start = .
 *(SORT_BY_ALIGNMENT(.ARM.exidx*) SORT_BY_ALIGNMENT(gnu.linkonce.armexidx.*))
 .ARM.exidx     0x0000000000009224        0x8 c:\ncs\toolchains\fd21892d0f\opt\zephyr-sdk\arm-zephyr-eabi\bin\../lib/gcc/../../picolibc/arm-zephyr-eabi/lib/thumb/v7e-m/nofp\libc.a(strcpy.S.o)
 .ARM.exidx     0x000000000000922c        0x0 c:\ncs\toolchains\fd21892d0f\opt\zephyr-sdk\arm-zephyr-eabi\bin\../lib/gcc/../../picolibc/arm-zephyr-eabi/lib/thumb/v7e-m/nofp\libc.a(strlen.S.o)
                                          0x8 (size before relaxing)
 .ARM.exidx     0x000000000000922c        0x0 c:/ncs/toolchains/fd21892d0f/opt/zephyr-sdk/arm-zephyr-eabi/bin/../lib/gcc/arm-zephyr-eabi/12.2.0/thumb/v7e-m/nofp\libgcc.a(_udivmoddi4.o)
                                          0x8 (size before relaxing)
                0x000000000000922c                __exidx_end = .
                0x000000000000922c                __rodata_region_start = .

initlevel       0x000000000000922c       0x60
                0x000000000000922c                __init_start = .
                0x000000000000922c                __init_EARLY_start = .
 *(SORT_BY_NAME(SORT_BY_ALIGNMENT(.z_init_EARLY_P_?_*)))
 *(SORT_BY_NAME(SORT_BY_ALIGNMENT(.z_init_EARLY_P_??_*)))
 *(SORT_BY_NAME(SORT_BY_ALIGNMENT(.z_init_EARLY_P_???_*)))
                0x000000000000922c                __init_PRE_KERNEL_1_start = .
 *(SORT_BY_NAME(SORT_BY_ALIGNMENT(.z_init_PRE_KERNEL_1_P_?_*)))
 .z_init_PRE_KERNEL_1_P_0_SUB_0_
                0x000000000000922c        0x8 zephyr/soc/soc/nrf52832/libsoc__nordic.a(soc.c.obj)
 .z_init_PRE_KERNEL_1_P_0_SUB_0_
                0x0000000000009234        0x8 zephyr/soc/soc/nrf52832/libsoc__nordic.a(gppi_init.c.obj)
 *(SORT_BY_NAME(SORT_BY_ALIGNMENT(.z_init_PRE_KERNEL_1_P_??_*)))
 .z_init_PRE_KERNEL_1_P_30_SUB_00062_
                0x000000000000923c        0x8 zephyr/drivers/clock_control/libdrivers__clock_control.a(clock_control_nrf.c.obj)
 .z_init_PRE_KERNEL_1_P_30_SUB_0_
                0x0000000000009244        0x8 modules/segger/libmodules__segger.a(SEGGER_RTT_zephyr.c.obj)
 .z_init_PRE_KERNEL_1_P_40_SUB_00011_
                0x000000000000924c        0x8 zephyr/drivers/gpio/libdrivers__gpio.a(gpio_nrfx.c.obj)
 .z_init_PRE_KERNEL_1_P_40_SUB_0_
                0x0000000000009254        0x8 zephyr/drivers/console/libdrivers__console.a(rtt_console.c.obj)
 .z_init_PRE_KERNEL_1_P_50_SUB_00095_
                0x000000000000925c        0x8 zephyr/drivers/serial/libdrivers__serial.a(uart_nrfx_uarte.c.obj)
 *(SORT_BY_NAME(SORT_BY_ALIGNMENT(.z_init_PRE_KERNEL_1_P_???_*)))
                0x0000000000009264                __init_PRE_KERNEL_2_start = .
 *(SORT_BY_NAME(SORT_BY_ALIGNMENT(.z_init_PRE_KERNEL_2_P_?_*)))
 .z_init_PRE_KERNEL_2_P_0_SUB_0_
                0x0000000000009264        0x8 zephyr/drivers/timer/libdrivers__timer.a(nrf_rtc_timer.c.obj)
 *(SORT_BY_NAME(SORT_BY_ALIGNMENT(.z_init_PRE_KERNEL_2_P_??_*)))
 *(SORT_BY_NAME(SORT_BY_ALIGNMENT(.z_init_PRE_KERNEL_2_P_???_*)))
                0x000000000000926c                __init_POST_KERNEL_start = .
 *(SORT_BY_NAME(SORT_BY_ALIGNMENT(.z_init_POST_KERNEL_P_?_*)))
 .z_init_POST_KERNEL_P_0_SUB_0_
                0x000000000000926c        0x8 zephyr/libzephyr.a(log_core.c.obj)
 *(SORT_BY_NAME(SORT_BY_ALIGNMENT(.z_init_POST_KERNEL_P_??_*)))
 .z_init_POST_KERNEL_P_35_SUB_0_
                0x0000000000009274        0x8 zephyr/lib/libc/common/liblib__libc__common.a(malloc.c.obj)
 .z_init_POST_KERNEL_P_50_SUB_00088_
                0x000000000000927c        0x8 zephyr/drivers/spi/libdrivers__spi.a(spi_nrfx_spi.c.obj)
 .z_init_POST_KERNEL_P_50_SUB_00112_
                0x0000000000009284        0x8 zephyr/drivers/spi/libdrivers__spi.a(spi_nrfx_spi.c.obj)
 *(SORT_BY_NAME(SORT_BY_ALIGNMENT(.z_init_POST_KERNEL_P_???_*)))
                0x000000000000928c                __init_APPLICATION_start = .
 *(SORT_BY_NAME(SORT_BY_ALIGNMENT(.z_init_APPLICATION_P_?_*)))
 *(SORT_BY_NAME(SORT_BY_ALIGNMENT(.z_init_APPLICATION_P_??_*)))
 *(SORT_BY_NAME(SORT_BY_ALIGNMENT(.z_init_APPLICATION_P_???_*)))
                0x000000000000928c                __init_SMP_start = .
 *(SORT_BY_NAME(SORT_BY_ALIGNMENT(.z_init_SMP_P_?_*)))
 *(SORT_BY_NAME(SORT_BY_ALIGNMENT(.z_init_SMP_P_??_*)))
 *(SORT_BY_NAME(SORT_BY_ALIGNMENT(.z_init_SMP_P_???_*)))
                0x000000000000928c                __init_end = .

device_area     0x000000000000928c       0xa0
                0x000000000000928c                _device_list_start = .
 *(SORT_BY_NAME(SORT_BY_ALIGNMENT(._device.static.*_?_*)))
 *(SORT_BY_NAME(SORT_BY_ALIGNMENT(._device.static.*_??_*)))
 ._device.static.1_30_
                0x000000000000928c       0x20 zephyr/drivers/clock_control/libdrivers__clock_control.a(clock_control_nrf.c.obj)
                0x000000000000928c                __device_dts_ord_62
 ._device.static.1_40_
                0x00000000000092ac       0x20 zephyr/drivers/gpio/libdrivers__gpio.a(gpio_nrfx.c.obj)
                0x00000000000092ac                __device_dts_ord_11
 ._device.static.1_50_
                0x00000000000092cc       0x20 zephyr/drivers/serial/libdrivers__serial.a(uart_nrfx_uarte.c.obj)
                0x00000000000092cc                __device_dts_ord_95
 ._device.static.3_50_
                0x00000000000092ec       0x40 zephyr/drivers/spi/libdrivers__spi.a(spi_nrfx_spi.c.obj)
                0x00000000000092ec                __device_dts_ord_112
                0x000000000000930c                __device_dts_ord_88
 *(SORT_BY_NAME(SORT_BY_ALIGNMENT(._device.static.*_???_*)))
 *(SORT_BY_NAME(SORT_BY_ALIGNMENT(._device.static.*_????_*)))
 *(SORT_BY_NAME(SORT_BY_ALIGNMENT(._device.static.*_?????_*)))
                0x000000000000932c                _device_list_end = .

sw_isr_table    0x000000000000932c      0x138
                0x000000000000932c                . = ALIGN (0x4)
 *(SORT_BY_ALIGNMENT(.gnu.linkonce.sw_isr_table*))
 .gnu.linkonce.sw_isr_table
                0x000000000000932c      0x138 zephyr/arch/common/libisr_tables.a(isr_tables.c.obj)
                0x000000000000932c                _sw_isr_table

initlevel_error
                0x000000000000922c        0x0
 *(SORT_BY_NAME(SORT_BY_ALIGNMENT(.z_init_*)))
                0x0000000000000001                ASSERT ((SIZEOF (initlevel_error) == 0x0), Undefined initialization levels used.)

app_shmem_regions
                0x0000000000009464        0x0
                0x0000000000009464                __app_shmem_regions_start = .
 *(SORT_BY_NAME(SORT_BY_ALIGNMENT(.app_regions.*)))
                0x0000000000009464                __app_shmem_regions_end = .

k_p4wq_initparam_area
                0x0000000000009464        0x0
                0x0000000000009464                _k_p4wq_initparam_list_start = .
 *(SORT_BY_NAME(SORT_BY_ALIGNMENT(._k_p4wq_initparam.static.*)))
                0x0000000000009464                _k_p4wq_initparam_list_end = .

_static_thread_data_area
                0x0000000000009464        0x0
                0x0000000000009464                __static_thread_data_list_start = .
 *(SORT_BY_NAME(SORT_BY_ALIGNMENT(.__static_thread_data.static.*)))
                0x0000000000009464                __static_thread_data_list_end = .

device_deps     0x0000000000009464        0x0
                0x0000000000009464                __device_deps_start = .
 *(SORT_BY_NAME(SORT_BY_ALIGNMENT(.__device_deps_pass2*)))
                0x0000000000009464                __device_deps_end = .

gpio_driver_api_area
                0x0000000000009464       0x24
                0x0000000000009464                _gpio_driver_api_list_start = .
 *(SORT_BY_NAME(SORT_BY_ALIGNMENT(._gpio_driver_api.static.*)))
 ._gpio_driver_api.static.gpio_nrfx_drv_api_funcs_
                0x0000000000009464       0x24 zephyr/drivers/gpio/libdrivers__gpio.a(gpio_nrfx.c.obj)
                0x0000000000009488                _gpio_driver_api_list_end = .

spi_driver_api_area
                0x0000000000009488        0x8
                0x0000000000009488                _spi_driver_api_list_start = .
 *(SORT_BY_NAME(SORT_BY_ALIGNMENT(._spi_driver_api.static.*)))
 ._spi_driver_api.static.spi_nrfx_driver_api_
                0x0000000000009488        0x8 zephyr/drivers/spi/libdrivers__spi.a(spi_nrfx_spi.c.obj)
                0x0000000000009490                _spi_driver_api_list_end = .

shared_irq_driver_api_area
                0x0000000000009490        0x0
                0x0000000000009490                _shared_irq_driver_api_list_start = .
 *(SORT_BY_NAME(SORT_BY_ALIGNMENT(._shared_irq_driver_api.static.*)))
                0x0000000000009490                _shared_irq_driver_api_list_end = .

crypto_driver_api_area
                0x0000000000009490        0x0
                0x0000000000009490                _crypto_driver_api_list_start = .
 *(SORT_BY_NAME(SORT_BY_ALIGNMENT(._crypto_driver_api.static.*)))
                0x0000000000009490                _crypto_driver_api_list_end = .

adc_driver_api_area
                0x0000000000009490        0x0
                0x0000000000009490                _adc_driver_api_list_start = .
 *(SORT_BY_NAME(SORT_BY_ALIGNMENT(._adc_driver_api.static.*)))
                0x0000000000009490                _adc_driver_api_list_end = .

auxdisplay_driver_api_area
                0x0000000000009490        0x0
                0x0000000000009490                _auxdisplay_driver_api_list_start = .
 *(SORT_BY_NAME(SORT_BY_ALIGNMENT(._auxdisplay_driver_api.static.*)))
                0x0000000000009490                _auxdisplay_driver_api_list_end = .

bbram_driver_api_area
                0x0000000000009490        0x0
                0x0000000000009490                _bbram_driver_api_list_start = .
 *(SORT_BY_NAME(SORT_BY_ALIGNMENT(._bbram_driver_api.static.*)))
                0x0000000000009490                _bbram_driver_api_list_end = .

bt_hci_driver_api_area
                0x0000000000009490        0x0
                0x0000000000009490                _bt_hci_driver_api_list_start = .
 *(SORT_BY_NAME(SORT_BY_ALIGNMENT(._bt_hci_driver_api.static.*)))
                0x0000000000009490                _bt_hci_driver_api_list_end = .

can_driver_api_area
                0x0000000000009490        0x0
                0x0000000000009490                _can_driver_api_list_start = .
 *(SORT_BY_NAME(SORT_BY_ALIGNMENT(._can_driver_api.static.*)))
                0x0000000000009490                _can_driver_api_list_end = .

cellular_driver_api_area
                0x0000000000009490        0x0
                0x0000000000009490                _cellular_driver_api_list_start = .
 *(SORT_BY_NAME(SORT_BY_ALIGNMENT(._cellular_driver_api.static.*)))
                0x0000000000009490                _cellular_driver_api_list_end = .

charger_driver_api_area
                0x0000000000009490        0x0
                0x0000000000009490                _charger_driver_api_list_start = .
 *(SORT_BY_NAME(SORT_BY_ALIGNMENT(._charger_driver_api.static.*)))
                0x0000000000009490                _charger_driver_api_list_end = .

clock_control_driver_api_area
                0x0000000000009490       0x1c
                0x0000000000009490                _clock_control_driver_api_list_start = .
 *(SORT_BY_NAME(SORT_BY_ALIGNMENT(._clock_control_driver_api.static.*)))
 ._clock_control_driver_api.static.clock_control_api_
                0x0000000000009490       0x1c zephyr/drivers/clock_control/libdrivers__clock_control.a(clock_control_nrf.c.obj)
                0x00000000000094ac                _clock_control_driver_api_list_end = .

comparator_driver_api_area
                0x00000000000094ac        0x0
                0x00000000000094ac                _comparator_driver_api_list_start = .
 *(SORT_BY_NAME(SORT_BY_ALIGNMENT(._comparator_driver_api.static.*)))
                0x00000000000094ac                _comparator_driver_api_list_end = .

coredump_driver_api_area
                0x00000000000094ac        0x0
                0x00000000000094ac                _coredump_driver_api_list_start = .
 *(SORT_BY_NAME(SORT_BY_ALIGNMENT(._coredump_driver_api.static.*)))
                0x00000000000094ac                _coredump_driver_api_list_end = .

counter_driver_api_area
                0x00000000000094ac        0x0
                0x00000000000094ac                _counter_driver_api_list_start = .
 *(SORT_BY_NAME(SORT_BY_ALIGNMENT(._counter_driver_api.static.*)))
                0x00000000000094ac                _counter_driver_api_list_end = .

crc_driver_api_area
                0x00000000000094ac        0x0
                0x00000000000094ac                _crc_driver_api_list_start = .
 *(SORT_BY_NAME(SORT_BY_ALIGNMENT(._crc_driver_api.static.*)))
                0x00000000000094ac                _crc_driver_api_list_end = .

dac_driver_api_area
                0x00000000000094ac        0x0
                0x00000000000094ac                _dac_driver_api_list_start = .
 *(SORT_BY_NAME(SORT_BY_ALIGNMENT(._dac_driver_api.static.*)))
                0x00000000000094ac                _dac_driver_api_list_end = .

dai_driver_api_area
                0x00000000000094ac        0x0
                0x00000000000094ac                _dai_driver_api_list_start = .
 *(SORT_BY_NAME(SORT_BY_ALIGNMENT(._dai_driver_api.static.*)))
                0x00000000000094ac                _dai_driver_api_list_end = .

display_driver_api_area
                0x00000000000094ac        0x0
                0x00000000000094ac                _display_driver_api_list_start = .
 *(SORT_BY_NAME(SORT_BY_ALIGNMENT(._display_driver_api.static.*)))
                0x00000000000094ac                _display_driver_api_list_end = .

dma_driver_api_area
                0x00000000000094ac        0x0
                0x00000000000094ac                _dma_driver_api_list_start = .
 *(SORT_BY_NAME(SORT_BY_ALIGNMENT(._dma_driver_api.static.*)))
                0x00000000000094ac                _dma_driver_api_list_end = .

edac_driver_api_area
                0x00000000000094ac        0x0
                0x00000000000094ac                _edac_driver_api_list_start = .
 *(SORT_BY_NAME(SORT_BY_ALIGNMENT(._edac_driver_api.static.*)))
                0x00000000000094ac                _edac_driver_api_list_end = .

eeprom_driver_api_area
                0x00000000000094ac        0x0
                0x00000000000094ac                _eeprom_driver_api_list_start = .
 *(SORT_BY_NAME(SORT_BY_ALIGNMENT(._eeprom_driver_api.static.*)))
                0x00000000000094ac                _eeprom_driver_api_list_end = .

emul_bbram_driver_api_area
                0x00000000000094ac        0x0
                0x00000000000094ac                _emul_bbram_driver_api_list_start = .
 *(SORT_BY_NAME(SORT_BY_ALIGNMENT(._emul_bbram_driver_api.static.*)))
                0x00000000000094ac                _emul_bbram_driver_api_list_end = .

fuel_gauge_emul_driver_api_area
                0x00000000000094ac        0x0
                0x00000000000094ac                _fuel_gauge_emul_driver_api_list_start = .
 *(SORT_BY_NAME(SORT_BY_ALIGNMENT(._fuel_gauge_emul_driver_api.static.*)))
                0x00000000000094ac                _fuel_gauge_emul_driver_api_list_end = .

emul_sensor_driver_api_area
                0x00000000000094ac        0x0
                0x00000000000094ac                _emul_sensor_driver_api_list_start = .
 *(SORT_BY_NAME(SORT_BY_ALIGNMENT(._emul_sensor_driver_api.static.*)))
                0x00000000000094ac                _emul_sensor_driver_api_list_end = .

entropy_driver_api_area
                0x00000000000094ac        0x0
                0x00000000000094ac                _entropy_driver_api_list_start = .
 *(SORT_BY_NAME(SORT_BY_ALIGNMENT(._entropy_driver_api.static.*)))
                0x00000000000094ac                _entropy_driver_api_list_end = .

espi_driver_api_area
                0x00000000000094ac        0x0
                0x00000000000094ac                _espi_driver_api_list_start = .
 *(SORT_BY_NAME(SORT_BY_ALIGNMENT(._espi_driver_api.static.*)))
                0x00000000000094ac                _espi_driver_api_list_end = .

espi_saf_driver_api_area
                0x00000000000094ac        0x0
                0x00000000000094ac                _espi_saf_driver_api_list_start = .
 *(SORT_BY_NAME(SORT_BY_ALIGNMENT(._espi_saf_driver_api.static.*)))
                0x00000000000094ac                _espi_saf_driver_api_list_end = .

flash_driver_api_area
                0x00000000000094ac        0x0